Component: ARM Compiler 5.06 update 6 (build 750) Tool: armlink [4d35ed]

==============================================================================

Section Cross References

    main.o(i.advertising_start) refers to nrf_log_frontend.o(i.nrf_log_frontend_std_0) for nrf_log_frontend_std_0
    main.o(i.advertising_start) refers to peer_manager.o(i.pm_peers_delete) for pm_peers_delete
    main.o(i.advertising_start) refers to ble_advertising.o(i.ble_advertising_start) for ble_advertising_start
    main.o(i.advertising_start) refers to app_error.o(i.app_error_handler_bare) for app_error_handler_bare
    main.o(i.advertising_start) refers to nrf_log_frontend.o(log_const_data) for m_nrf_log_app_logs_data_const
    main.o(i.advertising_start) refers to main.o(.bss) for .bss
    main.o(i.assert_nrf_callback) refers to app_error_handler_keil.o(.emb_text) for app_error_handler
    main.o(i.ble_evt_handler) refers to nrf_log_frontend.o(i.nrf_log_frontend_std_0) for nrf_log_frontend_std_0
    main.o(i.ble_evt_handler) refers to bsp.o(i.bsp_indication_set) for bsp_indication_set
    main.o(i.ble_evt_handler) refers to app_error.o(i.app_error_handler_bare) for app_error_handler_bare
    main.o(i.ble_evt_handler) refers to nrf_ble_qwr.o(i.nrf_ble_qwr_conn_handle_assign) for nrf_ble_qwr_conn_handle_assign
    main.o(i.ble_evt_handler) refers to nrf_log_frontend.o(log_const_data) for m_nrf_log_app_logs_data_const
    main.o(i.ble_evt_handler) refers to main.o(.data) for .data
    main.o(i.ble_evt_handler) refers to main.o(.bss) for .bss
    main.o(i.bsp_event_handler) refers to main.o(i.sleep_mode_enter) for sleep_mode_enter
    main.o(i.bsp_event_handler) refers to app_error.o(i.app_error_handler_bare) for app_error_handler_bare
    main.o(i.bsp_event_handler) refers to ble_advertising.o(i.ble_advertising_restart_without_whitelist) for ble_advertising_restart_without_whitelist
    main.o(i.bsp_event_handler) refers to main.o(.data) for .data
    main.o(i.bsp_event_handler) refers to main.o(.bss) for .bss
    main.o(i.conn_params_error_handler) refers to app_error.o(i.app_error_handler_bare) for app_error_handler_bare
    main.o(i.main) refers to nrf_log_frontend.o(i.nrf_log_init) for nrf_log_init
    main.o(i.main) refers to app_error.o(i.app_error_handler_bare) for app_error_handler_bare
    main.o(i.main) refers to nrf_log_default_backends.o(i.nrf_log_default_backends_init) for nrf_log_default_backends_init
    main.o(i.main) refers to app_timer2.o(i.app_timer_init) for app_timer_init
    main.o(i.main) refers to bsp.o(i.bsp_init) for bsp_init
    main.o(i.main) refers to bsp_btn_ble.o(i.bsp_btn_ble_init) for bsp_btn_ble_init
    main.o(i.main) refers to nrf_pwr_mgmt.o(i.nrf_pwr_mgmt_init) for nrf_pwr_mgmt_init
    main.o(i.main) refers to nrf_sdh.o(i.nrf_sdh_enable_request) for nrf_sdh_enable_request
    main.o(i.main) refers to nrf_sdh_ble.o(i.nrf_sdh_ble_default_cfg_set) for nrf_sdh_ble_default_cfg_set
    main.o(i.main) refers to nrf_sdh_ble.o(i.nrf_sdh_ble_enable) for nrf_sdh_ble_enable
    main.o(i.main) refers to nrf_ble_gatt.o(i.nrf_ble_gatt_init) for nrf_ble_gatt_init
    main.o(i.main) refers to memseta.o(.text) for __aeabi_memclr4
    main.o(i.main) refers to ble_advertising.o(i.ble_advertising_init) for ble_advertising_init
    main.o(i.main) refers to ble_advertising.o(i.ble_advertising_conn_cfg_tag_set) for ble_advertising_conn_cfg_tag_set
    main.o(i.main) refers to nrf_ble_qwr.o(i.nrf_ble_qwr_init) for nrf_ble_qwr_init
    main.o(i.main) refers to ble_conn_params.o(i.ble_conn_params_init) for ble_conn_params_init
    main.o(i.main) refers to main.o(i.peer_manager_init) for peer_manager_init
    main.o(i.main) refers to nrf_log_frontend.o(i.nrf_log_frontend_std_0) for nrf_log_frontend_std_0
    main.o(i.main) refers to main.o(i.advertising_start) for advertising_start
    main.o(i.main) refers to nrf_log_frontend.o(i.nrf_log_frontend_dequeue) for nrf_log_frontend_dequeue
    main.o(i.main) refers to nrf_pwr_mgmt.o(i.nrf_pwr_mgmt_run) for nrf_pwr_mgmt_run
    main.o(i.main) refers to main.o(i.bsp_event_handler) for bsp_event_handler
    main.o(i.main) refers to main.o(.bss) for .bss
    main.o(i.main) refers to main.o(.data) for .data
    main.o(i.main) refers to main.o(i.on_adv_evt) for on_adv_evt
    main.o(i.main) refers to main.o(i.nrf_qwr_error_handler) for nrf_qwr_error_handler
    main.o(i.main) refers to main.o(i.on_conn_params_evt) for on_conn_params_evt
    main.o(i.main) refers to main.o(i.conn_params_error_handler) for conn_params_error_handler
    main.o(i.main) refers to nrf_log_frontend.o(log_const_data) for m_nrf_log_app_logs_data_const
    main.o(i.nrf_qwr_error_handler) refers to app_error.o(i.app_error_handler_bare) for app_error_handler_bare
    main.o(i.on_adv_evt) refers to nrf_log_frontend.o(i.nrf_log_frontend_std_0) for nrf_log_frontend_std_0
    main.o(i.on_adv_evt) refers to bsp.o(i.bsp_indication_set) for bsp_indication_set
[...]
    peer_id_is_allocated                     0x000076cd   Thumb Code    16  peer_id.o(i.peer_id_is_allocated)
    peer_id_is_deleted                       0x000076e1   Thumb Code    16  peer_id.o(i.peer_id_is_deleted)
    pm_buffer_block_acquire                  0x000077c5   Thumb Code   100  pm_buffer.o(i.pm_buffer_block_acquire)
    pm_buffer_init                           0x00007829   Thumb Code    36  pm_buffer.o(i.pm_buffer_init)
    pm_buffer_ptr_get                        0x0000784d   Thumb Code    40  pm_buffer.o(i.pm_buffer_ptr_get)
    pm_buffer_release                        0x00007875   Thumb Code    50  pm_buffer.o(i.pm_buffer_release)
    pm_conn_sec_status_get                   0x000078a9   Thumb Code    14  peer_manager.o(i.pm_conn_sec_status_get)
    pm_conn_secure                           0x000078bd   Thumb Code    24  peer_manager.o(i.pm_conn_secure)
    pm_gcm_evt_handler                       0x000078f9   Thumb Code     4  peer_manager.o(i.pm_gcm_evt_handler)
    pm_gscm_evt_handler                      0x000078fd   Thumb Code     4  peer_manager.o(i.pm_gscm_evt_handler)
    pm_handler_flash_clean                   0x00007901   Thumb Code   398  peer_manager_handler.o(i.pm_handler_flash_clean)
    pm_handler_flash_clean_on_return         0x00007b45   Thumb Code    24  peer_manager_handler.o(i.pm_handler_flash_clean_on_return)
    pm_handler_on_pm_evt                     0x00007b61   Thumb Code    64  peer_manager_handler.o(i.pm_handler_on_pm_evt)
    pm_handler_pm_evt_log                    0x00007bb5   Thumb Code   330  peer_manager_handler.o(i.pm_handler_pm_evt_log)
    pm_im_evt_handler                        0x00007ec5   Thumb Code     4  peer_manager.o(i.pm_im_evt_handler)
    pm_init                                  0x00007ec9   Thumb Code   162  peer_manager.o(i.pm_init)
    pm_pdb_evt_handler                       0x00008085   Thumb Code   276  peer_manager.o(i.pm_pdb_evt_handler)
    pm_peer_delete                           0x0000819d   Thumb Code    14  peer_manager.o(i.pm_peer_delete)
    pm_peer_rank_highest                     0x000081b1   Thumb Code   204  peer_manager.o(i.pm_peer_rank_highest)
    pm_peer_ranks_get                        0x000082cd   Thumb Code   216  peer_manager.o(i.pm_peer_ranks_get)
    pm_peers_delete                          0x000083b5   Thumb Code   126  peer_manager.o(i.pm_peers_delete)
    pm_register                              0x00008449   Thumb Code    34  peer_manager.o(i.pm_register)
    pm_sec_params_set                        0x00008475   Thumb Code    14  peer_manager.o(i.pm_sec_params_set)
    pm_sm_evt_handler                        0x00008489   Thumb Code    10  peer_manager.o(i.pm_sm_evt_handler)
    sm_ble_evt_handler                       0x00009481   Thumb Code    32  security_manager.o(i.sm_ble_evt_handler)
    sm_conn_sec_status_get                   0x000094ad   Thumb Code   162  security_manager.o(i.sm_conn_sec_status_get)
    sm_init                                  0x00009551   Thumb Code    72  security_manager.o(i.sm_init)
    sm_link_secure                           0x000095a9   Thumb Code    10  security_manager.o(i.sm_link_secure)
    sm_pdb_evt_handler                       0x000095b5   Thumb Code    56  security_manager.o(i.sm_pdb_evt_handler)
    sm_sec_is_sufficient                     0x000095f9   Thumb Code    36  security_manager.o(i.sm_sec_is_sufficient)
    sm_sec_params_set                        0x00009621   Thumb Code    46  security_manager.o(i.sm_sec_params_set)
    sm_smd_evt_handler                       0x00009655   Thumb Code    44  security_manager.o(i.sm_smd_evt_handler)
    smd_ble_evt_handler                      0x00009681   Thumb Code   234  security_dispatcher.o(i.smd_ble_evt_handler)
    smd_init                                 0x00009775   Thumb Code    88  security_dispatcher.o(i.smd_init)
    smd_link_secure                          0x000097dd   Thumb Code    40  security_dispatcher.o(i.smd_link_secure)
    smd_params_reply                         0x00009805   Thumb Code   162  security_dispatcher.o(i.smd_params_reply)
    store_car_value                          0x00009a71   Thumb Code    88  gatt_cache_manager.o(i.store_car_value)
    write_buf_store                          0x0000a299   Thumb Code   202  peer_database.o(i.write_buf_store)
    nrf_fstorage_sd                          0x0000a980   Data          32  nrf_fstorage_sd.o(.constdata)
    nrf_log_backend_uart_api                 0x0000ab00   Data          12  nrf_log_backend_uart.o(.constdata)
    m_ram_start                              0x0000abb0   Data           4  nrf_sdh_ble.o(.constdata)
    __ctype_table                            0x0000abdc   Data         129  ctype_o.o(.constdata)
    Region$$Table$$Base                      0x0000c20c   Number         0  anon$$obj.o(Region$$Table)
    Region$$Table$$Limit                     0x0000c22c   Number         0  anon$$obj.o(Region$$Table)
    log_const_data$$Base                     0x0000c23c   Number         0  gatt_cache_manager.o(log_const_data)
    m_nrf_log_peer_manager_gcm_logs_data_const 0x0000c23c   Data           8  gatt_cache_manager.o(log_const_data)
    m_nrf_log_peer_manager_gscm_logs_data_const 0x0000c244   Data           8  gatts_cache_manager.o(log_const_data)
    m_nrf_log_peer_manager_im_logs_data_const 0x0000c24c   Data           8  id_manager.o(log_const_data)
    m_nrf_log_nrf_ble_gatt_logs_data_const   0x0000c254   Data           8  nrf_ble_gatt.o(log_const_data)
    m_nrf_log_peer_manager_pds_logs_data_const 0x0000c25c   Data           8  peer_data_storage.o(log_const_data)
    m_nrf_log_peer_manager_pdb_logs_data_const 0x0000c264   Data           8  peer_database.o(log_const_data)
    m_nrf_log_peer_manager_logs_data_const   0x0000c26c   Data           8  peer_manager.o(log_const_data)
    m_nrf_log_peer_manager_handler_logs_data_const 0x0000c274   Data           8  peer_manager_handler.o(log_const_data)
    m_nrf_log_peer_manager_smd_logs_data_const 0x0000c27c   Data           8  security_dispatcher.o(log_const_data)
    m_nrf_log_peer_manager_sm_logs_data_const 0x0000c284   Data           8  security_manager.o(log_const_data)
    m_nrf_log_clock_logs_data_const          0x0000c28c   Data           8  nrf_drv_clock.o(log_const_data)
    m_nrf_log_CLOCK_logs_data_const          0x0000c294   Data           8  nrfx_clock.o(log_const_data)
    m_nrf_log_GPIOTE_logs_data_const         0x0000c29c   Data           8  nrfx_gpiote.o(log_const_data)
    m_nrf_log_PRS_logs_data_const            0x0000c2a4   Data           8  nrfx_prs.o(log_const_data)
    m_nrf_log_UART_logs_data_const           0x0000c2ac   Data           8  nrfx_uart.o(log_const_data)
    m_nrf_log_UARTE_logs_data_const          0x0000c2b4   Data           8  nrfx_uarte.o(log_const_data)
    m_nrf_log_app_button_logs_data_const     0x0000c2bc   Data           8  app_button.o(log_const_data)
    m_nrf_log_app_timer_logs_data_const      0x0000c2c4   Data           8  app_timer2.o(log_const_data)
    m_nrf_log_nrf_fstorage_logs_data_const   0x0000c2cc   Data           8  nrf_fstorage.o(log_const_data)
    m_nrf_log_pwr_mgmt_logs_data_const       0x0000c2d4   Data           8  nrf_pwr_mgmt.o(log_const_data)
    m_nrf_log_sortlist_logs_data_const       0x0000c2dc   Data           8  nrf_sortlist.o(log_const_data)
    m_nrf_log_app_logs_data_const            0x0000c2e4   Data           8  nrf_log_frontend.o(log_const_data)
    m_nrf_log_nrf_sdh_logs_data_const        0x0000c2ec   Data           8  nrf_sdh.o(log_const_data)
    m_nrf_log_nrf_sdh_ble_logs_data_const    0x0000c2f4   Data           8  nrf_sdh_ble.o(log_const_data)
    m_nrf_log_nrf_sdh_soc_logs_data_const    0x0000c2fc   Data           8  nrf_sdh_soc.o(log_const_data)
    log_const_data$$Limit                    0x0000c304   Number         0  nrf_sdh_soc.o(log_const_data)
    log_mempool                              0x0000c304   Data          20  nrf_log_frontend.o(nrf_balloc)
    sdh_ble_observers0$$Base                 0x0000c318   Number         0  ble_conn_state.o(sdh_ble_observers0)
    sdh_ble_observers0$$Limit                0x0000c320   Number         0  ble_conn_state.o(sdh_ble_observers0)
    sdh_ble_observers1$$Base                 0x0000c320   Number         0  main.o(sdh_ble_observers1)
    sdh_ble_observers1$$Limit                0x0000c348   Number         0  peer_manager.o(sdh_ble_observers1)
    sdh_ble_observers2$$Base                 0x0000c348   Number         0  main.o(sdh_ble_observers2)
    sdh_ble_observers2$$Limit                0x0000c350   Number         0  main.o(sdh_ble_observers2)
    sdh_ble_observers3$$Base                 0x0000c350   Number         0  main.o(sdh_ble_observers3)
    m_req_obs                                0x0000c358   Data           8  nrf_fstorage_sd.o(sdh_req_observers0)
    sdh_ble_observers3$$Limit                0x0000c358   Number         0  main.o(sdh_ble_observers3)
    sdh_req_observers0$$Base                 0x0000c358   Number         0  nrf_fstorage_sd.o(sdh_req_observers0)
    sdh_req_observers0$$Limit                0x0000c360   Number         0  nrf_fstorage_sd.o(sdh_req_observers0)
    sdh_soc_observers0$$Base                 0x0000c360   Number         0  nrf_drv_clock.o(sdh_soc_observers0)
    sdh_soc_observers0$$Limit                0x0000c370   Number         0  nrf_fstorage_sd.o(sdh_soc_observers0)
    sdh_stack_observers0$$Base               0x0000c370   Number         0  nrf_sdh_ble.o(sdh_stack_observers0)
    sdh_stack_observers0$$Limit              0x0000c380   Number         0  nrf_sdh_soc.o(sdh_stack_observers0)
    sdh_state_observers0$$Base               0x0000c380   Number         0  nrf_drv_clock.o(sdh_state_observers0)
    sdh_state_observers0$$Limit              0x0000c390   Number         0  nrf_fstorage_sd.o(sdh_state_observers0)
    Image$$RW_IRAM1$$Base                    0x20000000   Number         0  anon$$obj.o ABSOLUTE
    nrf_drv_uart_use_easy_dma                0x200000e8   Data           2  nrf_drv_uart.o(.data)
    m_uart                                   0x2000019c   Data          20  nrf_log_backend_uart.o(.data)
    SystemCoreClock                          0x20000210   Data           4  system_nrf52840.o(.data)
    fs_data$$Base                            0x20000214   Number         0  fds.o(fs_data)
    m_fs                                     0x20000214   Data          20  fds.o(fs_data)
    fs_data$$Limit                           0x20000228   Number         0  fds.o(fs_data)
    nrf_nvic_state                           0x20000c18   Data          12  app_util_platform.o(.bss)
    __initial_sp                             0x20003388   Data           0  arm_startup_nrf52840.o(STACK)



==============================================================================

Memory Map of the image

  Image Entry point : 0x00000201

  Load Region LR_IROM1 (Base: 0x00000000, Size: 0x0000c5b8, Max: 0x00100000, ABSOLUTE, COMPRESSED[0x0000c424])

    Execution Region ER_IROM1 (Exec base: 0x00000000, Load base: 0x00000000, Size: 0x0000c390, Max: 0x00100000, ABSOLUTE)

    Exec Addr    Load Addr    Size         Type   Attr      Idx    E Section Name        Object

    0x00000000   0x00000000   0x00000200   Data   RO         7144    RESET               arm_startup_nrf52840.o
    0x00000200   0x00000200   0x00000000   Code   RO         7200  * .ARM.Collect$$$$00000000  mc_w.l(entry.o)
    0x00000200   0x00000200   0x00000004   Code   RO         7254    .ARM.Collect$$$$00000001  mc_w.l(entry2.o)
    0x00000204   0x00000204   0x00000004   Code   RO         7257    .ARM.Collect$$$$00000004  mc_w.l(entry5.o)
    0x00000208   0x00000208   0x00000000   Code   RO         7259    .ARM.Collect$$$$00000008  mc_w.l(entry7b.o)
    0x00000208   0x00000208   0x00000000   Code   RO         7261    .ARM.Collect$$$$0000000A  mc_w.l(entry8b.o)
    0x00000208   0x00000208   0x00000008   Code   RO         7262    .ARM.Collect$$$$0000000B  mc_w.l(entry9a.o)
    0x00000210   0x00000210   0x00000000   Code   RO         7264    .ARM.Collect$$$$0000000D  mc_w.l(entry10a.o)
    0x00000210   0x00000210   0x00000000   Code   RO         7266    .ARM.Collect$$$$0000000F  mc_w.l(entry11a.o)
    0x00000210   0x00000210   0x00000004   Code   RO         7255    .ARM.Collect$$$$00002712  mc_w.l(entry2.o)
    0x00000214   0x00000214   0x000000c8   Code   RO         5216    .emb_text           nrf_atfifo.o
    0x000002dc   0x000002dc   0x000000e2   Code   RO         5352    .emb_text           nrf_atomic.o
    0x000003be   0x000003be   0x00000002   PAD
    0x000003c0   0x000003c0   0x00000024   Code   RO         7145    .text               arm_startup_nrf52840.o
    0x000003e4   0x000003e4   0x00000062   Code   RO         7208    .text               mc_w.l(uldiv.o)
    0x00000446   0x00000446   0x0000001e   Code   RO         7210    .text               mc_w.l(llshl.o)
    0x00000464   0x00000464   0x00000008   Code   RO         7212    .text               mc_w.l(ctype_o.o)
    0x0000046c   0x0000046c   0x00000024   Code   RO         7240    .text               mc_w.l(memcpya.o)
    0x00000490   0x00000490   0x00000024   Code   RO         7242    .text               mc_w.l(memseta.o)
    0x000004b4   0x000004b4   0x0000000e   Code   RO         7244    .text               mc_w.l(strlen.o)
    0x000004c2   0x000004c2   0x0000001a   Code   RO         7248    .text               mc_w.l(memcmp.o)
    0x000004dc   0x000004dc   0x00000020   Code   RO         7269    .text               mc_w.l(llushr.o)
    0x000004fc   0x000004fc   0x00000024   Code   RO         7272    .text               mc_w.l(init.o)
    0x00000520   0x00000520   0x00000056   Code   RO         7282    .text               mc_w.l(__dczerorl2.o)
    0x00000576   0x00000576   0x00000002   PAD
    0x00000578   0x00000578   0x000000a4   Code   RO         3443    i.GPIOTE_IRQHandler  nrfx_gpiote.o
    0x0000061c   0x0000061c   0x00000058   Code   RO         3304    i.POWER_CLOCK_IRQHandler  nrfx_clock.o
    0x00000674   0x00000674   0x00000010   Code   RO         4680    i.RTC1_IRQHandler   drv_rtc.o
    0x00000684   0x00000684   0x00000004   Code   RO         6935    i.SWI2_EGU2_IRQHandler  nrf_sdh.o
    0x00000688   0x00000688   0x000001d4   Code   RO         7153    i.SystemInit        system_nrf52840.o
    0x0000085c   0x0000085c   0x0000000c   Code   RO         3768    i.UARTE0_UART0_IRQHandler  nrfx_prs.o
    0x00000868   0x00000868   0x0000000e   Code   RO         7276    i.__scatterload_copy  mc_w.l(handlers.o)
    0x00000876   0x00000876   0x00000002   Code   RO         7277    i.__scatterload_null  mc_w.l(handlers.o)
    0x00000878   0x00000878   0x0000000e   Code   RO         7278    i.__scatterload_zeroinit  mc_w.l(handlers.o)
    0x00000886   0x00000886   0x00000002   PAD
    0x00000888   0x00000888   0x00000024   Code   RO         6936    i.__sd_nvic_app_accessible_irq  nrf_sdh.o
    0x000008ac   0x000008ac   0x0000013c   Code   RO         2499    i._conn_secure      peer_manager_handler.o
    0x000009e8   0x000009e8   0x00000026   Code   RO         1529    i.addr_compare      id_manager.o
    0x00000a0e   0x00000a0e   0x0000000c   Code   RO         5604    i.addr_is_aligned32  nrf_fstorage.o
    0x00000a1a   0x00000a1a   0x00000018   Code   RO         5605    i.addr_is_within_bounds  nrf_fstorage.o
    0x00000a32   0x00000a32   0x00000010   Code   RO          870    i.adv_set_data_size_max_get  ble_advertising.o
    0x00000a42   0x00000a42   0x00000036   Code   RO          636    i.advertising_buttons_configure  bsp_btn_ble.o
    0x00000a78   0x00000a78   0x00000050   Code   RO            4    i.advertising_start  main.o
    0x00000ac8   0x00000ac8   0x00000052   Code   RO         1530    i.ah                id_manager.o
    0x00000b1a   0x00000b1a   0x00000006   Code   RO          519    i.alert_timer_handler  bsp.o
    0x00000b20   0x00000b20   0x0000000c   Code   RO         2643    i.allow_repairing   security_dispatcher.o
    0x00000b2c   0x00000b2c   0x00000024   Code   RO         4191    i.app_button_enable  app_button.o
    0x00000b50   0x00000b50   0x00000080   Code   RO         4192    i.app_button_init   app_button.o
    0x00000bd0   0x00000bd0   0x00000084   Code   RO         4349    i.app_error_fault_handler  app_error_weak.o
    0x00000c54   0x00000c54   0x00000016   Code   RO         4289    i.app_error_handler_bare  app_error.o
    0x00000c6a   0x00000c6a   0x00000002   PAD
    0x00000c6c   0x00000c6c   0x0000000c   Code   RO         4444    i.app_timer_cnt_get  app_timer2.o
    0x00000c78   0x00000c78   0x00000016   Code   RO         4445    i.app_timer_create  app_timer2.o
    0x00000c8e   0x00000c8e   0x00000002   PAD
    0x00000c90   0x00000c90   0x0000005c   Code   RO         4446    i.app_timer_init    app_timer2.o
    0x00000cec   0x00000cec   0x00000030   Code   RO         4449    i.app_timer_start   app_timer2.o
    0x00000d1c   0x00000d1c   0x0000000c   Code   RO         4450    i.app_timer_stop    app_timer2.o
    0x00000d28   0x00000d28   0x00000048   Code   RO         4585    i.app_util_critical_region_enter  app_util_platform.o
    0x00000d70   0x00000d70   0x00000034   Code   RO         4586    i.app_util_critical_region_exit  app_util_platform.o
    0x00000da4   0x00000da4   0x00000076   Code   RO         3822    i.apply_config      nrfx_uart.o
    0x00000e1a   0x00000e1a   0x00000076   Code   RO         4020    i.apply_config      nrfx_uarte.o
    0x00000e90   0x00000e90   0x00000004   Code   RO         1268    i.apply_pending_handle  gatt_cache_manager.o
    0x00000e94   0x00000e94   0x00000180   Code   RO         2644    i.auth_status_success_process  security_dispatcher.o
    0x00001014   0x00001014   0x00000182   Code   RO          764    i.ble_advdata_encode  ble_advdata.o
    0x00001196   0x00001196   0x00000020   Code   RO          766    i.ble_advdata_parse  ble_advdata.o
    0x000011b6   0x000011b6   0x00000046   Code   RO          767    i.ble_advdata_search  ble_advdata.o
    0x000011fc   0x000011fc   0x00000006   Code   RO          872    i.ble_advertising_conn_cfg_tag_set  ble_advertising.o
    0x00001202   0x00001202   0x000000e8   Code   RO          873    i.ble_advertising_init  ble_advertising.o
    0x000012ea   0x000012ea   0x0000006a   Code   RO          875    i.ble_advertising_on_ble_evt  ble_advertising.o
    0x00001354   0x00001354   0x0000003a   Code   RO          877    i.ble_advertising_restart_without_whitelist  ble_advertising.o
    0x0000138e   0x0000138e   0x00000230   Code   RO          878    i.ble_advertising_start  ble_advertising.o
    0x000015be   0x000015be   0x00000002   PAD
    0x000015c0   0x000015c0   0x00000068   Code   RO          963    i.ble_conn_params_init  ble_conn_params.o
    0x00001628   0x00001628   0x00000020   Code   RO         1039    i.ble_conn_state_encrypted  ble_conn_state.o
    0x00001648   0x00001648   0x0000002c   Code   RO         1041    i.ble_conn_state_for_each_set_user_flag  ble_conn_state.o
    0x00001674   0x00001674   0x00000020   Code   RO         1043    i.ble_conn_state_lesc  ble_conn_state.o
    0x00001694   0x00001694   0x00000020   Code   RO         1044    i.ble_conn_state_mitm_protected  ble_conn_state.o
    0x000016b4   0x000016b4   0x00000024   Code   RO         1047    i.ble_conn_state_role  ble_conn_state.o
    0x000016d8   0x000016d8   0x00000024   Code   RO         1048    i.ble_conn_state_status  ble_conn_state.o
    0x000016fc   0x000016fc   0x00000018   Code   RO         1049    i.ble_conn_state_user_flag_acquire  ble_conn_state.o
    0x00001714   0x00001714   0x00000030   Code   RO         1050    i.ble_conn_state_user_flag_get  ble_conn_state.o
    0x00001744   0x00001744   0x00000038   Code   RO         1051    i.ble_conn_state_user_flag_set  ble_conn_state.o
    0x0000177c   0x0000177c   0x00000014   Code   RO         1052    i.ble_conn_state_valid  ble_conn_state.o
    0x00001790   0x00001790   0x00000060   Code   RO          770    i.ble_device_addr_encode  ble_advdata.o
    0x000017f0   0x000017f0   0x000000b4   Code   RO            6    i.ble_evt_handler   main.o
    0x000018a4   0x000018a4   0x00000070   Code   RO          637    i.ble_evt_handler   bsp_btn_ble.o
    0x00001914   0x00001914   0x000000fc   Code   RO          965    i.ble_evt_handler   ble_conn_params.o
    0x00001a10   0x00001a10   0x00000118   Code   RO         1053    i.ble_evt_handler   ble_conn_state.o
    0x00001b28   0x00001b28   0x00000028   Code   RO         2193    i.ble_evt_handler   peer_manager.o
    0x00001b50   0x00001b50   0x00000008   Code   RO         1208    i.ble_srv_is_notification_enabled  ble_srv_common.o
    0x00001b58   0x00001b58   0x0000000c   Code   RO          401    i.bsp_board_button_idx_to_pin  boards.o
    0x00001b64   0x00001b64   0x00000028   Code   RO          402    i.bsp_board_button_state_get  boards.o
    0x00001b8c   0x00001b8c   0x00000054   Code   RO          403    i.bsp_board_init    boards.o
    0x00001be0   0x00001be0   0x0000002c   Code   RO          405    i.bsp_board_led_invert  boards.o
    0x00001c0c   0x00001c0c   0x00000010   Code   RO          406    i.bsp_board_led_off  boards.o
    0x00001c1c   0x00001c1c   0x00000010   Code   RO          407    i.bsp_board_led_on  boards.o
    0x00001c2c   0x00001c2c   0x00000028   Code   RO          408    i.bsp_board_led_state_get  boards.o
    0x00001c54   0x00001c54   0x00000012   Code   RO          409    i.bsp_board_leds_off  boards.o
    0x00001c66   0x00001c66   0x00000012   Code   RO          410    i.bsp_board_leds_on  boards.o
    0x00001c78   0x00001c78   0x00000024   Code   RO          411    i.bsp_board_pin_to_button_idx  boards.o
    0x00001c9c   0x00001c9c   0x00000038   Code   RO          638    i.bsp_btn_ble_init  bsp_btn_ble.o
    0x00001cd4   0x00001cd4   0x0000001e   Code   RO          639    i.bsp_btn_ble_sleep_mode_prepare  bsp_btn_ble.o
    0x00001cf2   0x00001cf2   0x00000002   PAD
    0x00001cf4   0x00001cf4   0x00000090   Code   RO          520    i.bsp_button_event_handler  bsp.o
    0x00001d84   0x00001d84   0x0000000c   Code   RO          521    i.bsp_button_is_pressed  bsp.o
    0x00001d90   0x00001d90   0x0000004c   Code   RO            7    i.bsp_event_handler  main.o
    0x00001ddc   0x00001ddc   0x00000044   Code   RO          524    i.bsp_event_to_button_action_assign  bsp.o
    0x00001e20   0x00001e20   0x00000018   Code   RO          525    i.bsp_indication_set  bsp.o
    0x00001e38   0x00001e38   0x00000094   Code   RO          526    i.bsp_init          bsp.o
    0x00001ecc   0x00001ecc   0x000001c8   Code   RO          527    i.bsp_led_indication  bsp.o
    0x00002094   0x00002094   0x00000006   Code   RO          529    i.bsp_wakeup_button_enable  bsp.o
    0x0000209a   0x0000209a   0x00000002   PAD
    0x0000209c   0x0000209c   0x00000094   Code   RO         6334    i.buf_prealloc      nrf_log_frontend.o
    0x00002130   0x00002130   0x0000002e   Code   RO         5564    i.buffer_add        nrf_fprintf_format.o
    0x0000215e   0x0000215e   0x00000002   PAD
    0x00002160   0x00002160   0x00000018   Code   RO         6335    i.buffer_is_empty   nrf_log_frontend.o
    0x00002178   0x00002178   0x00000028   Code   RO         4194    i.button_get        app_button.o
    0x000021a0   0x000021a0   0x00000008   Code   RO          530    i.button_timer_handler  bsp.o
    0x000021a8   0x000021a8   0x00000028   Code   RO         1269    i.car_update_needed  gatt_cache_manager.o
    0x000021d0   0x000021d0   0x00000040   Code   RO         1270    i.car_update_pending_handle  gatt_cache_manager.o
    0x00002210   0x00002210   0x0000001c   Code   RO         3444    i.channel_free      nrfx_gpiote.o
    0x0000222c   0x0000222c   0x00000048   Code   RO         3445    i.channel_port_alloc  nrfx_gpiote.o
    0x00002274   0x00002274   0x00000010   Code   RO         3446    i.channel_port_get  nrfx_gpiote.o
    0x00002284   0x00002284   0x0000003e   Code   RO         2103    i.claim             peer_id.o
    0x000022c2   0x000022c2   0x00000002   PAD
    0x000022c4   0x000022c4   0x00000028   Code   RO         2959    i.clock_clk_started_notify  nrf_drv_clock.o
    0x000022ec   0x000022ec   0x0000001c   Code   RO         2960    i.clock_irq_handler  nrf_drv_clock.o
    0x00002308   0x00002308   0x00000018   Code   RO         4452    i.compare_func      app_timer2.o
    0x00002320   0x00002320   0x0000003e   Code   RO         1054    i.conn_handle_list_get  ble_conn_state.o
    0x0000235e   0x0000235e   0x00000088   Code   RO          771    i.conn_int_encode   ble_advdata.o
    0x000023e6   0x000023e6   0x00000004   Code   RO            8    i.conn_params_error_handler  main.o
    0x000023ea   0x000023ea   0x00000002   PAD
    0x000023ec   0x000023ec   0x00000048   Code   RO          966    i.conn_params_negotiation  ble_conn_params.o
    0x00002434   0x00002434   0x00000044   Code   RO         2645    i.conn_sec_failure  security_dispatcher.o
    0x00002478   0x00002478   0x00000004   Code   RO         2500    i.conn_secure       peer_manager_handler.o
    0x0000247c   0x0000247c   0x000000c0   Code   RO         1698    i.data_length_update  nrf_ble_gatt.o
    0x0000253c   0x0000253c   0x00000030   Code   RO         1271    i.db_update_pending_handle  gatt_cache_manager.o
    0x0000256c   0x0000256c   0x0000008c   Code   RO         4849    i.delete_execute    fds.o
    0x000025f8   0x000025f8   0x00000048   Code   RO         4195    i.detection_delay_timeout_handler  app_button.o
    0x00002640   0x00002640   0x00000014   Code   RO         6336    i.dropped_sat16_get  nrf_log_frontend.o
    0x00002654   0x00002654   0x00000014   Code   RO         4681    i.drv_rtc_compare_disable  drv_rtc.o
    0x00002668   0x00002668   0x0000000e   Code   RO         4684    i.drv_rtc_compare_pending  drv_rtc.o
    0x00002676   0x00002676   0x00000050   Code   RO         4685    i.drv_rtc_compare_set  drv_rtc.o
    0x000026c6   0x000026c6   0x00000008   Code   RO         4686    i.drv_rtc_counter_get  drv_rtc.o
    0x000026ce   0x000026ce   0x00000002   PAD
    0x000026d0   0x000026d0   0x000000d8   Code   RO         4687    i.drv_rtc_init      drv_rtc.o
    0x000027a8   0x000027a8   0x0000001e   Code   RO         4688    i.drv_rtc_irq_trigger  drv_rtc.o
    0x000027c6   0x000027c6   0x00000008   Code   RO         4690    i.drv_rtc_overflow_enable  drv_rtc.o
    0x000027ce   0x000027ce   0x00000008   Code   RO         4691    i.drv_rtc_overflow_pending  drv_rtc.o
    0x000027d6   0x000027d6   0x00000008   Code   RO         4692    i.drv_rtc_start     drv_rtc.o
    0x000027de   0x000027de   0x00000008   Code   RO         4693    i.drv_rtc_stop      drv_rtc.o
    0x000027e6   0x000027e6   0x000000de   Code   RO         4698    i.drv_rtc_windowed_compare_set  drv_rtc.o
    0x000028c4   0x000028c4   0x0000000a   Code   RO         2646    i.encryption_failure  security_dispatcher.o
    0x000028ce   0x000028ce   0x00000002   PAD
    0x000028d0   0x000028d0   0x0000004c   Code   RO         5691    i.erase             nrf_fstorage_sd.o
    0x0000291c   0x0000291c   0x00000074   Code   RO         4850    i.event_prepare     fds.o
    0x00002990   0x00002990   0x00000020   Code   RO         4851    i.event_send        fds.o
    0x000029b0   0x000029b0   0x00000054   Code   RO         5692    i.event_send        nrf_fstorage_sd.o
    0x00002a04   0x00002a04   0x00000098   Code   RO         2784    i.events_send_from_err_code  security_manager.o
    0x00002a9c   0x00002a9c   0x00000012   Code   RO         4699    i.evt_enable        drv_rtc.o
    0x00002aae   0x00002aae   0x00000002   PAD
    0x00002ab0   0x00002ab0   0x000000e0   Code   RO         4196    i.evt_handle        app_button.o
    0x00002b90   0x00002b90   0x00000014   Code   RO         4700    i.evt_pending       drv_rtc.o
    0x00002ba4   0x00002ba4   0x0000001c   Code   RO         1272    i.evt_send          gatt_cache_manager.o
    0x00002bc0   0x00002bc0   0x0000001c   Code   RO         1434    i.evt_send          gatts_cache_manager.o
    0x00002bdc   0x00002bdc   0x0000002c   Code   RO         2194    i.evt_send          peer_manager.o
    0x00002c08   0x00002c08   0x0000001c   Code   RO         2647    i.evt_send          security_dispatcher.o
    0x00002c24   0x00002c24   0x0000000c   Code   RO         2785    i.evt_send          security_manager.o
    0x00002c30   0x00002c30   0x000000e0   Code   RO         1841    i.fds_evt_handler   peer_data_storage.o
    0x00002d10   0x00002d10   0x00000048   Code   RO         4853    i.fds_file_delete   fds.o
    0x00002d58   0x00002d58   0x00000040   Code   RO         4854    i.fds_gc            fds.o
    0x00002d98   0x00002d98   0x000000e4   Code   RO         4855    i.fds_init          fds.o
    0x00002e7c   0x00002e7c   0x00000048   Code   RO         4856    i.fds_record_close  fds.o
    0x00002ec4   0x00002ec4   0x0000000e   Code   RO         4858    i.fds_record_find   fds.o
    0x00002ed2   0x00002ed2   0x00000010   Code   RO         4859    i.fds_record_find_by_key  fds.o
    0x00002ee2   0x00002ee2   0x00000010   Code   RO         4860    i.fds_record_find_in_file  fds.o
    0x00002ef2   0x00002ef2   0x00000012   Code   RO         4861    i.fds_record_id_from_desc  fds.o
    0x00002f04   0x00002f04   0x0000004c   Code   RO         4863    i.fds_record_open   fds.o
    0x00002f50   0x00002f50   0x00000010   Code   RO         4864    i.fds_record_update  fds.o
    0x00002f60   0x00002f60   0x00000008   Code   RO         4865    i.fds_record_write  fds.o
    0x00002f68   0x00002f68   0x00000030   Code   RO         4867    i.fds_register      fds.o
    0x00002f98   0x00002f98   0x000000a0   Code   RO         4870    i.fds_stat          fds.o
    0x00003038   0x00003038   0x00000014   Code   RO         1842    i.file_id_within_pm_range  peer_data_storage.o
    0x0000304c   0x0000304c   0x00000012   Code   RO         2648    i.flag_id_init      security_dispatcher.o
    0x0000305e   0x0000305e   0x00000012   Code   RO         2786    i.flag_id_init      security_manager.o
    0x00003070   0x00003070   0x0000000a   Code   RO         1055    i.flag_toggle       ble_conn_state.o
    0x0000307a   0x0000307a   0x00000028   Code   RO          880    i.flags_set         ble_advertising.o
    0x000030a2   0x000030a2   0x00000002   PAD
    0x000030a4   0x000030a4   0x00000030   Code   RO         2787    i.flags_set_from_err_code  security_manager.o
    0x000030d4   0x000030d4   0x00000030   Code   RO         1056    i.for_each_set_flag  ble_conn_state.o
    0x00003104   0x00003104   0x00000006   Code   RO         4871    i.fs_event_handler  fds.o
    0x0000310a   0x0000310a   0x00000002   PAD
    0x0000310c   0x0000310c   0x00000080   Code   RO         4872    i.gc_execute        fds.o
    0x0000318c   0x0000318c   0x0000004c   Code   RO         4873    i.gc_next_page      fds.o
    0x000031d8   0x000031d8   0x00000040   Code   RO         4874    i.gc_page_erase     fds.o
    0x00003218   0x00003218   0x00000034   Code   RO         4875    i.gc_record_copy    fds.o
    0x0000324c   0x0000324c   0x00000024   Code   RO         4876    i.gc_record_find_next  fds.o
    0x00003270   0x00003270   0x00000070   Code   RO         4877    i.gc_state_advance  fds.o
    0x000032e0   0x000032e0   0x00000030   Code   RO         4878    i.gc_swap_pages     fds.o
    0x00003310   0x00003310   0x00000230   Code   RO         1273    i.gcm_ble_evt_handler  gatt_cache_manager.o
    0x00003540   0x00003540   0x0000003c   Code   RO         1274    i.gcm_im_evt_handler  gatt_cache_manager.o
    0x0000357c   0x0000357c   0x00000094   Code   RO         1275    i.gcm_init          gatt_cache_manager.o
    0x00003610   0x00003610   0x00000088   Code   RO         1278    i.gcm_pdb_evt_handler  gatt_cache_manager.o
    0x00003698   0x00003698   0x00000034   Code   RO         4453    i.get_now           app_timer2.o
    0x000036cc   0x000036cc   0x0000003c   Code   RO         4197    i.gpiote_event_handler  app_button.o
    0x00003708   0x00003708   0x0000001c   Code   RO         1435    i.gscm_db_change_notification_done  gatts_cache_manager.o
    0x00003724   0x00003724   0x00000014   Code   RO         1436    i.gscm_init         gatts_cache_manager.o
    0x00003738   0x00003738   0x00000090   Code   RO         1438    i.gscm_local_db_cache_apply  gatts_cache_manager.o
    0x000037c8   0x000037c8   0x000000ac   Code   RO         1439    i.gscm_local_db_cache_update  gatts_cache_manager.o
    0x00003874   0x00003874   0x00000018   Code   RO         1440    i.gscm_pdb_evt_handler  gatts_cache_manager.o
    0x0000388c   0x0000388c   0x0000001e   Code   RO         1441    i.gscm_service_changed_ind_needed  gatts_cache_manager.o
    0x000038aa   0x000038aa   0x00000002   PAD
    0x000038ac   0x000038ac   0x0000005c   Code   RO         1442    i.gscm_service_changed_ind_send  gatts_cache_manager.o
    0x00003908   0x00003908   0x0000002c   Code   RO         4879    i.header_check      fds.o
    0x00003934   0x00003934   0x00000012   Code   RO         4880    i.header_has_next   fds.o
    0x00003946   0x00003946   0x00000046   Code   RO         1531    i.im_address_resolve  id_manager.o
    0x0000398c   0x0000398c   0x00000038   Code   RO         1532    i.im_ble_addr_get   id_manager.o
    0x000039c4   0x000039c4   0x000000dc   Code   RO         1533    i.im_ble_evt_handler  id_manager.o
    0x00003aa0   0x00003aa0   0x00000040   Code   RO         1534    i.im_conn_handle_get  id_manager.o
    0x00003ae0   0x00003ae0   0x00000038   Code   RO         1536    i.im_find_duplicate_bonding_data  id_manager.o
    0x00003b18   0x00003b18   0x00000072   Code   RO         1539    i.im_is_duplicate_bonding_data  id_manager.o
    0x00003b8a   0x00003b8a   0x00000018   Code   RO         1540    i.im_master_id_is_valid  id_manager.o
    0x00003ba2   0x00003ba2   0x0000002a   Code   RO         1541    i.im_master_ids_compare  id_manager.o
    0x00003bcc   0x00003bcc   0x00000014   Code   RO         1542    i.im_new_peer_id    id_manager.o
    0x00003be0   0x00003be0   0x0000002c   Code   RO         1543    i.im_peer_free      id_manager.o
    0x00003c0c   0x00003c0c   0x00000024   Code   RO         1544    i.im_peer_id_get_by_conn_handle  id_manager.o
    0x00003c30   0x00003c30   0x0000003c   Code   RO         1545    i.im_peer_id_get_by_master_id  id_manager.o
    0x00003c6c   0x00003c6c   0x00000034   Code   RO         5693    i.init              nrf_fstorage_sd.o
    0x00003ca0   0x00003ca0   0x000000c8   Code   RO         4881    i.init_execute      fds.o
    0x00003d68   0x00003d68   0x00000014   Code   RO          967    i.instance_get      ble_conn_params.o
    0x00003d7c   0x00003d7c   0x000000a6   Code   RO         5565    i.int_print         nrf_fprintf_format.o
    0x00003e22   0x00003e22   0x00000002   PAD
    0x00003e24   0x00003e24   0x00000088   Code   RO         4021    i.interrupts_enable  nrfx_uarte.o
    0x00003eac   0x00003eac   0x00000034   Code   RO         6337    i.invalid_packets_omit  nrf_log_frontend.o
    0x00003ee0   0x00003ee0   0x00000010   Code   RO         5694    i.is_busy           nrf_fstorage_sd.o
    0x00003ef0   0x00003ef0   0x00000044   Code   RO          968    i.is_conn_params_ok  ble_conn_params.o
    0x00003f34   0x00003f34   0x00000014   Code   RO         1550    i.is_valid_irk      id_manager.o
    0x00003f48   0x00003f48   0x0000000c   Code   RO         4882    i.is_word_aligned   fds.o
    0x00003f54   0x00003f54   0x00000030   Code   RO          531    i.leds_off          bsp.o
    0x00003f84   0x00003f84   0x00000014   Code   RO          532    i.leds_timer_handler  bsp.o
    0x00003f98   0x00003f98   0x00000014   Code   RO         1699    i.link_init         nrf_ble_gatt.o
    0x00003fac   0x00003fac   0x000000d0   Code   RO         2788    i.link_secure       security_manager.o
    0x0000407c   0x0000407c   0x0000003c   Code   RO         2649    i.link_secure_failure  security_dispatcher.o
    0x000040b8   0x000040b8   0x0000002c   Code   RO         2789    i.link_secure_pending_handle  security_manager.o
    0x000040e4   0x000040e4   0x000000a8   Code   RO         1279    i.local_db_apply_in_evt  gatt_cache_manager.o
    0x0000418c   0x0000418c   0x00000010   Code   RO         1280    i.local_db_update   gatt_cache_manager.o
    0x0000419c   0x0000419c   0x0000010c   Code   RO         1281    i.local_db_update_in_evt  gatt_cache_manager.o
    0x000042a8   0x000042a8   0x000000a4   Code   RO         6338    i.log_skip          nrf_log_frontend.o
    0x0000434c   0x0000434c   0x000001f0   Code   RO            9    i.main              main.o
    0x0000453c   0x0000453c   0x00000064   Code   RO          772    i.manuf_specific_data_encode  ble_advdata.o
    0x000045a0   0x000045a0   0x0000007e   Code   RO         5803    i.memobj_op         nrf_memobj.o
    0x0000461e   0x0000461e   0x00000002   PAD
    0x00004620   0x00004620   0x00000030   Code   RO         6339    i.module_idx_get    nrf_log_frontend.o
    0x00004650   0x00004650   0x00000008   Code   RO         2596    i.mutex_lock_status_get  pm_buffer.o
    0x00004658   0x00004658   0x000000a6   Code   RO          773    i.name_encode       ble_advdata.o
    0x000046fe   0x000046fe   0x00000002   PAD
    0x00004700   0x00004700   0x00000014   Code   RO         2790    i.new_context_get   security_manager.o
    0x00004714   0x00004714   0x00000032   Code   RO         2791    i.new_evt           security_manager.o
    0x00004746   0x00004746   0x00000030   Code   RO         2104    i.next_id_get       peer_id.o
    0x00004776   0x00004776   0x00000010   Code   RO         5218    i.nrf_atfifo_clear  nrf_atfifo.o
    0x00004786   0x00004786   0x00000026   Code   RO         5220    i.nrf_atfifo_init   nrf_atfifo.o
    0x000047ac   0x000047ac   0x00000016   Code   RO         5221    i.nrf_atfifo_item_alloc  nrf_atfifo.o
    0x000047c2   0x000047c2   0x00000016   Code   RO         5222    i.nrf_atfifo_item_free  nrf_atfifo.o
    0x000047d8   0x000047d8   0x00000016   Code   RO         5223    i.nrf_atfifo_item_get  nrf_atfifo.o
    0x000047ee   0x000047ee   0x00000016   Code   RO         5224    i.nrf_atfifo_item_put  nrf_atfifo.o
    0x00004804   0x00004804   0x00000016   Code   RO         5286    i.nrf_atflags_clear  nrf_atflags.o
    0x0000481a   0x0000481a   0x00000020   Code   RO         5288    i.nrf_atflags_fetch_set  nrf_atflags.o
    0x0000483a   0x0000483a   0x0000004a   Code   RO         5290    i.nrf_atflags_find_and_set_flag  nrf_atflags.o
    0x00004884   0x00004884   0x00000016   Code   RO         5291    i.nrf_atflags_get   nrf_atflags.o
    0x0000489a   0x0000489a   0x00000014   Code   RO         5293    i.nrf_atflags_set   nrf_atflags.o
    0x000048ae   0x000048ae   0x00000006   Code   RO         5354    i.nrf_atomic_flag_clear_fetch  nrf_atomic.o
    0x000048b4   0x000048b4   0x00000006   Code   RO         5355    i.nrf_atomic_flag_set  nrf_atomic.o
    0x000048ba   0x000048ba   0x00000006   Code   RO         5356    i.nrf_atomic_flag_set_fetch  nrf_atomic.o
    0x000048c0   0x000048c0   0x0000000c   Code   RO         5357    i.nrf_atomic_u32_add  nrf_atomic.o
    0x000048cc   0x000048cc   0x0000000c   Code   RO         5358    i.nrf_atomic_u32_and  nrf_atomic.o
    0x000048d8   0x000048d8   0x0000000a   Code   RO         5360    i.nrf_atomic_u32_fetch_add  nrf_atomic.o
    0x000048e2   0x000048e2   0x0000000a   Code   RO         5361    i.nrf_atomic_u32_fetch_and  nrf_atomic.o
    0x000048ec   0x000048ec   0x0000000a   Code   RO         5362    i.nrf_atomic_u32_fetch_or  nrf_atomic.o
    0x000048f6   0x000048f6   0x0000000a   Code   RO         5363    i.nrf_atomic_u32_fetch_store  nrf_atomic.o
    0x00004900   0x00004900   0x0000000c   Code   RO         5367    i.nrf_atomic_u32_or  nrf_atomic.o
    0x0000490c   0x0000490c   0x0000000c   Code   RO         5369    i.nrf_atomic_u32_sub  nrf_atomic.o
    0x00004918   0x00004918   0x00000044   Code   RO         5488    i.nrf_balloc_alloc  nrf_balloc.o
    0x0000495c   0x0000495c   0x00000030   Code   RO         5489    i.nrf_balloc_free   nrf_balloc.o
    0x0000498c   0x0000498c   0x00000030   Code   RO         5490    i.nrf_balloc_init   nrf_balloc.o
    0x000049bc   0x000049bc   0x00000010   Code   RO         3447    i.nrf_bitmask_bit_is_set  nrfx_gpiote.o
    0x000049cc   0x000049cc   0x00000022   Code   RO         1705    i.nrf_ble_gatt_init  nrf_ble_gatt.o
    0x000049ee   0x000049ee   0x00000002   PAD
    0x000049f0   0x000049f0   0x00000150   Code   RO         1706    i.nrf_ble_gatt_on_ble_evt  nrf_ble_gatt.o
    0x00004b40   0x00004b40   0x00000016   Code   RO         1800    i.nrf_ble_qwr_conn_handle_assign  nrf_ble_qwr.o
    0x00004b56   0x00004b56   0x00000024   Code   RO         1801    i.nrf_ble_qwr_init  nrf_ble_qwr.o
    0x00004b7a   0x00004b7a   0x000000b6   Code   RO         1802    i.nrf_ble_qwr_on_ble_evt  nrf_ble_qwr.o
    0x00004c30   0x00004c30   0x0000000e   Code   RO         3305    i.nrf_clock_event_check  nrfx_clock.o
    0x00004c3e   0x00004c3e   0x00000010   Code   RO         3306    i.nrf_clock_event_clear  nrfx_clock.o
    0x00004c4e   0x00004c4e   0x00000002   PAD
    0x00004c50   0x00004c50   0x00000040   Code   RO         2967    i.nrf_drv_clock_init  nrf_drv_clock.o
    0x00004c90   0x00004c90   0x00000034   Code   RO         2971    i.nrf_drv_clock_lfclk_release  nrf_drv_clock.o
    0x00004cc4   0x00004cc4   0x00000068   Code   RO         3113    i.nrf_drv_uart_init  nrf_drv_uart.o
    0x00004d2c   0x00004d2c   0x0000001a   Code   RO         5525    i.nrf_fprintf       nrf_fprintf.o
    0x00004d46   0x00004d46   0x00000018   Code   RO         5526    i.nrf_fprintf_buffer_flush  nrf_fprintf.o
    0x00004d5e   0x00004d5e   0x000001da   Code   RO         5566    i.nrf_fprintf_fmt   nrf_fprintf_format.o
    0x00004f38   0x00004f38   0x00000138   Code   RO         5606    i.nrf_fstorage_erase  nrf_fstorage.o
    0x00005070   0x00005070   0x00000094   Code   RO         5607    i.nrf_fstorage_init  nrf_fstorage.o
    0x00005104   0x00005104   0x00000018   Code   RO         5695    i.nrf_fstorage_sdh_req_handler  nrf_fstorage_sd.o
    0x0000511c   0x0000511c   0x00000020   Code   RO         5696    i.nrf_fstorage_sdh_state_handler  nrf_fstorage_sd.o
    0x0000513c   0x0000513c   0x000000a4   Code   RO         5697    i.nrf_fstorage_sys_evt_handler  nrf_fstorage_sd.o
    0x000051e0   0x000051e0   0x000001dc   Code   RO         5613    i.nrf_fstorage_write  nrf_fstorage.o
    0x000053bc   0x000053bc   0x00000032   Code   RO          413    i.nrf_gpio_cfg      boards.o
    0x000053ee   0x000053ee   0x00000032   Code   RO         3448    i.nrf_gpio_cfg      nrfx_gpiote.o
    0x00005420   0x00005420   0x00000032   Code   RO         3823    i.nrf_gpio_cfg      nrfx_uart.o
    0x00005452   0x00005452   0x00000032   Code   RO         4022    i.nrf_gpio_cfg      nrfx_uarte.o
    0x00005484   0x00005484   0x00000012   Code   RO         3824    i.nrf_gpio_cfg_default  nrfx_uart.o
    0x00005496   0x00005496   0x00000012   Code   RO         4023    i.nrf_gpio_cfg_default  nrfx_uarte.o
    0x000054a8   0x000054a8   0x00000012   Code   RO         3825    i.nrf_gpio_cfg_input  nrfx_uart.o
    0x000054ba   0x000054ba   0x00000012   Code   RO         4024    i.nrf_gpio_cfg_input  nrfx_uarte.o
    0x000054cc   0x000054cc   0x00000014   Code   RO         3826    i.nrf_gpio_cfg_output  nrfx_uart.o
    0x000054e0   0x000054e0   0x00000014   Code   RO         4025    i.nrf_gpio_cfg_output  nrfx_uarte.o
    0x000054f4   0x000054f4   0x00000030   Code   RO         3450    i.nrf_gpio_cfg_sense_set  nrfx_gpiote.o
    0x00005524   0x00005524   0x00000030   Code   RO         3451    i.nrf_gpio_latches_read_and_clear  nrfx_gpiote.o
    0x00005554   0x00005554   0x0000001c   Code   RO          414    i.nrf_gpio_pin_port_decode  boards.o
    0x00005570   0x00005570   0x0000001c   Code   RO         3453    i.nrf_gpio_pin_port_decode  nrfx_gpiote.o
    0x0000558c   0x0000558c   0x0000001c   Code   RO         3827    i.nrf_gpio_pin_port_decode  nrfx_uart.o
    0x000055a8   0x000055a8   0x0000001c   Code   RO         4026    i.nrf_gpio_pin_port_decode  nrfx_uarte.o
    0x000055c4   0x000055c4   0x0000002c   Code   RO         3454    i.nrf_gpio_pin_present_check  nrfx_gpiote.o
    0x000055f0   0x000055f0   0x00000016   Code   RO         3455    i.nrf_gpio_pin_read  nrfx_gpiote.o
    0x00005606   0x00005606   0x00000014   Code   RO         3828    i.nrf_gpio_pin_set  nrfx_uart.o
    0x0000561a   0x0000561a   0x00000014   Code   RO         4027    i.nrf_gpio_pin_set  nrfx_uarte.o
    0x0000562e   0x0000562e   0x00000026   Code   RO          415    i.nrf_gpio_pin_write  boards.o
    0x00005654   0x00005654   0x00000014   Code   RO         3457    i.nrf_gpiote_event_clear  nrfx_gpiote.o
    0x00005668   0x00005668   0x00000010   Code   RO         3458    i.nrf_gpiote_event_is_set  nrfx_gpiote.o
    0x00005678   0x00005678   0x0000005c   Code   RO         6340    i.nrf_log_backend_add  nrf_log_frontend.o
    0x000056d4   0x000056d4   0x000000c8   Code   RO         6185    i.nrf_log_backend_serial_put  nrf_log_backend_serial.o
    0x0000579c   0x0000579c   0x00000002   Code   RO         6225    i.nrf_log_backend_uart_flush  nrf_log_backend_uart.o
    0x0000579e   0x0000579e   0x00000006   Code   RO         6226    i.nrf_log_backend_uart_init  nrf_log_backend_uart.o
    0x000057a4   0x000057a4   0x0000002c   Code   RO         6227    i.nrf_log_backend_uart_panic_set  nrf_log_backend_uart.o
    0x000057d0   0x000057d0   0x00000018   Code   RO         6228    i.nrf_log_backend_uart_put  nrf_log_backend_uart.o
    0x000057e8   0x000057e8   0x00000030   Code   RO         6342    i.nrf_log_color_id_get  nrf_log_frontend.o
    0x00005818   0x00005818   0x0000001c   Code   RO         6298    i.nrf_log_default_backends_init  nrf_log_default_backends.o
    0x00005834   0x00005834   0x00000238   Code   RO         6343    i.nrf_log_frontend_dequeue  nrf_log_frontend.o
    0x00005a6c   0x00005a6c   0x00000008   Code   RO         6345    i.nrf_log_frontend_std_0  nrf_log_frontend.o
    0x00005a74   0x00005a74   0x0000000e   Code   RO         6346    i.nrf_log_frontend_std_1  nrf_log_frontend.o
    0x00005a82   0x00005a82   0x00000010   Code   RO         6347    i.nrf_log_frontend_std_2  nrf_log_frontend.o
    0x00005a92   0x00005a92   0x00000012   Code   RO         6348    i.nrf_log_frontend_std_3  nrf_log_frontend.o
    0x00005aa4   0x00005aa4   0x00000014   Code   RO         6349    i.nrf_log_frontend_std_4  nrf_log_frontend.o
    0x00005ab8   0x00005ab8   0x000000b0   Code   RO         6521    i.nrf_log_hexdump_entry_process  nrf_log_str_formatter.o
    0x00005b68   0x00005b68   0x00000028   Code   RO         6352    i.nrf_log_init      nrf_log_frontend.o
    0x00005b90   0x00005b90   0x00000014   Code   RO         6353    i.nrf_log_module_cnt_get  nrf_log_frontend.o
    0x00005ba4   0x00005ba4   0x0000001c   Code   RO         6356    i.nrf_log_module_name_get  nrf_log_frontend.o
    0x00005bc0   0x00005bc0   0x00000028   Code   RO         6357    i.nrf_log_panic     nrf_log_frontend.o
    0x00005be8   0x00005be8   0x000000b6   Code   RO         6522    i.nrf_log_std_entry_process  nrf_log_str_formatter.o
    0x00005c9e   0x00005c9e   0x00000060   Code   RO         5804    i.nrf_memobj_alloc  nrf_memobj.o
    0x00005cfe   0x00005cfe   0x00000032   Code   RO         5805    i.nrf_memobj_free   nrf_memobj.o
    0x00005d30   0x00005d30   0x00000008   Code   RO         5806    i.nrf_memobj_get    nrf_memobj.o
    0x00005d38   0x00005d38   0x00000004   Code   RO         5807    i.nrf_memobj_pool_init  nrf_memobj.o
    0x00005d3c   0x00005d3c   0x0000001e   Code   RO         5808    i.nrf_memobj_put    nrf_memobj.o
    0x00005d5a   0x00005d5a   0x00000010   Code   RO         5809    i.nrf_memobj_read   nrf_memobj.o
    0x00005d6a   0x00005d6a   0x00000010   Code   RO         5810    i.nrf_memobj_write  nrf_memobj.o
    0x00005d7a   0x00005d7a   0x00000002   PAD
    0x00005d7c   0x00005d7c   0x00000028   Code   RO         5882    i.nrf_pwr_mgmt_init  nrf_pwr_mgmt.o
    0x00005da4   0x00005da4   0x00000044   Code   RO         5883    i.nrf_pwr_mgmt_run  nrf_pwr_mgmt.o
    0x00005de8   0x00005de8   0x00000004   Code   RO           10    i.nrf_qwr_error_handler  main.o
    0x00005dec   0x00005dec   0x0000001c   Code   RO         5956    i.nrf_ringbuf_init  nrf_ringbuf.o
    0x00005e08   0x00005e08   0x0000000c   Code   RO         4701    i.nrf_rtc_event_clear  drv_rtc.o
    0x00005e14   0x00005e14   0x00000014   Code   RO         7056    i.nrf_sdh_ble_app_ram_start_get  nrf_sdh_ble.o
    0x00005e28   0x00005e28   0x00000100   Code   RO         7057    i.nrf_sdh_ble_default_cfg_set  nrf_sdh_ble.o
    0x00005f28   0x00005f28   0x00000130   Code   RO         7058    i.nrf_sdh_ble_enable  nrf_sdh_ble.o
    0x00006058   0x00006058   0x0000005c   Code   RO         7059    i.nrf_sdh_ble_evts_poll  nrf_sdh_ble.o
    0x000060b4   0x000060b4   0x00000054   Code   RO         6937    i.nrf_sdh_disable_request  nrf_sdh.o
    0x00006108   0x00006108   0x00000074   Code   RO         6938    i.nrf_sdh_enable_request  nrf_sdh.o
    0x0000617c   0x0000617c   0x00000024   Code   RO         6939    i.nrf_sdh_evts_poll  nrf_sdh.o
    0x000061a0   0x000061a0   0x0000000c   Code   RO         6940    i.nrf_sdh_is_enabled  nrf_sdh.o
    0x000061ac   0x000061ac   0x0000001c   Code   RO         6942    i.nrf_sdh_request_continue  nrf_sdh.o
    0x000061c8   0x000061c8   0x0000003c   Code   RO         7110    i.nrf_sdh_soc_evts_poll  nrf_sdh_soc.o
    0x00006204   0x00006204   0x0000000a   Code   RO         6014    i.nrf_section_iter_init  nrf_section_iter.o
    0x0000620e   0x0000620e   0x00000024   Code   RO         6015    i.nrf_section_iter_item_set  nrf_section_iter.o
    0x00006232   0x00006232   0x00000020   Code   RO         6016    i.nrf_section_iter_next  nrf_section_iter.o
    0x00006252   0x00006252   0x00000022   Code   RO         6049    i.nrf_sortlist_add  nrf_sortlist.o
    0x00006274   0x00006274   0x00000006   Code   RO         6051    i.nrf_sortlist_peek  nrf_sortlist.o
    0x0000627a   0x0000627a   0x0000000e   Code   RO         6052    i.nrf_sortlist_pop  nrf_sortlist.o
    0x00006288   0x00006288   0x0000001e   Code   RO         6053    i.nrf_sortlist_remove  nrf_sortlist.o
    0x000062a6   0x000062a6   0x00000002   PAD
    0x000062a8   0x000062a8   0x00000038   Code   RO         6105    i.nrf_strerror_find  nrf_strerror.o
    0x000062e0   0x000062e0   0x00000014   Code   RO         6106    i.nrf_strerror_get  nrf_strerror.o
    0x000062f4   0x000062f4   0x0000000a   Code   RO         3829    i.nrf_uart_event_check  nrfx_uart.o
    0x000062fe   0x000062fe   0x0000000c   Code   RO         3830    i.nrf_uart_event_clear  nrfx_uart.o
    0x0000630a   0x0000630a   0x0000000c   Code   RO         3831    i.nrf_uart_int_enable_check  nrfx_uart.o
    0x00006316   0x00006316   0x0000000a   Code   RO         4028    i.nrf_uarte_event_check  nrfx_uarte.o
    0x00006320   0x00006320   0x0000000c   Code   RO         4029    i.nrf_uarte_event_clear  nrfx_uarte.o
    0x0000632c   0x0000632c   0x00000010   Code   RO         2974    i.nrf_wdt_started   nrf_drv_clock.o
    0x0000633c   0x0000633c   0x0000002c   Code   RO         3311    i.nrfx_clock_enable  nrfx_clock.o
    0x00006368   0x00006368   0x00000020   Code   RO         3314    i.nrfx_clock_init   nrfx_clock.o
    0x00006388   0x00006388   0x00000030   Code   RO         3317    i.nrfx_clock_lfclk_stop  nrfx_clock.o
    0x000063b8   0x000063b8   0x00000010   Code   RO         4702    i.nrfx_coredep_delay_us  drv_rtc.o
    0x000063c8   0x000063c8   0x00000098   Code   RO         3464    i.nrfx_gpiote_in_event_enable  nrfx_gpiote.o
    0x00006460   0x00006460   0x000000d0   Code   RO         3466    i.nrfx_gpiote_in_init  nrfx_gpiote.o
    0x00006530   0x00006530   0x0000000e   Code   RO         3467    i.nrfx_gpiote_in_is_set  nrfx_gpiote.o
    0x0000653e   0x0000653e   0x00000002   PAD
    0x00006540   0x00006540   0x00000078   Code   RO         3469    i.nrfx_gpiote_init  nrfx_gpiote.o
    0x000065b8   0x000065b8   0x00000014   Code   RO         3470    i.nrfx_gpiote_is_init  nrfx_gpiote.o
    0x000065cc   0x000065cc   0x00000010   Code   RO         4030    i.nrfx_is_in_ram    nrfx_uarte.o
    0x000065dc   0x000065dc   0x0000003a   Code   RO         3769    i.nrfx_prs_acquire  nrfx_prs.o
    0x00006616   0x00006616   0x00000012   Code   RO         3770    i.nrfx_prs_release  nrfx_prs.o
    0x00006628   0x00006628   0x00000010   Code   RO         3832    i.nrfx_uart_0_irq_handler  nrfx_uart.o
    0x00006638   0x00006638   0x000000d4   Code   RO         3834    i.nrfx_uart_init    nrfx_uart.o
    0x0000670c   0x0000670c   0x000000a8   Code   RO         3840    i.nrfx_uart_tx      nrfx_uart.o
    0x000067b4   0x000067b4   0x00000020   Code   RO         3842    i.nrfx_uart_tx_in_progress  nrfx_uart.o
    0x000067d4   0x000067d4   0x000000c0   Code   RO         3843    i.nrfx_uart_uninit  nrfx_uart.o
    0x00006894   0x00006894   0x00000010   Code   RO         4031    i.nrfx_uarte_0_irq_handler  nrfx_uarte.o
    0x000068a4   0x000068a4   0x0000006c   Code   RO         4033    i.nrfx_uarte_init   nrfx_uarte.o
    0x00006910   0x00006910   0x000000ac   Code   RO         4037    i.nrfx_uarte_tx     nrfx_uarte.o
    0x000069bc   0x000069bc   0x0000001c   Code   RO         4039    i.nrfx_uarte_tx_in_progress  nrfx_uarte.o
    0x000069d8   0x000069d8   0x00000108   Code   RO         4040    i.nrfx_uarte_uninit  nrfx_uarte.o
    0x00006ae0   0x00006ae0   0x00000054   Code   RO           11    i.on_adv_evt        main.o
    0x00006b34   0x00006b34   0x0000001c   Code   RO           12    i.on_conn_params_evt  main.o
    0x00006b50   0x00006b50   0x000000a8   Code   RO         1707    i.on_connected_evt  nrf_ble_gatt.o
    0x00006bf8   0x00006bf8   0x000000ac   Code   RO         1708    i.on_exchange_mtu_request_evt  nrf_ble_gatt.o
    0x00006ca4   0x00006ca4   0x00000024   Code   RO         4883    i.page_identify     fds.o
    0x00006cc8   0x00006cc8   0x0000001c   Code   RO         4884    i.page_offsets_update  fds.o
    0x00006ce4   0x00006ce4   0x0000006c   Code   RO         4885    i.page_scan         fds.o
    0x00006d50   0x00006d50   0x0000001c   Code   RO         4886    i.page_tag_write_data  fds.o
    0x00006d6c   0x00006d6c   0x00000024   Code   RO         4887    i.page_tag_write_swap  fds.o
    0x00006d90   0x00006d90   0x00000130   Code   RO         4888    i.pages_init        fds.o
    0x00006ec0   0x00006ec0   0x0000000c   Code   RO         2650    i.pairing           security_dispatcher.o
    0x00006ecc   0x00006ecc   0x00000074   Code   RO         2651    i.pairing_failure   security_dispatcher.o
    0x00006f40   0x00006f40   0x0000002e   Code   RO         2652    i.pairing_success_evt_send  security_dispatcher.o
    0x00006f6e   0x00006f6e   0x00000006   Code   RO         2792    i.params_reply_pending_handle  security_manager.o
    0x00006f74   0x00006f74   0x00000020   Code   RO         2793    i.params_req_send   security_manager.o
    0x00006f94   0x00006f94   0x0000001c   Code   RO         1984    i.pdb_evt_send      peer_database.o
    0x00006fb0   0x00006fb0   0x00000090   Code   RO         1985    i.pdb_init          peer_database.o
    0x00007040   0x00007040   0x0000007c   Code   RO         1986    i.pdb_pds_evt_handler  peer_database.o
    0x000070bc   0x000070bc   0x00000006   Code   RO         1987    i.pdb_peer_data_ptr_get  peer_database.o
    0x000070c2   0x000070c2   0x00000002   PAD
    0x000070c4   0x000070c4   0x0000008c   Code   RO         1988    i.pdb_peer_free     peer_database.o
    0x00007150   0x00007150   0x000000dc   Code   RO         1989    i.pdb_write_buf_get  peer_database.o
    0x0000722c   0x0000722c   0x00000014   Code   RO         1990    i.pdb_write_buf_release  peer_database.o
    0x00007240   0x00007240   0x00000036   Code   RO         1991    i.pdb_write_buf_store  peer_database.o
    0x00007276   0x00007276   0x00000002   PAD
    0x00007278   0x00007278   0x00000010   Code   RO         1843    i.pds_evt_send      peer_data_storage.o
    0x00007288   0x00007288   0x000000dc   Code   RO         1844    i.pds_init          peer_data_storage.o
    0x00007364   0x00007364   0x00000004   Code   RO         1845    i.pds_next_deleted_peer_id_get  peer_data_storage.o
    0x00007368   0x00007368   0x00000004   Code   RO         1846    i.pds_next_peer_id_get  peer_data_storage.o
    0x0000736c   0x0000736c   0x00000058   Code   RO         1849    i.pds_peer_data_iterate  peer_data_storage.o
    0x000073c4   0x000073c4   0x00000010   Code   RO         1850    i.pds_peer_data_iterate_prepare  peer_data_storage.o
    0x000073d4   0x000073d4   0x00000072   Code   RO         1851    i.pds_peer_data_read  peer_data_storage.o
    0x00007446   0x00007446   0x00000002   PAD
    0x00007448   0x00007448   0x000000b4   Code   RO         1852    i.pds_peer_data_store  peer_data_storage.o
    0x000074fc   0x000074fc   0x00000008   Code   RO         1853    i.pds_peer_id_allocate  peer_data_storage.o
    0x00007504   0x00007504   0x00000016   Code   RO         1854    i.pds_peer_id_free  peer_data_storage.o
    0x0000751a   0x0000751a   0x00000004   Code   RO         1855    i.pds_peer_id_is_allocated  peer_data_storage.o
    0x0000751e   0x0000751e   0x00000002   PAD
    0x00007520   0x00007520   0x000000a8   Code   RO         1857    i.peer_data_delete_process  peer_data_storage.o
    0x000075c8   0x000075c8   0x00000030   Code   RO         1858    i.peer_data_find    peer_data_storage.o
    0x000075f8   0x000075f8   0x00000024   Code   RO         1859    i.peer_data_id_is_valid  peer_data_storage.o
    0x0000761c   0x0000761c   0x0000001a   Code   RO         1992    i.peer_data_point_to_buffer  peer_database.o
    0x00007636   0x00007636   0x00000002   PAD
    0x00007638   0x00007638   0x0000000c   Code   RO         2105    i.peer_id_allocate  peer_id.o
    0x00007644   0x00007644   0x00000024   Code   RO         2106    i.peer_id_delete    peer_id.o
    0x00007668   0x00007668   0x0000001c   Code   RO         2107    i.peer_id_free      peer_id.o
    0x00007684   0x00007684   0x0000000c   Code   RO         2108    i.peer_id_get_next_deleted  peer_id.o
    0x00007690   0x00007690   0x00000030   Code   RO         2109    i.peer_id_get_next_used  peer_id.o
    0x000076c0   0x000076c0   0x0000000c   Code   RO         2110    i.peer_id_init      peer_id.o
    0x000076cc   0x000076cc   0x00000014   Code   RO         2111    i.peer_id_is_allocated  peer_id.o
    0x000076e0   0x000076e0   0x00000014   Code   RO         2112    i.peer_id_is_deleted  peer_id.o
    0x000076f4   0x000076f4   0x0000006c   Code   RO           13    i.peer_manager_init  main.o
    0x00007760   0x00007760   0x00000016   Code   RO          881    i.phy_is_valid      ble_advertising.o
    0x00007776   0x00007776   0x00000002   PAD
    0x00007778   0x00007778   0x0000001c   Code   RO         3488    i.pin_configured_set  nrfx_gpiote.o
    0x00007794   0x00007794   0x00000018   Code   RO         3489    i.pin_in_use_by_port  nrfx_gpiote.o
    0x000077ac   0x000077ac   0x00000018   Code   RO         3490    i.pin_in_use_by_te  nrfx_gpiote.o
    0x000077c4   0x000077c4   0x00000064   Code   RO         2597    i.pm_buffer_block_acquire  pm_buffer.o
    0x00007828   0x00007828   0x00000024   Code   RO         2598    i.pm_buffer_init    pm_buffer.o
    0x0000784c   0x0000784c   0x00000028   Code   RO         2599    i.pm_buffer_ptr_get  pm_buffer.o
    0x00007874   0x00007874   0x00000032   Code   RO         2600    i.pm_buffer_release  pm_buffer.o
    0x000078a6   0x000078a6   0x00000002   PAD
    0x000078a8   0x000078a8   0x00000014   Code   RO         2199    i.pm_conn_sec_status_get  peer_manager.o
    0x000078bc   0x000078bc   0x0000001c   Code   RO         2200    i.pm_conn_secure    peer_manager.o
    0x000078d8   0x000078d8   0x00000020   Code   RO           14    i.pm_evt_handler    main.o
    0x000078f8   0x000078f8   0x00000004   Code   RO         2202    i.pm_gcm_evt_handler  peer_manager.o
    0x000078fc   0x000078fc   0x00000004   Code   RO         2203    i.pm_gscm_evt_handler  peer_manager.o
    0x00007900   0x00007900   0x00000244   Code   RO         2503    i.pm_handler_flash_clean  peer_manager_handler.o
    0x00007b44   0x00007b44   0x0000001c   Code   RO         2504    i.pm_handler_flash_clean_on_return  peer_manager_handler.o
    0x00007b60   0x00007b60   0x00000054   Code   RO         2505    i.pm_handler_on_pm_evt  peer_manager_handler.o
    0x00007bb4   0x00007bb4   0x00000310   Code   RO         2506    i.pm_handler_pm_evt_log  peer_manager_handler.o
    0x00007ec4   0x00007ec4   0x00000004   Code   RO         2206    i.pm_im_evt_handler  peer_manager.o
    0x00007ec8   0x00007ec8   0x000001bc   Code   RO         2207    i.pm_init           peer_manager.o
    0x00008084   0x00008084   0x00000118   Code   RO         2211    i.pm_pdb_evt_handler  peer_manager.o
    0x0000819c   0x0000819c   0x00000014   Code   RO         2222    i.pm_peer_delete    peer_manager.o
    0x000081b0   0x000081b0   0x0000011c   Code   RO         2226    i.pm_peer_rank_highest  peer_manager.o
    0x000082cc   0x000082cc   0x000000e8   Code   RO         2227    i.pm_peer_ranks_get  peer_manager.o
    0x000083b4   0x000083b4   0x00000094   Code   RO         2228    i.pm_peers_delete   peer_manager.o
    0x00008448   0x00008448   0x0000002c   Code   RO         2231    i.pm_register       peer_manager.o
    0x00008474   0x00008474   0x00000014   Code   RO         2233    i.pm_sec_params_set  peer_manager.o
    0x00008488   0x00008488   0x0000000a   Code   RO         2234    i.pm_sm_evt_handler  peer_manager.o
    0x00008492   0x00008492   0x00000002   PAD
    0x00008494   0x00008494   0x000000d0   Code   RO         3491    i.port_event_handle  nrfx_gpiote.o
    0x00008564   0x00008564   0x00000010   Code   RO         3492    i.port_handler_polarity_get  nrfx_gpiote.o
    0x00008574   0x00008574   0x0000003c   Code   RO         6524    i.postfix_process   nrf_log_str_formatter.o
    0x000085b0   0x000085b0   0x00000098   Code   RO         6525    i.prefix_process    nrf_log_str_formatter.o
    0x00008648   0x00008648   0x00000018   Code   RO         3771    i.prs_box_get       nrfx_prs.o
    0x00008660   0x00008660   0x0000001c   Code   RO         4889    i.queue_buf_get     fds.o
    0x0000867c   0x0000867c   0x00000010   Code   RO         4890    i.queue_buf_store   fds.o
    0x0000868c   0x0000868c   0x00000014   Code   RO         5698    i.queue_free        nrf_fstorage_sd.o
    0x000086a0   0x000086a0   0x000000a4   Code   RO         4891    i.queue_process     fds.o
    0x00008744   0x00008744   0x000000a0   Code   RO         5699    i.queue_process     nrf_fstorage_sd.o
    0x000087e4   0x000087e4   0x0000001c   Code   RO         4892    i.queue_start       fds.o
    0x00008800   0x00008800   0x00000024   Code   RO         5700    i.queue_start       nrf_fstorage_sd.o
    0x00008824   0x00008824   0x0000001c   Code   RO         2509    i.rank_highest      peer_manager_handler.o
    0x00008840   0x00008840   0x00000034   Code   RO         2237    i.rank_vars_update  peer_manager.o
    0x00008874   0x00008874   0x0000000e   Code   RO         5701    i.read              nrf_fstorage_sd.o
    0x00008882   0x00008882   0x00000002   PAD
    0x00008884   0x00008884   0x000000a8   Code   RO         1993    i.reattempt_previous_operations  peer_database.o
    0x0000892c   0x0000892c   0x00000090   Code   RO         4893    i.record_find       fds.o
    0x000089bc   0x000089bc   0x000000a0   Code   RO         4894    i.record_find_by_desc  fds.o
    0x00008a5c   0x00008a5c   0x0000005c   Code   RO         4895    i.record_find_next  fds.o
    0x00008ab8   0x00008ab8   0x0000003c   Code   RO         4896    i.record_header_flag_dirty  fds.o
    0x00008af4   0x00008af4   0x00000088   Code   RO         4897    i.records_stat      fds.o
    0x00008b7c   0x00008b7c   0x00000010   Code   RO         2114    i.release           peer_id.o
    0x00008b8c   0x00008b8c   0x00000004   Code   RO         5702    i.rmap              nrf_fstorage_sd.o
    0x00008b90   0x00008b90   0x0000005c   Code   RO         4454    i.rtc_irq           app_timer2.o
    0x00008bec   0x00008bec   0x00000064   Code   RO         4455    i.rtc_schedule      app_timer2.o
    0x00008c50   0x00008c50   0x00000074   Code   RO         4456    i.rtc_update        app_timer2.o
    0x00008cc4   0x00008cc4   0x00000032   Code   RO         3844    i.rx_byte           nrfx_uart.o
    0x00008cf6   0x00008cf6   0x00000016   Code   RO         3845    i.rx_done_event     nrfx_uart.o
    0x00008d0c   0x00008d0c   0x00000016   Code   RO         4041    i.rx_done_event     nrfx_uarte.o
    0x00008d22   0x00008d22   0x00000002   PAD
    0x00008d24   0x00008d24   0x00000024   Code   RO         1282    i.sc_send_pending_handle  gatt_cache_manager.o
    0x00008d48   0x00008d48   0x00000058   Code   RO         2975    i.sd_state_evt_handler  nrf_drv_clock.o
    0x00008da0   0x00008da0   0x00000030   Code   RO         6945    i.sdh_request_observer_notify  nrf_sdh.o
    0x00008dd0   0x00008dd0   0x0000002c   Code   RO         6946    i.sdh_state_observer_notify  nrf_sdh.o
    0x00008dfc   0x00008dfc   0x000000d8   Code   RO         2653    i.sec_info_request_process  security_dispatcher.o
    0x00008ed4   0x00008ed4   0x000000f4   Code   RO         2654    i.sec_keyset_fill   security_dispatcher.o
    0x00008fc8   0x00008fc8   0x00000076   Code   RO         2794    i.sec_params_verify  security_manager.o
    0x0000903e   0x0000903e   0x00000002   PAD
    0x00009040   0x00009040   0x00000060   Code   RO         2655    i.sec_proc_start    security_dispatcher.o
    0x000090a0   0x000090a0   0x0000005c   Code   RO         2795    i.sec_req_process   security_manager.o
    0x000090fc   0x000090fc   0x00000022   Code   RO         2656    i.send_config_req   security_dispatcher.o
    0x0000911e   0x0000911e   0x00000002   PAD
    0x00009120   0x00009120   0x00000010   Code   RO          969    i.send_error_evt    ble_conn_params.o
    0x00009130   0x00009130   0x00000028   Code   RO         1283    i.send_unexpected_error  gatt_cache_manager.o
    0x00009158   0x00009158   0x00000028   Code   RO         2657    i.send_unexpected_error  security_dispatcher.o
    0x00009180   0x00009180   0x00000040   Code   RO         6229    i.serial_tx         nrf_log_backend_uart.o
    0x000091c0   0x000091c0   0x00000014   Code   RO         1284    i.service_changed_pending_flags_check  gatt_cache_manager.o
    0x000091d4   0x000091d4   0x00000094   Code   RO         1443    i.service_changed_pending_set  gatts_cache_manager.o
    0x00009268   0x00009268   0x00000168   Code   RO         1285    i.service_changed_send_in_evt  gatt_cache_manager.o
    0x000093d0   0x000093d0   0x00000088   Code   RO          774    i.service_data_encode  ble_advdata.o
    0x00009458   0x00009458   0x00000028   Code   RO           15    i.sleep_mode_enter  main.o
    0x00009480   0x00009480   0x0000002c   Code   RO         2796    i.sm_ble_evt_handler  security_manager.o
    0x000094ac   0x000094ac   0x000000a2   Code   RO         2798    i.sm_conn_sec_status_get  security_manager.o
    0x0000954e   0x0000954e   0x00000002   PAD
    0x00009550   0x00009550   0x00000058   Code   RO         2799    i.sm_init           security_manager.o
    0x000095a8   0x000095a8   0x0000000a   Code   RO         2801    i.sm_link_secure    security_manager.o
    0x000095b2   0x000095b2   0x00000002   PAD
    0x000095b4   0x000095b4   0x00000044   Code   RO         2802    i.sm_pdb_evt_handler  security_manager.o
    0x000095f8   0x000095f8   0x00000028   Code   RO         2803    i.sm_sec_is_sufficient  security_manager.o
    0x00009620   0x00009620   0x00000034   Code   RO         2805    i.sm_sec_params_set  security_manager.o
    0x00009654   0x00009654   0x0000002c   Code   RO         2806    i.sm_smd_evt_handler  security_manager.o
    0x00009680   0x00009680   0x000000f4   Code   RO         2658    i.smd_ble_evt_handler  security_dispatcher.o
    0x00009774   0x00009774   0x00000068   Code   RO         2660    i.smd_init          security_dispatcher.o
    0x000097dc   0x000097dc   0x00000028   Code   RO         2661    i.smd_link_secure   security_dispatcher.o
    0x00009804   0x00009804   0x000000ac   Code   RO         2662    i.smd_params_reply  security_dispatcher.o
    0x000098b0   0x000098b0   0x00000040   Code   RO         2807    i.smd_params_reply_perform  security_manager.o
    0x000098f0   0x000098f0   0x00000018   Code   RO         2976    i.soc_evt_handler   nrf_drv_clock.o
    0x00009908   0x00009908   0x00000040   Code   RO         6947    i.softdevice_evt_irq_disable  nrf_sdh.o
    0x00009948   0x00009948   0x00000058   Code   RO         6948    i.softdevices_evt_irq_enable  nrf_sdh.o
    0x000099a0   0x000099a0   0x0000000c   Code   RO         4457    i.sortlist_pop      app_timer2.o
    0x000099ac   0x000099ac   0x00000030   Code   RO         4198    i.state_set         app_button.o
    0x000099dc   0x000099dc   0x00000094   Code   RO         6359    i.std_n             nrf_log_frontend.o
    0x00009a70   0x00009a70   0x0000006c   Code   RO         1286    i.store_car_value   gatt_cache_manager.o
    0x00009adc   0x00009adc   0x00000058   Code   RO         4458    i.timer_expire      app_timer2.o
    0x00009b34   0x00009b34   0x00000078   Code   RO         4459    i.timer_req_process  app_timer2.o
    0x00009bac   0x00009bac   0x00000038   Code   RO         4460    i.timer_req_schedule  app_timer2.o
    0x00009be4   0x00009be4   0x00000018   Code   RO         4199    i.timer_start       app_button.o
    0x00009bfc   0x00009bfc   0x00000020   Code   RO         3847    i.tx_byte           nrfx_uart.o
    0x00009c1c   0x00009c1c   0x0000001a   Code   RO         3848    i.tx_done_event     nrfx_uart.o
    0x00009c36   0x00009c36   0x0000001a   Code   RO         4042    i.tx_done_event     nrfx_uarte.o
    0x00009c50   0x00009c50   0x00000030   Code   RO         3114    i.uart_evt_handler  nrf_drv_uart.o
    0x00009c80   0x00009c80   0x0000000c   Code   RO         6230    i.uart_evt_handler  nrf_log_backend_uart.o
    0x00009c8c   0x00009c8c   0x00000050   Code   RO         6231    i.uart_init         nrf_log_backend_uart.o
    0x00009cdc   0x00009cdc   0x0000012a   Code   RO         3849    i.uart_irq_handler  nrfx_uart.o
    0x00009e06   0x00009e06   0x00000002   PAD
    0x00009e08   0x00009e08   0x00000030   Code   RO         3115    i.uarte_evt_handler  nrf_drv_uart.o
    0x00009e38   0x00009e38   0x00000112   Code   RO         4043    i.uarte_irq_handler  nrfx_uarte.o
    0x00009f4a   0x00009f4a   0x0000000a   Code   RO          775    i.uint16_encode     ble_advdata.o
    0x00009f54   0x00009f54   0x00000020   Code   RO         5703    i.uninit            nrf_fstorage_sd.o
    0x00009f74   0x00009f74   0x000000b4   Code   RO         5567    i.unsigned_print    nrf_fprintf_format.o
    0x0000a028   0x0000a028   0x00000030   Code   RO         1287    i.update_pending_flags_check  gatt_cache_manager.o
    0x0000a058   0x0000a058   0x00000068   Code   RO          970    i.update_timeout_handler  ble_conn_params.o
    0x0000a0c0   0x0000a0c0   0x00000018   Code   RO          882    i.use_whitelist     ble_advertising.o
    0x0000a0d8   0x0000a0d8   0x0000000c   Code   RO         1057    i.user_flag_is_acquired  ble_conn_state.o
    0x0000a0e4   0x0000a0e4   0x00000024   Code   RO         1803    i.user_mem_reply    nrf_ble_qwr.o
    0x0000a108   0x0000a108   0x00000020   Code   RO         4200    i.usr_event         app_button.o
    0x0000a128   0x0000a128   0x00000030   Code   RO          776    i.uuid_list_encode  ble_advdata.o
    0x0000a158   0x0000a158   0x0000009e   Code   RO          777    i.uuid_list_sized_encode  ble_advdata.o
    0x0000a1f6   0x0000a1f6   0x00000002   PAD
    0x0000a1f8   0x0000a1f8   0x0000004c   Code   RO          533    i.wakeup_button_cfg  bsp.o
    0x0000a244   0x0000a244   0x00000004   Code   RO         5704    i.wmap              nrf_fstorage_sd.o
    0x0000a248   0x0000a248   0x00000050   Code   RO         5705    i.write             nrf_fstorage_sd.o
    0x0000a298   0x0000a298   0x0000014c   Code   RO         1994    i.write_buf_store   peer_database.o
    0x0000a3e4   0x0000a3e4   0x00000034   Code   RO         1995    i.write_buffer_record_find  peer_database.o
    0x0000a418   0x0000a418   0x00000030   Code   RO         1996    i.write_buffer_record_find_next  peer_database.o
    0x0000a448   0x0000a448   0x0000001c   Code   RO         1997    i.write_buffer_record_invalidate  peer_database.o
    0x0000a464   0x0000a464   0x0000002c   Code   RO         1998    i.write_buffer_record_release  peer_database.o
    0x0000a490   0x0000a490   0x000000f4   Code   RO         4898    i.write_enqueue     fds.o
    0x0000a584   0x0000a584   0x000000f8   Code   RO         4899    i.write_execute     fds.o
    0x0000a67c   0x0000a67c   0x00000018   Code   RO         4900    i.write_space_free  fds.o
    0x0000a694   0x0000a694   0x00000060   Code   RO         4901    i.write_space_reserve  fds.o
    0x0000a6f4   0x0000a6f4   0x00000008   Data   RO          416    .constdata          boards.o
    0x0000a6fc   0x0000a6fc   0x0000002c   Data   RO          538    .constdata          bsp.o
    0x0000a728   0x0000a728   0x0000006c   Data   RO         1288    .constdata          gatt_cache_manager.o
    0x0000a794   0x0000a794   0x00000004   Data   RO         1444    .constdata          gatts_cache_manager.o
    0x0000a798   0x0000a798   0x00000010   Data   RO         1445    .constdata          gatts_cache_manager.o
    0x0000a7a8   0x0000a7a8   0x00000004   Data   RO         1446    .constdata          gatts_cache_manager.o
    0x0000a7ac   0x0000a7ac   0x00000008   Data   RO         1553    .constdata          id_manager.o
    0x0000a7b4   0x0000a7b4   0x00000016   Data   RO         1709    .constdata          nrf_ble_gatt.o
    0x0000a7ca   0x0000a7ca   0x00000002   PAD
    0x0000a7cc   0x0000a7cc   0x00000018   Data   RO         1860    .constdata          peer_data_storage.o
    0x0000a7e4   0x0000a7e4   0x00000010   Data   RO         2000    .constdata          peer_database.o
    0x0000a7f4   0x0000a7f4   0x0000002c   Data   RO         2239    .constdata          peer_manager.o
    0x0000a820   0x0000a820   0x00000014   Data   RO         2512    .constdata          peer_manager_handler.o
    0x0000a834   0x0000a834   0x00000078   Data   RO         2664    .constdata          security_dispatcher.o
    0x0000a8ac   0x0000a8ac   0x00000008   Data   RO         2808    .constdata          security_manager.o
    0x0000a8b4   0x0000a8b4   0x00000008   Data   RO         3494    .constdata          nrfx_gpiote.o
    0x0000a8bc   0x0000a8bc   0x00000004   Data   RO         3852    .constdata          nrfx_uart.o
    0x0000a8c0   0x0000a8c0   0x00000004   Data   RO         4046    .constdata          nrfx_uarte.o
    0x0000a8c4   0x0000a8c4   0x00000008   Data   RO         4203    .constdata          app_button.o
    0x0000a8cc   0x0000a8cc   0x00000014   Data   RO         4463    .constdata          app_timer2.o
    0x0000a8e0   0x0000a8e0   0x00000006   Data   RO         4703    .constdata          drv_rtc.o
    0x0000a8e6   0x0000a8e6   0x00000002   PAD
    0x0000a8e8   0x0000a8e8   0x00000018   Data   RO         4904    .constdata          fds.o
    0x0000a900   0x0000a900   0x00000010   Data   RO         5568    .constdata          nrf_fprintf_format.o
    0x0000a910   0x0000a910   0x0000005e   Data   RO         5614    .constdata          nrf_fstorage.o
    0x0000a96e   0x0000a96e   0x00000002   PAD
    0x0000a970   0x0000a970   0x00000010   Data   RO         5708    .constdata          nrf_fstorage_sd.o
    0x0000a980   0x0000a980   0x00000020   Data   RO         5709    .constdata          nrf_fstorage_sd.o
    0x0000a9a0   0x0000a9a0   0x00000018   Data   RO         5887    .constdata          nrf_pwr_mgmt.o
    0x0000a9b8   0x0000a9b8   0x0000000c   Data   RO         5888    .constdata          nrf_pwr_mgmt.o
    0x0000a9c4   0x0000a9c4   0x0000013c   Data   RO         6107    .constdata          nrf_strerror.o
    0x0000ab00   0x0000ab00   0x0000000c   Data   RO         6233    .constdata          nrf_log_backend_uart.o
    0x0000ab0c   0x0000ab0c   0x00000020   Data   RO         6234    .constdata          nrf_log_backend_uart.o
    0x0000ab2c   0x0000ab2c   0x0000000c   Data   RO         6364    .constdata          nrf_log_frontend.o
    0x0000ab38   0x0000ab38   0x00000010   Data   RO         6949    .constdata          nrf_sdh.o
    0x0000ab48   0x0000ab48   0x00000028   Data   RO         6950    .constdata          nrf_sdh.o
    0x0000ab70   0x0000ab70   0x00000010   Data   RO         6951    .constdata          nrf_sdh.o
    0x0000ab80   0x0000ab80   0x00000010   Data   RO         6952    .constdata          nrf_sdh.o
    0x0000ab90   0x0000ab90   0x00000020   Data   RO         7060    .constdata          nrf_sdh_ble.o
    0x0000abb0   0x0000abb0   0x00000010   Data   RO         7061    .constdata          nrf_sdh_ble.o
    0x0000abc0   0x0000abc0   0x00000010   Data   RO         7111    .constdata          nrf_sdh_soc.o
    0x0000abd0   0x0000abd0   0x0000000c   Data   RO         7112    .constdata          nrf_sdh_soc.o
    0x0000abdc   0x0000abdc   0x00000081   Data   RO         7213    .constdata          mc_w.l(ctype_o.o)
    0x0000ac5d   0x0000ac5d   0x00000003   PAD
    0x0000ac60   0x0000ac60   0x00000004   Data   RO         7214    .constdata          mc_w.l(ctype_o.o)
    0x0000ac64   0x0000ac64   0x000001a4   Data   RO         1289    .conststring        gatt_cache_manager.o
    0x0000ae08   0x0000ae08   0x0000019c   Data   RO         1447    .conststring        gatts_cache_manager.o
    0x0000afa4   0x0000afa4   0x000000a2   Data   RO         1710    .conststring        nrf_ble_gatt.o
    0x0000b046   0x0000b046   0x00000002   PAD
    0x0000b048   0x0000b048   0x000000e8   Data   RO         1861    .conststring        peer_data_storage.o
    0x0000b130   0x0000b130   0x00000180   Data   RO         2001    .conststring        peer_database.o
    0x0000b2b0   0x0000b2b0   0x00000090   Data   RO         2240    .conststring        peer_manager.o
    0x0000b340   0x0000b340   0x0000030f   Data   RO         2513    .conststring        peer_manager_handler.o
    0x0000b64f   0x0000b64f   0x00000001   PAD
    0x0000b650   0x0000b650   0x000002b2   Data   RO         2665    .conststring        security_dispatcher.o
    0x0000b902   0x0000b902   0x00000002   PAD
    0x0000b904   0x0000b904   0x0000017b   Data   RO         2809    .conststring        security_manager.o
    0x0000ba7f   0x0000ba7f   0x00000001   PAD
    0x0000ba80   0x0000ba80   0x0000004f   Data   RO         5615    .conststring        nrf_fstorage.o
    0x0000bacf   0x0000bacf   0x00000001   PAD
    0x0000bad0   0x0000bad0   0x000003eb   Data   RO         6108    .conststring        nrf_strerror.o
    0x0000bebb   0x0000bebb   0x00000001   PAD
    0x0000bebc   0x0000bebc   0x00000066   Data   RO         6526    .conststring        nrf_log_str_formatter.o
    0x0000bf22   0x0000bf22   0x00000002   PAD
    0x0000bf24   0x0000bf24   0x00000188   Data   RO         7062    .conststring        nrf_sdh_ble.o
    0x0000c0ac   0x0000c0ac   0x00000011   Data   RO         1290    .conststrlit        gatt_cache_manager.o
    0x0000c0bd   0x0000c0bd   0x00000003   PAD
    0x0000c0c0   0x0000c0c0   0x00000012   Data   RO         1448    .conststrlit        gatts_cache_manager.o
    0x0000c0d2   0x0000c0d2   0x00000002   PAD
    0x0000c0d4   0x0000c0d4   0x00000010   Data   RO         1555    .conststrlit        id_manager.o
    0x0000c0e4   0x0000c0e4   0x0000000d   Data   RO         1711    .conststrlit        nrf_ble_gatt.o
    0x0000c0f1   0x0000c0f1   0x00000003   PAD
    0x0000c0f4   0x0000c0f4   0x00000011   Data   RO         1862    .conststrlit        peer_data_storage.o
    0x0000c105   0x0000c105   0x00000003   PAD
    0x0000c108   0x0000c108   0x00000011   Data   RO         2002    .conststrlit        peer_database.o
    0x0000c119   0x0000c119   0x00000003   PAD
    0x0000c11c   0x0000c11c   0x0000000d   Data   RO         2241    .conststrlit        peer_manager.o
    0x0000c129   0x0000c129   0x00000003   PAD
    0x0000c12c   0x0000c12c   0x00000015   Data   RO         2516    .conststrlit        peer_manager_handler.o
    0x0000c141   0x0000c141   0x00000003   PAD
    0x0000c144   0x0000c144   0x00000011   Data   RO         2666    .conststrlit        security_dispatcher.o
    0x0000c155   0x0000c155   0x00000003   PAD
    0x0000c158   0x0000c158   0x00000010   Data   RO         2810    .conststrlit        security_manager.o
    0x0000c168   0x0000c168   0x00000006   Data   RO         2982    .conststrlit        nrf_drv_clock.o
    0x0000c16e   0x0000c16e   0x00000002   PAD
    0x0000c170   0x0000c170   0x00000006   Data   RO         3321    .conststrlit        nrfx_clock.o
    0x0000c176   0x0000c176   0x00000002   PAD
    0x0000c178   0x0000c178   0x00000007   Data   RO         3498    .conststrlit        nrfx_gpiote.o
    0x0000c17f   0x0000c17f   0x00000001   PAD
    0x0000c180   0x0000c180   0x00000004   Data   RO         3773    .conststrlit        nrfx_prs.o
    0x0000c184   0x0000c184   0x00000005   Data   RO         3855    .conststrlit        nrfx_uart.o
    0x0000c189   0x0000c189   0x00000003   PAD
    0x0000c18c   0x0000c18c   0x00000006   Data   RO         4049    .conststrlit        nrfx_uarte.o
    0x0000c192   0x0000c192   0x00000002   PAD
    0x0000c194   0x0000c194   0x0000000b   Data   RO         4204    .conststrlit        app_button.o
    0x0000c19f   0x0000c19f   0x00000001   PAD
    0x0000c1a0   0x0000c1a0   0x0000000a   Data   RO         4464    .conststrlit        app_timer2.o
    0x0000c1aa   0x0000c1aa   0x00000002   PAD
    0x0000c1ac   0x0000c1ac   0x0000000d   Data   RO         5616    .conststrlit        nrf_fstorage.o
    0x0000c1b9   0x0000c1b9   0x00000003   PAD
    0x0000c1bc   0x0000c1bc   0x00000009   Data   RO         5889    .conststrlit        nrf_pwr_mgmt.o
    0x0000c1c5   0x0000c1c5   0x00000003   PAD
    0x0000c1c8   0x0000c1c8   0x00000009   Data   RO         6054    .conststrlit        nrf_sortlist.o
    0x0000c1d1   0x0000c1d1   0x00000003   PAD
    0x0000c1d4   0x0000c1d4   0x00000011   Data   RO         6299    .conststrlit        nrf_log_default_backends.o
    0x0000c1e5   0x0000c1e5   0x00000003   PAD
    0x0000c1e8   0x0000c1e8   0x00000004   Data   RO         6365    .conststrlit        nrf_log_frontend.o
    0x0000c1ec   0x0000c1ec   0x00000008   Data   RO         6953    .conststrlit        nrf_sdh.o
    0x0000c1f4   0x0000c1f4   0x0000000c   Data   RO         7063    .conststrlit        nrf_sdh_ble.o
    0x0000c200   0x0000c200   0x0000000c   Data   RO         7113    .conststrlit        nrf_sdh_soc.o
    0x0000c20c   0x0000c20c   0x00000020   Data   RO         7274    Region$$Table       anon$$obj.o
    0x0000c22c   0x0000c22c   0x00000010   Data   RO         6301    log_backends        nrf_log_default_backends.o
    0x0000c23c   0x0000c23c   0x00000008   Data   RO         1292    log_const_data      gatt_cache_manager.o
    0x0000c244   0x0000c244   0x00000008   Data   RO         1450    log_const_data      gatts_cache_manager.o
    0x0000c24c   0x0000c24c   0x00000008   Data   RO         1557    log_const_data      id_manager.o
    0x0000c254   0x0000c254   0x00000008   Data   RO         1712    log_const_data      nrf_ble_gatt.o
    0x0000c25c   0x0000c25c   0x00000008   Data   RO         1864    log_const_data      peer_data_storage.o
    0x0000c264   0x0000c264   0x00000008   Data   RO         2004    log_const_data      peer_database.o
    0x0000c26c   0x0000c26c   0x00000008   Data   RO         2243    log_const_data      peer_manager.o
    0x0000c274   0x0000c274   0x00000008   Data   RO         2519    log_const_data      peer_manager_handler.o
    0x0000c27c   0x0000c27c   0x00000008   Data   RO         2668    log_const_data      security_dispatcher.o
    0x0000c284   0x0000c284   0x00000008   Data   RO         2812    log_const_data      security_manager.o
    0x0000c28c   0x0000c28c   0x00000008   Data   RO         2983    log_const_data      nrf_drv_clock.o
    0x0000c294   0x0000c294   0x00000008   Data   RO         3323    log_const_data      nrfx_clock.o
    0x0000c29c   0x0000c29c   0x00000008   Data   RO         3499    log_const_data      nrfx_gpiote.o
    0x0000c2a4   0x0000c2a4   0x00000008   Data   RO         3775    log_const_data      nrfx_prs.o
    0x0000c2ac   0x0000c2ac   0x00000008   Data   RO         3856    log_const_data      nrfx_uart.o
    0x0000c2b4   0x0000c2b4   0x00000008   Data   RO         4050    log_const_data      nrfx_uarte.o
    0x0000c2bc   0x0000c2bc   0x00000008   Data   RO         4206    log_const_data      app_button.o
    0x0000c2c4   0x0000c2c4   0x00000008   Data   RO         4467    log_const_data      app_timer2.o
    0x0000c2cc   0x0000c2cc   0x00000008   Data   RO         5617    log_const_data      nrf_fstorage.o
    0x0000c2d4   0x0000c2d4   0x00000008   Data   RO         5891    log_const_data      nrf_pwr_mgmt.o
    0x0000c2dc   0x0000c2dc   0x00000008   Data   RO         6055    log_const_data      nrf_sortlist.o
    0x0000c2e4   0x0000c2e4   0x00000008   Data   RO         6369    log_const_data      nrf_log_frontend.o
    0x0000c2ec   0x0000c2ec   0x00000008   Data   RO         6955    log_const_data      nrf_sdh.o
    0x0000c2f4   0x0000c2f4   0x00000008   Data   RO         7065    log_const_data      nrf_sdh_ble.o
    0x0000c2fc   0x0000c2fc   0x00000008   Data   RO         7114    log_const_data      nrf_sdh_soc.o
    0x0000c304   0x0000c304   0x00000014   Data   RO         6370    nrf_balloc          nrf_log_frontend.o
    0x0000c318   0x0000c318   0x00000008   Data   RO         1059    sdh_ble_observers0  ble_conn_state.o
    0x0000c320   0x0000c320   0x00000010   Data   RO           18    sdh_ble_observers1  main.o
    0x0000c330   0x0000c330   0x00000008   Data   RO          641    sdh_ble_observers1  bsp_btn_ble.o
    0x0000c338   0x0000c338   0x00000008   Data   RO          973    sdh_ble_observers1  ble_conn_params.o
    0x0000c340   0x0000c340   0x00000008   Data   RO         2244    sdh_ble_observers1  peer_manager.o
    0x0000c348   0x0000c348   0x00000008   Data   RO           19    sdh_ble_observers2  main.o
    0x0000c350   0x0000c350   0x00000008   Data   RO           20    sdh_ble_observers3  main.o
    0x0000c358   0x0000c358   0x00000008   Data   RO         5711    sdh_req_observers0  nrf_fstorage_sd.o
    0x0000c360   0x0000c360   0x00000008   Data   RO         2984    sdh_soc_observers0  nrf_drv_clock.o
    0x0000c368   0x0000c368   0x00000008   Data   RO         5712    sdh_soc_observers0  nrf_fstorage_sd.o
    0x0000c370   0x0000c370   0x00000008   Data   RO         7066    sdh_stack_observers0  nrf_sdh_ble.o
    0x0000c378   0x0000c378   0x00000008   Data   RO         7115    sdh_stack_observers0  nrf_sdh_soc.o
    0x0000c380   0x0000c380   0x00000008   Data   RO         2985    sdh_state_observers0  nrf_drv_clock.o
    0x0000c388   0x0000c388   0x00000008   Data   RO         5713    sdh_state_observers0  nrf_fstorage_sd.o


    Execution Region RW_IRAM1 (Exec base: 0x20000000, Load base: 0x0000c390, Size: 0x00003388, Max: 0x00040000, ABSOLUTE, COMPRESSED[0x00000094])

    Exec Addr    Load Addr    Size         Type   Attr      Idx    E Section Name        Object

    0x20000000   COMPRESSED   0x00000006   Data   RW           17    .data               main.o
    0x20000006   COMPRESSED   0x00000002   PAD
    0x20000008   COMPRESSED   0x00000010   Data   RW          539    .data               bsp.o
    0x20000018   COMPRESSED   0x00000008   Data   RW          640    .data               bsp_btn_ble.o
    0x20000020   COMPRESSED   0x00000008   Data   RW          972    .data               ble_conn_params.o
    0x20000028   COMPRESSED   0x00000010   Data   RW         1291    .data               gatt_cache_manager.o
    0x20000038   COMPRESSED   0x0000000c   Data   RW         1449    .data               gatts_cache_manager.o
    0x20000044   COMPRESSED   0x0000000c   Data   RW         1863    .data               peer_data_storage.o
    0x20000050   COMPRESSED   0x00000008   Data   RW         2003    .data               peer_database.o
    0x20000058   COMPRESSED   0x00000010   Data   RW         2242    .data               peer_manager.o
    0x20000068   COMPRESSED   0x00000060   Data   RW         2517    .data               peer_manager_handler.o
    0x200000c8   COMPRESSED   0x00000005   Data   RW         2667    .data               security_dispatcher.o
    0x200000cd   COMPRESSED   0x00000003   PAD
    0x200000d0   COMPRESSED   0x00000015   Data   RW         2811    .data               security_manager.o
    0x200000e5   COMPRESSED   0x00000003   PAD
    0x200000e8   COMPRESSED   0x00000014   Data   RW         3116    .data               nrf_drv_uart.o
    0x200000fc   COMPRESSED   0x00000008   Data   RW         3322    .data               nrfx_clock.o
    0x20000104   COMPRESSED   0x00000008   Data   RW         3774    .data               nrfx_prs.o
    0x2000010c   COMPRESSED   0x00000004   PAD
    0x20000110   COMPRESSED   0x00000018   Data   RW         4205    .data               app_button.o
    0x20000128   COMPRESSED   0x00000020   Data   RW         4465    .data               app_timer2.o
    0x20000148   COMPRESSED   0x00000004   Data   RW         4466    .data               app_timer2.o
    0x2000014c   COMPRESSED   0x0000000c   Data   RW         4704    .data               drv_rtc.o
    0x20000158   COMPRESSED   0x00000030   Data   RW         4905    .data               fds.o
    0x20000188   COMPRESSED   0x00000008   Data   RW         5710    .data               nrf_fstorage_sd.o
    0x20000190   COMPRESSED   0x00000008   Data   RW         5890    .data               nrf_pwr_mgmt.o
    0x20000198   COMPRESSED   0x00000018   Data   RW         6235    .data               nrf_log_backend_uart.o
    0x200001b0   COMPRESSED   0x00000008   Data   RW         6300    .data               nrf_log_default_backends.o
    0x200001b8   COMPRESSED   0x00000004   Data   RW         6366    .data               nrf_log_frontend.o
    0x200001bc   COMPRESSED   0x00000008   Data   RW         6367    .data               nrf_log_frontend.o
    0x200001c4   COMPRESSED   0x00000008   Data   RW         6368    .data               nrf_log_frontend.o
    0x200001cc   COMPRESSED   0x00000040   Data   RW         6527    .data               nrf_log_str_formatter.o
    0x2000020c   COMPRESSED   0x00000003   Data   RW         6954    .data               nrf_sdh.o
    0x2000020f   COMPRESSED   0x00000001   Data   RW         7064    .data               nrf_sdh_ble.o
    0x20000210   COMPRESSED   0x00000004   Data   RW         7154    .data               system_nrf52840.o
    0x20000214   COMPRESSED   0x00000014   Data   RW         4906    fs_data             fds.o
    0x20000228        -       0x00000454   Zero   RW           16    .bss                main.o
    0x2000067c   COMPRESSED   0x00000004   PAD
    0x20000680        -       0x00000020   Zero   RW          534    .bss                bsp.o
    0x200006a0        -       0x00000020   Zero   RW          535    .bss                bsp.o
    0x200006c0        -       0x0000000c   Zero   RW          536    .bss                bsp.o
    0x200006cc   COMPRESSED   0x00000004   PAD
    0x200006d0        -       0x00000020   Zero   RW          537    .bss                bsp.o
    0x200006f0        -       0x00000050   Zero   RW          971    .bss                ble_conn_params.o
    0x20000740        -       0x0000007c   Zero   RW         1058    .bss                ble_conn_state.o
    0x200007bc        -       0x000000d8   Zero   RW         1552    .bss                id_manager.o
    0x20000894        -       0x00000180   Zero   RW         1999    .bss                peer_database.o
    0x20000a14        -       0x00000040   Zero   RW         2115    .bss                peer_id.o
    0x20000a54        -       0x0000000c   Zero   RW         2238    .bss                peer_manager.o
    0x20000a60        -       0x00000040   Zero   RW         2663    .bss                security_dispatcher.o
    0x20000aa0        -       0x00000014   Zero   RW         2977    .bss                nrf_drv_clock.o
    0x20000ab4        -       0x0000006c   Zero   RW         3493    .bss                nrfx_gpiote.o
    0x20000b20        -       0x0000002c   Zero   RW         3850    .bss                nrfx_uart.o
    0x20000b4c        -       0x00000024   Zero   RW         4044    .bss                nrfx_uarte.o
    0x20000b70        -       0x00000020   Zero   RW         4201    .bss                app_button.o
    0x20000b90        -       0x00000020   Zero   RW         4202    .bss                app_button.o
    0x20000bb0        -       0x00000010   Zero   RW         4461    .bss                app_timer2.o
    0x20000bc0        -       0x00000058   Zero   RW         4462    .bss                app_timer2.o
    0x20000c18        -       0x0000000c   Zero   RW         4591    .bss                app_util_platform.o
    0x20000c24        -       0x00000010   Zero   RW         4902    .bss                fds.o
    0x20000c34        -       0x000000e0   Zero   RW         4903    .bss                fds.o
    0x20000d14        -       0x00000010   Zero   RW         5706    .bss                nrf_fstorage_sd.o
    0x20000d24        -       0x000000a0   Zero   RW         5707    .bss                nrf_fstorage_sd.o
    0x20000dc4        -       0x0000000c   Zero   RW         5886    .bss                nrf_pwr_mgmt.o
    0x20000dd0        -       0x00000040   Zero   RW         6232    .bss                nrf_log_backend_uart.o
    0x20000e10        -       0x000000c0   Zero   RW         6360    .bss                nrf_log_frontend.o
    0x20000ed0        -       0x00000080   Zero   RW         6361    .bss                nrf_log_frontend.o
    0x20000f50        -       0x00000018   Zero   RW         6362    .bss                nrf_log_frontend.o
    0x20000f68        -       0x00000420   Zero   RW         6363    .bss                nrf_log_frontend.o
    0x20001388        -       0x00002000   Zero   RW         7142    STACK               arm_startup_nrf52840.o

