Archive member included to satisfy reference by file (symbol)

C:/Program Files/SEGGER/SEGGER Embedded Studio for ARM 5.40/lib/libc_v7em_fpv4_sp_d16_hard_t_le_eabi.a(libc_asm.o)
                              Output/Release/Obj/ble_app_beacon_pca10056_s140/bsp.o (__aeabi_uldivmod)
C:/Program Files/SEGGER/SEGGER Embedded Studio for ARM 5.40/lib/libc_v7em_fpv4_sp_d16_hard_t_le_eabi.a(libc2.o)
                              Output/Release/Obj/ble_app_beacon_pca10056_s140/nrf_log_str_formatter.o (isprint)
C:/Program Files/SEGGER/SEGGER Embedded Studio for ARM 5.40/lib/libc_v7em_fpv4_sp_d16_hard_t_le_eabi.a(libc2_asm.o)
                              Output/Release/Obj/ble_app_beacon_pca10056_s140/nrf_log_frontend.o (memcpy)
C:/Program Files/SEGGER/SEGGER Embedded Studio for ARM 5.40/lib/libc_v7em_fpv4_sp_d16_hard_t_le_eabi.a(libvfprintf.o)
                              (__vfprintf_long)
C:/Program Files/SEGGER/SEGGER Embedded Studio for ARM 5.40/lib/libc_v7em_fpv4_sp_d16_hard_t_le_eabi.a(libvfscanf.o)
                              (__vfscanf_long)
C:/Program Files/SEGGER/SEGGER Embedded Studio for ARM 5.40/lib/libc_v7em_fpv4_sp_d16_hard_t_le_eabi.a(libc.o)
                              C:/Program Files/SEGGER/SEGGER Embedded Studio for ARM 5.40/lib/libc_v7em_fpv4_sp_d16_hard_t_le_eabi.a(libc2.o) (__heap_lock)
C:/Program Files/SEGGER/SEGGER Embedded Studio for ARM 5.40/lib/libdebugio_v7em_fpv4_sp_d16_hard_t_le_eabi.a(libdebugio.o)
                              Output/Release/Obj/ble_app_beacon_pca10056_s140/thumb_crt0.o (debug_fopen)
C:/Program Files/SEGGER/SEGGER Embedded Studio for ARM 5.40/lib/libdebugio_v7em_fpv4_sp_d16_hard_t_le_eabi.a(do_nv_debug_operation.o)
                              C:/Program Files/SEGGER/SEGGER Embedded Studio for ARM 5.40/lib/libdebugio_v7em_fpv4_sp_d16_hard_t_le_eabi.a(libdebugio.o) (__do_nvdebug_operation)
C:/Program Files/SEGGER/SEGGER Embedded Studio for ARM 5.40/lib/libdebugio_v7em_fpv4_sp_d16_hard_t_le_eabi.a(mempoll_debug_operations.o)
                              (__do_debug_operation_mempoll)
C:/Program Files/SEGGER/SEGGER Embedded Studio for ARM 5.40/lib/libm_v7em_fpv4_sp_d16_hard_t_le_eabi.a(libm_asm.o)
                              C:/Program Files/SEGGER/SEGGER Embedded Studio for ARM 5.40/lib/libc_v7em_fpv4_sp_d16_hard_t_le_eabi.a(libc2.o) (__aeabi_dadd)
C:/Program Files/SEGGER/SEGGER Embedded Studio for ARM 5.40/lib/libm_v7em_fpv4_sp_d16_hard_t_le_eabi.a(libm2.o)
                              C:/Program Files/SEGGER/SEGGER Embedded Studio for ARM 5.40/lib/libc_v7em_fpv4_sp_d16_hard_t_le_eabi.a(libvfprintf.o) (frexp)

Discarded input sections

 .text          0x0000000000000000        0x0 Output/Release/Obj/ble_app_beacon_pca10056_s140/thumb_crt0.o
 .data          0x0000000000000000        0x0 Output/Release/Obj/ble_app_beacon_pca10056_s140/thumb_crt0.o
 .bss           0x0000000000000000        0x0 Output/Release/Obj/ble_app_beacon_pca10056_s140/thumb_crt0.o
 .text.__aeabi_read_tp
                0x0000000000000000        0x8 Output/Release/Obj/ble_app_beacon_pca10056_s140/thumb_crt0.o
 .text.abort    0x0000000000000000        0x2 Output/Release/Obj/ble_app_beacon_pca10056_s140/thumb_crt0.o
 .text.__assert
                0x0000000000000000        0x2 Output/Release/Obj/ble_app_beacon_pca10056_s140/thumb_crt0.o
 .text.__assert_func
                0x0000000000000000        0x2 Output/Release/Obj/ble_app_beacon_pca10056_s140/thumb_crt0.o
 .text.__aeabi_assert
                0x0000000000000000        0x2 Output/Release/Obj/ble_app_beacon_pca10056_s140/thumb_crt0.o
 .text.__sync_synchronize
                0x0000000000000000        0x2 Output/Release/Obj/ble_app_beacon_pca10056_s140/thumb_crt0.o
 .text.__getchar
                0x0000000000000000        0x4 Output/Release/Obj/ble_app_beacon_pca10056_s140/thumb_crt0.o
 .text.__putchar
                0x0000000000000000        0x4 Output/Release/Obj/ble_app_beacon_pca10056_s140/thumb_crt0.o
 .text.__open   0x0000000000000000        0x4 Output/Release/Obj/ble_app_beacon_pca10056_s140/thumb_crt0.o
 .text.__close  0x0000000000000000        0x4 Output/Release/Obj/ble_app_beacon_pca10056_s140/thumb_crt0.o
 .text.__write  0x0000000000000000        0xa Output/Release/Obj/ble_app_beacon_pca10056_s140/thumb_crt0.o
 .text.__read   0x0000000000000000        0xa Output/Release/Obj/ble_app_beacon_pca10056_s140/thumb_crt0.o
 .text.__seek   0x0000000000000000       0x1a Output/Release/Obj/ble_app_beacon_pca10056_s140/thumb_crt0.o
 .text.remove   0x0000000000000000        0x4 Output/Release/Obj/ble_app_beacon_pca10056_s140/thumb_crt0.o
 .text.rename   0x0000000000000000        0x4 Output/Release/Obj/ble_app_beacon_pca10056_s140/thumb_crt0.o
 .bss.__user_locale_name_buffer
                0x0000000000000000        0x4 Output/Release/Obj/ble_app_beacon_pca10056_s140/thumb_crt0.o
 .stack         0x0000000000000000        0x0 Output/Release/Obj/ble_app_beacon_pca10056_s140/thumb_crt0.o
 .stack_process
[...]
Memory Configuration

Name             Origin             Length             Attributes
UNPLACED_SECTIONS 0x0000000100000000 0x0000000000000000 xw
RAM1             0x0000000020000000 0x0000000000040000 xw
FLASH            0x0000000000000000 0x0000000000100000 xw
*default*        0x0000000000000000 0xffffffffffffffff

Linker script and memory map

                0x0000000000000000                __do_debug_operation = __do_debug_operation_mempoll
                0x000000000002bb4c                __vfprintf = __vfprintf_long
                0x0000000000000000                __vfscanf = __vfscanf_long
                0x0000000020000000                __RAM1_segment_start__ = 0x20000000
                0x0000000020040000                __RAM1_segment_end__ = 0x20040000
                0x0000000000040000                __RAM1_segment_size__ = 0x40000
                0x0000000000000000                __FLASH_segment_start__ = 0x0
                0x0000000000100000                __FLASH_segment_end__ = 0x100000
                0x0000000000100000                __FLASH_segment_size__ = 0x100000
                0x0000000000002000                __HEAPSIZE__ = 0x2000
                0x0000000000000000                __STACKSIZE_PROCESS__ = 0x0
                0x0000000000002000                __STACKSIZE__ = 0x2000
                0x0000000020000000                __reserved_ram_load_start__ = 0x20000000

.reserved_ram   0x0000000020000000     0x18d8
                0x0000000020000000                __reserved_ram_start__ = .
 *(.reserved_ram .reserved_ram.*)
                0x00000000200018d8                . = MAX (((__reserved_ram_start__ + 0x200018d8) - 0x20000000), .)
 *fill*         0x0000000020000000     0x18d8 
                0x00000000200018d8                __reserved_ram_end__ = (__reserved_ram_start__ + SIZEOF (.reserved_ram))
                0x00000000000018d8                __reserved_ram_size__ = SIZEOF (.reserved_ram)
                0x00000000200018d8                __reserved_ram_load_end__ = __reserved_ram_end__
                0x0000000000000001                . = ASSERT (((__reserved_ram_start__ == __reserved_ram_end__) || ((__reserved_ram_end__ - __RAM1_segment_start__) <= __RAM1_segment_size__)), error: .reserved_ram is too large to fit in RAM1 memory segment)
                0x00000000200018d8                __vectors_ram_load_start__ = 0x200018d8

.vectors_ram    0x00000000200018d8        0x0
                0x00000000200018d8                __vectors_ram_start__ = .
                0x00000000200018d8                __app_ram_start__ = __vectors_ram_start__
 *(.vectors_ram .vectors_ram.*)
                0x00000000200018d8                __vectors_ram_end__ = (__vectors_ram_start__ + SIZEOF (.vectors_ram))
                0x0000000000000000                __vectors_ram_size__ = SIZEOF (.vectors_ram)
                0x00000000200018d8                __vectors_ram_load_end__ = __vectors_ram_end__
                0x0000000000000001                . = ASSERT (((__vectors_ram_start__ == __vectors_ram_end__) || ((__vectors_ram_end__ - __RAM1_segment_start__) <= __RAM1_segment_size__)), error: .vectors_ram is too large to fit in RAM1 memory segment)
                0x0000000000000001                . = ASSERT ((__reserved_ram_end__ <= __vectors_ram_start__), error: section .reserved_ram overlaps absolute placed section .vectors_ram)
                0x00000000200018d8                __nrf_sections_run_load_start__ = ALIGN (__vectors_ram_end__, 0x4)

.nrf_sections_run
                0x00000000200018d8        0x0
                0x00000000200018d8                __nrf_sections_run_start__ = .
                0x00000000200018d8                __start_nrf_sections_run = __nrf_sections_run_start__
 *(.nrf_sections_run .nrf_sections_run.*)
                0x00000000200018d8                __nrf_sections_run_end__ = (__nrf_sections_run_start__ + SIZEOF (.nrf_sections_run))
                0x0000000000000000                __nrf_sections_run_size__ = SIZEOF (.nrf_sections_run)
                0x00000000200018d8                __nrf_sections_run_load_end__ = __nrf_sections_run_end__
                0x0000000000000001                . = ASSERT (((__nrf_sections_run_start__ == __nrf_sections_run_end__) || ((__nrf_sections_run_end__ - __RAM1_segment_start__) <= __RAM1_segment_size__)), error: .nrf_sections_run is too large to fit in RAM1 memory segment)
                0x0000000000000000                __reserved_flash_load_start__ = 0x0

.reserved_flash
                0x0000000000000000    0x27000
                0x0000000000000000                __reserved_flash_start__ = .
 *(.reserved_flash .reserved_flash.*)
                0x0000000000027000                . = MAX (((__reserved_flash_start__ + 0x27000) - 0x0), .)
 *fill*         0x0000000000000000    0x27000 
                0x0000000000027000                __reserved_flash_end__ = (__reserved_flash_start__ + SIZEOF (.reserved_flash))
                0x0000000000027000                __reserved_flash_size__ = SIZEOF (.reserved_flash)
                0x0000000000027000                __reserved_flash_load_end__ = __reserved_flash_end__
                0x0000000000000001                . = ASSERT (((__reserved_flash_start__ == __reserved_flash_end__) || ((__reserved_flash_end__ - __FLASH_segment_start__) <= __FLASH_segment_size__)), error: .reserved_flash is too large to fit in FLASH memory segment)
                0x0000000000027000                __vectors_load_start__ = 0x27000

.vectors        0x0000000000027000      0x200
                0x0000000000027000                __vectors_start__ = .
 *(.vectors .vectors.*)
 .vectors       0x0000000000027000      0x200 Output/Release/Obj/ble_app_beacon_pca10056_s140/ses_startup_nrf52840.o
                0x0000000000027000                _vectors
                0x0000000000027200                __vectors_end__ = (__vectors_start__ + SIZEOF (.vectors))
                0x0000000000000200                __vectors_size__ = SIZEOF (.vectors)
                0x0000000000027200                __vectors_load_end__ = __vectors_end__
                0x0000000000000001                . = ASSERT (((__vectors_start__ == __vectors_end__) || ((__vectors_end__ - __FLASH_segment_start__) <= __FLASH_segment_size__)), error: .vectors is too large to fit in FLASH memory segment)
                0x0000000000000001                . = ASSERT ((__reserved_flash_end__ <= __vectors_start__), error: section .reserved_flash overlaps absolute placed section .vectors)
                0x0000000000027200                __init_load_start__ = ALIGN (__vectors_end__, 0x4)

.init           0x0000000000027200      0x1d0
                0x0000000000027200                __init_start__ = .
 *(.init .init.*)
 .init          0x0000000000027200      0x15c Output/Release/Obj/ble_app_beacon_pca10056_s140/thumb_crt0.o
                0x0000000000027200                _start
                0x00000000000272b4                exit
 .init          0x000000000002735c       0x18 Output/Release/Obj/ble_app_beacon_pca10056_s140/ses_startup_nrf52840.o
                0x000000000002735c                NMI_Handler
                0x000000000002735e                HardFault_Handler
                0x0000000000027360                MemoryManagement_Handler
                0x0000000000027362                BusFault_Handler
                0x0000000000027364                UsageFault_Handler
                0x0000000000027366                SVC_Handler
                0x0000000000027368                DebugMon_Handler
                0x000000000002736a                PendSV_Handler
                0x000000000002736c                SysTick_Handler
                0x000000000002736e                RADIO_IRQHandler
                0x000000000002736e                PDM_IRQHandler
                0x000000000002736e                TEMP_IRQHandler
                0x000000000002736e                RTC0_IRQHandler
                0x000000000002736e                PWM1_IRQHandler
                0x000000000002736e                TIMER3_IRQHandler
                0x000000000002736e                PWM3_IRQHandler
                0x000000000002736e                FPU_IRQHandler
                0x000000000002736e                USBD_IRQHandler
                0x000000000002736e                SPIM0_SPIS0_TWIM0_TWIS0_SPI0_TWI0_IRQHandler
                0x000000000002736e                QSPI_IRQHandler
                0x000000000002736e                TIMER4_IRQHandler
                0x000000000002736e                CRYPTOCELL_IRQHandler
                0x000000000002736e                QDEC_IRQHandler
                0x000000000002736e                SWI4_EGU4_IRQHandler
                0x000000000002736e                TIMER0_IRQHandler
                0x000000000002736e                UARTE1_IRQHandler
                0x000000000002736e                Dummy_Handler
                0x000000000002736e                TIMER1_IRQHandler
                0x000000000002736e                SPIM3_IRQHandler
                0x000000000002736e                PWM2_IRQHandler
                0x000000000002736e                ECB_IRQHandler
                0x000000000002736e                SPIM1_SPIS1_TWIM1_TWIS1_SPI1_TWI1_IRQHandler
                0x000000000002736e                SAADC_IRQHandler
                0x000000000002736e                CCM_AAR_IRQHandler
                0x000000000002736e                WDT_IRQHandler
                0x000000000002736e                SWI0_EGU0_IRQHandler
                0x000000000002736e                SWI5_EGU5_IRQHandler
                0x000000000002736e                RNG_IRQHandler
                0x000000000002736e                RTC2_IRQHandler
                0x000000000002736e                PWM0_IRQHandler
                0x000000000002736e                SWI3_EGU3_IRQHandler
                0x000000000002736e                SWI1_EGU1_IRQHandler
                0x000000000002736e                SPIM2_SPIS2_SPI2_IRQHandler
                0x000000000002736e                NFCT_IRQHandler
                0x000000000002736e                I2S_IRQHandler
                0x000000000002736e                MWU_IRQHandler
                0x000000000002736e                TIMER2_IRQHandler
                0x000000000002736e                COMP_LPCOMP_IRQHandler
                0x0000000000027370                nRFInitialize
 .init          0x0000000000027374       0x5c Output/Release/Obj/ble_app_beacon_pca10056_s140/ses_startup_nrf_common.o
                0x0000000000027374                Reset_Handler
                0x0000000000027378                afterInitialize
                0x000000000002739c                InitializeUserMemorySections
                0x00000000000273d0                __init_end__ = (__init_start__ + SIZEOF (.init))
                0x00000000000001d0                __init_size__ = SIZEOF (.init)
                0x00000000000273d0                __init_load_end__ = __init_end__
                0x0000000000000001                . = ASSERT (((__init_start__ == __init_end__) || ((__init_end__ - __FLASH_segment_start__) <= __FLASH_segment_size__)), error: .init is too large to fit in FLASH memory segment)
                0x00000000000273d0                __init_rodata_load_start__ = ALIGN (__init_end__, 0x4)

.init_rodata    0x00000000000273d0        0x0
                0x00000000000273d0                __init_rodata_start__ = .
 *(.init_rodata .init_rodata.*)
                0x00000000000273d0                __init_rodata_end__ = (__init_rodata_start__ + SIZEOF (.init_rodata))
                0x0000000000000000                __init_rodata_size__ = SIZEOF (.init_rodata)
                0x00000000000273d0                __init_rodata_load_end__ = __init_rodata_end__
                0x0000000000000001                . = ASSERT (((__init_rodata_start__ == __init_rodata_end__) || ((__init_rodata_end__ - __FLASH_segment_start__) <= __FLASH_segment_size__)), error: .init_rodata is too large to fit in FLASH memory segment)
                0x00000000000273d0                __text_load_start__ = ALIGN (__init_rodata_end__, 0x4)

.text           0x00000000000273d0     0x4dbc
                0x00000000000273d0                __text_start__ = .
 *(.text .text.* .glue_7t .glue_7 .gnu.linkonce.t.* .gcc_except_table .ARM.extab* .gnu.linkonce.armextab.*)
 .glue_7        0x00000000000273d0        0x0 linker stubs
 .glue_7t       0x00000000000273d0        0x0 linker stubs
 .text.nrf_log_backend_serial_put
                0x00000000000273d0       0xc2 Output/Release/Obj/ble_app_beacon_pca10056_s140/nrf_log_backend_serial.o
                0x00000000000273d0                nrf_log_backend_serial_put
 *fill*         0x0000000000027492        0x2 
 .text.uart_evt_handler
                0x0000000000027494        0xc Output/Release/Obj/ble_app_beacon_pca10056_s140/nrf_log_backend_uart.o
 .text.nrf_log_backend_uart_flush
                0x00000000000274a0        0x2 Output/Release/Obj/ble_app_beacon_pca10056_s140/nrf_log_backend_uart.o
 *fill*         0x00000000000274a2        0x2 
 .text.uart_init
                0x00000000000274a4       0x4c Output/Release/Obj/ble_app_beacon_pca10056_s140/nrf_log_backend_uart.o
 .text.nrf_log_backend_uart_put
                0x00000000000274f0       0x1c Output/Release/Obj/ble_app_beacon_pca10056_s140/nrf_log_backend_uart.o
 .text.serial_tx
                0x000000000002750c       0x48 Output/Release/Obj/ble_app_beacon_pca10056_s140/nrf_log_backend_uart.o
 .text.nrf_log_backend_uart_panic_set
                0x0000000000027554       0x2c Output/Release/Obj/ble_app_beacon_pca10056_s140/nrf_log_backend_uart.o
 .text.invalid_packets_omit
                0x0000000000027580       0x3a Output/Release/Obj/ble_app_beacon_pca10056_s140/nrf_log_frontend.o
 *fill*         0x00000000000275ba        0x2 
 .text.buf_prealloc
                0x00000000000275bc      0x128 Output/Release/Obj/ble_app_beacon_pca10056_s140/nrf_log_frontend.o
 .text.nrf_log_module_name_get
                0x00000000000276e4       0x38 Output/Release/Obj/ble_app_beacon_pca10056_s140/nrf_log_frontend.o
                0x00000000000276e4                nrf_log_module_name_get
 .text.nrf_log_color_id_get
                0x000000000002771c       0x2c Output/Release/Obj/ble_app_beacon_pca10056_s140/nrf_log_frontend.o
                0x000000000002771c                nrf_log_color_id_get
 .text.buffer_is_empty
                0x0000000000027748       0x14 Output/Release/Obj/ble_app_beacon_pca10056_s140/nrf_log_frontend.o
                0x0000000000027748                buffer_is_empty
 .text.nrf_log_frontend_dequeue
                0x000000000002775c      0x208 Output/Release/Obj/ble_app_beacon_pca10056_s140/nrf_log_frontend.o
                0x000000000002775c                nrf_log_frontend_dequeue
 .text.std_n    0x0000000000027964       0x8c Output/Release/Obj/ble_app_beacon_pca10056_s140/nrf_log_frontend.o
 .text.nrf_log_frontend_std_0
                0x00000000000279f0        0x8 Output/Release/Obj/ble_app_beacon_pca10056_s140/nrf_log_frontend.o
                0x00000000000279f0                nrf_log_frontend_std_0
 .text.nrf_log_frontend_std_1
                0x00000000000279f8       0x12 Output/Release/Obj/ble_app_beacon_pca10056_s140/nrf_log_frontend.o
                0x00000000000279f8                nrf_log_frontend_std_1
 .text.nrf_log_frontend_std_2
                0x0000000000027a0a       0x14 Output/Release/Obj/ble_app_beacon_pca10056_s140/nrf_log_frontend.o
                0x0000000000027a0a                nrf_log_frontend_std_2
 *fill*         0x0000000000027a1e        0x2 
 .text.nrf_log_panic
                0x0000000000027a20       0x28 Output/Release/Obj/ble_app_beacon_pca10056_s140/nrf_log_frontend.o
                0x0000000000027a20                nrf_log_panic
 .text.prefix_process
                0x0000000000027a48       0x7c Output/Release/Obj/ble_app_beacon_pca10056_s140/nrf_log_str_formatter.o
 .text.postfix_process
                0x0000000000027ac4       0x44 Output/Release/Obj/ble_app_beacon_pca10056_s140/nrf_log_str_formatter.o
 .text.nrf_log_std_entry_process
                0x0000000000027b08       0xc8 Output/Release/Obj/ble_app_beacon_pca10056_s140/nrf_log_str_formatter.o
                0x0000000000027b08                nrf_log_std_entry_process
 .text.nrf_log_hexdump_entry_process
                0x0000000000027bd0       0xb8 Output/Release/Obj/ble_app_beacon_pca10056_s140/nrf_log_str_formatter.o
                0x0000000000027bd0                nrf_log_hexdump_entry_process
 .text.state_set
                0x0000000000027c88       0x24 Output/Release/Obj/ble_app_beacon_pca10056_s140/app_button.o
 .text.button_get
                0x0000000000027cac       0x30 Output/Release/Obj/ble_app_beacon_pca10056_s140/app_button.o
 .text.usr_event
                0x0000000000027cdc       0x20 Output/Release/Obj/ble_app_beacon_pca10056_s140/app_button.o
 .text.timer_start
                0x0000000000027cfc       0x18 Output/Release/Obj/ble_app_beacon_pca10056_s140/app_button.o
 .text.gpiote_event_handler
                0x0000000000027d14       0x34 Output/Release/Obj/ble_app_beacon_pca10056_s140/app_button.o
 .text.evt_handle
                0x0000000000027d48       0xec Output/Release/Obj/ble_app_beacon_pca10056_s140/app_button.o
                0x0000000000027d48                evt_handle
 .text.detection_delay_timeout_handler
                0x0000000000027e34       0x5c Output/Release/Obj/ble_app_beacon_pca10056_s140/app_button.o
 .text.app_button_init
                0x0000000000027e90       0xb0 Output/Release/Obj/ble_app_beacon_pca10056_s140/app_button.o
                0x0000000000027e90                app_button_init
 .text.app_button_enable
                0x0000000000027f40       0x2c Output/Release/Obj/ble_app_beacon_pca10056_s140/app_button.o
                0x0000000000027f40                app_button_enable
 .text.app_error_handler_bare
                0x0000000000027f6c       0x1a Output/Release/Obj/ble_app_beacon_pca10056_s140/app_error.o
                0x0000000000027f6c                app_error_handler_bare
 *fill*         0x0000000000027f86        0x2 
 .text.app_error_fault_handler
                0x0000000000027f88       0x6c Output/Release/Obj/ble_app_beacon_pca10056_s140/app_error_weak.o
                0x0000000000027f88                app_error_fault_handler
 .text.compare_func
                0x0000000000027ff4       0x18 Output/Release/Obj/ble_app_beacon_pca10056_s140/app_timer2.o
 .text.get_now  0x000000000002800c       0x38 Output/Release/Obj/ble_app_beacon_pca10056_s140/app_timer2.o
 .text.timer_req_schedule
                0x0000000000028044       0x38 Output/Release/Obj/ble_app_beacon_pca10056_s140/app_timer2.o
 .text.timer_expire
                0x000000000002807c       0x6c Output/Release/Obj/ble_app_beacon_pca10056_s140/app_timer2.o
 .text.app_timer_init
                0x00000000000280e8       0x64 Output/Release/Obj/ble_app_beacon_pca10056_s140/app_timer2.o
                0x00000000000280e8                app_timer_init
 .text.app_timer_create
                0x000000000002814c       0x16 Output/Release/Obj/ble_app_beacon_pca10056_s140/app_timer2.o
                0x000000000002814c                app_timer_create
 .text.app_timer_start
                0x0000000000028162       0x30 Output/Release/Obj/ble_app_beacon_pca10056_s140/app_timer2.o
                0x0000000000028162                app_timer_start
 .text.app_timer_stop
                0x0000000000028192        0xc Output/Release/Obj/ble_app_beacon_pca10056_s140/app_timer2.o
                0x0000000000028192                app_timer_stop
 *fill*         0x000000000002819e        0x2 
 .text.app_timer_cnt_get
                0x00000000000281a0        0xc Output/Release/Obj/ble_app_beacon_pca10056_s140/app_timer2.o
                0x00000000000281a0                app_timer_cnt_get
 .text.rtc_irq  0x00000000000281ac      0x190 Output/Release/Obj/ble_app_beacon_pca10056_s140/app_timer2.o
 .text.app_util_critical_region_enter
                0x000000000002833c       0x48 Output/Release/Obj/ble_app_beacon_pca10056_s140/app_util_platform.o
                0x000000000002833c                app_util_critical_region_enter
 .text.app_util_critical_region_exit
                0x0000000000028384       0x2c Output/Release/Obj/ble_app_beacon_pca10056_s140/app_util_platform.o
                0x0000000000028384                app_util_critical_region_exit
 .text.evt_pending.isra.0
                0x00000000000283b0       0x1a Output/Release/Obj/ble_app_beacon_pca10056_s140/drv_rtc.o
 *fill*         0x00000000000283ca        0x2 
 .text.drv_rtc_init
                0x00000000000283cc       0xa4 Output/Release/Obj/ble_app_beacon_pca10056_s140/drv_rtc.o
                0x00000000000283cc                drv_rtc_init
 .text.drv_rtc_start
                0x0000000000028470        0x8 Output/Release/Obj/ble_app_beacon_pca10056_s140/drv_rtc.o
                0x0000000000028470                drv_rtc_start
 .text.drv_rtc_stop
                0x0000000000028478        0x8 Output/Release/Obj/ble_app_beacon_pca10056_s140/drv_rtc.o
                0x0000000000028478                drv_rtc_stop
 .text.drv_rtc_compare_set
                0x0000000000028480       0x3e Output/Release/Obj/ble_app_beacon_pca10056_s140/drv_rtc.o
                0x0000000000028480                drv_rtc_compare_set
 *fill*         0x00000000000284be        0x2 
 .text.drv_rtc_windowed_compare_set
                0x00000000000284c0       0xf0 Output/Release/Obj/ble_app_beacon_pca10056_s140/drv_rtc.o
                0x00000000000284c0                drv_rtc_windowed_compare_set
 .text.drv_rtc_overflow_enable
                0x00000000000285b0       0x10 Output/Release/Obj/ble_app_beacon_pca10056_s140/drv_rtc.o
                0x00000000000285b0                drv_rtc_overflow_enable
 .text.drv_rtc_overflow_pending
                0x00000000000285c0        0xa Output/Release/Obj/ble_app_beacon_pca10056_s140/drv_rtc.o
                0x00000000000285c0                drv_rtc_overflow_pending
 .text.drv_rtc_compare_disable
                0x00000000000285ca       0x14 Output/Release/Obj/ble_app_beacon_pca10056_s140/drv_rtc.o
                0x00000000000285ca                drv_rtc_compare_disable
 .text.drv_rtc_compare_pending
                0x00000000000285de        0xc Output/Release/Obj/ble_app_beacon_pca10056_s140/drv_rtc.o
                0x00000000000285de                drv_rtc_compare_pending
 .text.drv_rtc_counter_get
                0x00000000000285ea        0x8 Output/Release/Obj/ble_app_beacon_pca10056_s140/drv_rtc.o
                0x00000000000285ea                drv_rtc_counter_get
 *fill*         0x00000000000285f2        0x2 
 .text.drv_rtc_irq_trigger
                0x00000000000285f4       0x24 Output/Release/Obj/ble_app_beacon_pca10056_s140/drv_rtc.o
                0x00000000000285f4                drv_rtc_irq_trigger
 .text.RTC1_IRQHandler
                0x0000000000028618       0x14 Output/Release/Obj/ble_app_beacon_pca10056_s140/drv_rtc.o
                0x0000000000028618                RTC1_IRQHandler
 .text.nrf_atfifo_init
                0x000000000002862c       0x26 Output/Release/Obj/ble_app_beacon_pca10056_s140/nrf_atfifo.o
                0x000000000002862c                nrf_atfifo_init
 .text.nrf_atfifo_item_alloc
                0x0000000000028652       0x54 Output/Release/Obj/ble_app_beacon_pca10056_s140/nrf_atfifo.o
                0x0000000000028652                nrf_atfifo_item_alloc
 .text.nrf_atfifo_item_put
                0x00000000000286a6       0x20 Output/Release/Obj/ble_app_beacon_pca10056_s140/nrf_atfifo.o
                0x00000000000286a6                nrf_atfifo_item_put
 .text.nrf_atfifo_item_get
                0x00000000000286c6       0x56 Output/Release/Obj/ble_app_beacon_pca10056_s140/nrf_atfifo.o
                0x00000000000286c6                nrf_atfifo_item_get
 .text.nrf_atfifo_item_free
                0x000000000002871c       0x20 Output/Release/Obj/ble_app_beacon_pca10056_s140/nrf_atfifo.o
                0x000000000002871c                nrf_atfifo_item_free
 .text.nrf_atomic_u32_fetch_store
                0x000000000002873c       0x16 Output/Release/Obj/ble_app_beacon_pca10056_s140/nrf_atomic.o
                0x000000000002873c                nrf_atomic_u32_fetch_store
 .text.nrf_atomic_u32_or
                0x0000000000028752       0x18 Output/Release/Obj/ble_app_beacon_pca10056_s140/nrf_atomic.o
                0x0000000000028752                nrf_atomic_u32_or
 .text.nrf_atomic_u32_fetch_and
                0x000000000002876a       0x18 Output/Release/Obj/ble_app_beacon_pca10056_s140/nrf_atomic.o
                0x000000000002876a                nrf_atomic_u32_fetch_and
 .text.nrf_atomic_u32_add
                0x0000000000028782       0x18 Output/Release/Obj/ble_app_beacon_pca10056_s140/nrf_atomic.o
                0x0000000000028782                nrf_atomic_u32_add
 .text.nrf_atomic_u32_sub
                0x000000000002879a       0x18 Output/Release/Obj/ble_app_beacon_pca10056_s140/nrf_atomic.o
                0x000000000002879a                nrf_atomic_u32_sub
 .text.nrf_atomic_flag_set
                0x00000000000287b2        0x6 Output/Release/Obj/ble_app_beacon_pca10056_s140/nrf_atomic.o
                0x00000000000287b2                nrf_atomic_flag_set
 .text.nrf_atomic_flag_clear_fetch
                0x00000000000287b8        0x6 Output/Release/Obj/ble_app_beacon_pca10056_s140/nrf_atomic.o
                0x00000000000287b8                nrf_atomic_flag_clear_fetch
 .text.nrf_balloc_alloc
                0x00000000000287be       0x48 Output/Release/Obj/ble_app_beacon_pca10056_s140/nrf_balloc.o
                0x00000000000287be                nrf_balloc_alloc
 .text.nrf_balloc_free
                0x0000000000028806       0x34 Output/Release/Obj/ble_app_beacon_pca10056_s140/nrf_balloc.o
                0x0000000000028806                nrf_balloc_free
 .text.nrf_fprintf_buffer_flush
                0x000000000002883a       0x16 Output/Release/Obj/ble_app_beacon_pca10056_s140/nrf_fprintf.o
                0x000000000002883a                nrf_fprintf_buffer_flush
 .text.nrf_fprintf
                0x0000000000028850       0x1c Output/Release/Obj/ble_app_beacon_pca10056_s140/nrf_fprintf.o
                0x0000000000028850                nrf_fprintf
 .text.buffer_add
                0x000000000002886c       0x2e Output/Release/Obj/ble_app_beacon_pca10056_s140/nrf_fprintf_format.o
 *fill*         0x000000000002889a        0x2 
 .text.unsigned_print
                0x000000000002889c       0xb4 Output/Release/Obj/ble_app_beacon_pca10056_s140/nrf_fprintf_format.o
 .text.nrf_fprintf_fmt
                0x0000000000028950      0x294 Output/Release/Obj/ble_app_beacon_pca10056_s140/nrf_fprintf_format.o
                0x0000000000028950                nrf_fprintf_fmt
 .text.memobj_op
                0x0000000000028be4       0x86 Output/Release/Obj/ble_app_beacon_pca10056_s140/nrf_memobj.o
 .text.nrf_memobj_free
                0x0000000000028c6a       0x2c Output/Release/Obj/ble_app_beacon_pca10056_s140/nrf_memobj.o
                0x0000000000028c6a                nrf_memobj_free
 .text.nrf_memobj_alloc
                0x0000000000028c96       0x5e Output/Release/Obj/ble_app_beacon_pca10056_s140/nrf_memobj.o
                0x0000000000028c96                nrf_memobj_alloc
 .text.nrf_memobj_get
                0x0000000000028cf4        0x8 Output/Release/Obj/ble_app_beacon_pca10056_s140/nrf_memobj.o
                0x0000000000028cf4                nrf_memobj_get
 .text.nrf_memobj_put
                0x0000000000028cfc       0x1c Output/Release/Obj/ble_app_beacon_pca10056_s140/nrf_memobj.o
                0x0000000000028cfc                nrf_memobj_put
 .text.nrf_memobj_write
                0x0000000000028d18       0x14 Output/Release/Obj/ble_app_beacon_pca10056_s140/nrf_memobj.o
                0x0000000000028d18                nrf_memobj_write
 .text.nrf_memobj_read
                0x0000000000028d2c       0x14 Output/Release/Obj/ble_app_beacon_pca10056_s140/nrf_memobj.o
                0x0000000000028d2c                nrf_memobj_read
 .text.sd_app_evt_wait
                0x0000000000028d40        0x4 Output/Release/Obj/ble_app_beacon_pca10056_s140/nrf_pwr_mgmt.o
 .text.nrf_pwr_mgmt_init
                0x0000000000028d44       0x2c Output/Release/Obj/ble_app_beacon_pca10056_s140/nrf_pwr_mgmt.o
                0x0000000000028d44                nrf_pwr_mgmt_init
 .text.nrf_pwr_mgmt_run
                0x0000000000028d70       0x50 Output/Release/Obj/ble_app_beacon_pca10056_s140/nrf_pwr_mgmt.o
                0x0000000000028d70                nrf_pwr_mgmt_run
 .text.nrf_section_iter_init
                0x0000000000028dc0       0x14 Output/Release/Obj/ble_app_beacon_pca10056_s140/nrf_section_iter.o
                0x0000000000028dc0                nrf_section_iter_init
 .text.nrf_section_iter_next
                0x0000000000028dd4       0x18 Output/Release/Obj/ble_app_beacon_pca10056_s140/nrf_section_iter.o
                0x0000000000028dd4                nrf_section_iter_next
 .text.nrf_sortlist_add
                0x0000000000028dec       0x20 Output/Release/Obj/ble_app_beacon_pca10056_s140/nrf_sortlist.o
                0x0000000000028dec                nrf_sortlist_add
 .text.nrf_sortlist_pop
                0x0000000000028e0c        0xc Output/Release/Obj/ble_app_beacon_pca10056_s140/nrf_sortlist.o
                0x0000000000028e0c                nrf_sortlist_pop
 .text.nrf_sortlist_peek
                0x0000000000028e18        0x6 Output/Release/Obj/ble_app_beacon_pca10056_s140/nrf_sortlist.o
                0x0000000000028e18                nrf_sortlist_peek
 .text.nrf_sortlist_remove
                0x0000000000028e1e       0x1a Output/Release/Obj/ble_app_beacon_pca10056_s140/nrf_sortlist.o
                0x0000000000028e1e                nrf_sortlist_remove
 .text.nrf_strerror_find
                0x0000000000028e38       0x3c Output/Release/Obj/ble_app_beacon_pca10056_s140/nrf_strerror.o
                0x0000000000028e38                nrf_strerror_find
 .text.nrf_strerror_get
                0x0000000000028e74       0x14 Output/Release/Obj/ble_app_beacon_pca10056_s140/nrf_strerror.o
                0x0000000000028e74                nrf_strerror_get
 .text.nrf_drv_uart_rx.constprop.0
                0x0000000000028e88       0x28 Output/Release/Obj/ble_app_beacon_pca10056_s140/app_uart_fifo.o
 .text.nrf_drv_uart_tx.constprop.0
                0x0000000000028eb0       0x28 Output/Release/Obj/ble_app_beacon_pca10056_s140/app_uart_fifo.o
 .text.uart_event_handler
                0x0000000000028ed8       0xa0 Output/Release/Obj/ble_app_beacon_pca10056_s140/app_uart_fifo.o
 .text.app_uart_init
                0x0000000000028f78       0xb0 Output/Release/Obj/ble_app_beacon_pca10056_s140/app_uart_fifo.o
                0x0000000000028f78                app_uart_init
 .text.app_uart_get
                0x0000000000029028       0x2c Output/Release/Obj/ble_app_beacon_pca10056_s140/app_uart_fifo.o
                0x0000000000029028                app_uart_get
 .text.app_uart_put
                0x0000000000029054       0x50 Output/Release/Obj/ble_app_beacon_pca10056_s140/app_uart_fifo.o
                0x0000000000029054                app_uart_put
 .text.app_fifo_init
                0x00000000000290a4       0x1e Output/Release/Obj/ble_app_beacon_pca10056_s140/app_fifo.o
                0x00000000000290a4                app_fifo_init
 .text.app_fifo_put
                0x00000000000290c2       0x24 Output/Release/Obj/ble_app_beacon_pca10056_s140/app_fifo.o
                0x00000000000290c2                app_fifo_put
 .text.app_fifo_get
                0x00000000000290e6       0x22 Output/Release/Obj/ble_app_beacon_pca10056_s140/app_fifo.o
                0x00000000000290e6                app_fifo_get
 .text.__putchar
                0x0000000000029108        0xe Output/Release/Obj/ble_app_beacon_pca10056_s140/retarget.o
                0x0000000000029108                __putchar
 .text.nrf52_errata_36
                0x0000000000029116       0x12 Output/Release/Obj/ble_app_beacon_pca10056_s140/system_nrf52840.o
 .text.nrf52_errata_98
                0x0000000000029128       0x24 Output/Release/Obj/ble_app_beacon_pca10056_s140/system_nrf52840.o
 .text.SystemInit
                0x000000000002914c      0x1d4 Output/Release/Obj/ble_app_beacon_pca10056_s140/system_nrf52840.o
                0x000000000002914c                SystemInit
 .text.bsp_board_led_state_get
                0x0000000000029320       0x28 Output/Release/Obj/ble_app_beacon_pca10056_s140/boards.o
                0x0000000000029320                bsp_board_led_state_get
 .text.bsp_board_led_on
                0x0000000000029348       0x28 Output/Release/Obj/ble_app_beacon_pca10056_s140/boards.o
                0x0000000000029348                bsp_board_led_on
 .text.bsp_board_led_off
                0x0000000000029370       0x28 Output/Release/Obj/ble_app_beacon_pca10056_s140/boards.o
                0x0000000000029370                bsp_board_led_off
 .text.bsp_board_leds_off
                0x0000000000029398       0x1e Output/Release/Obj/ble_app_beacon_pca10056_s140/boards.o
                0x0000000000029398                bsp_board_leds_off
 .text.bsp_board_leds_on
                0x00000000000293b6       0x1e Output/Release/Obj/ble_app_beacon_pca10056_s140/boards.o
                0x00000000000293b6                bsp_board_leds_on
 .text.bsp_board_led_invert
                0x00000000000293d4       0x34 Output/Release/Obj/ble_app_beacon_pca10056_s140/boards.o
                0x00000000000293d4                bsp_board_led_invert
 .text.bsp_board_pin_to_button_idx
                0x0000000000029408       0x24 Output/Release/Obj/ble_app_beacon_pca10056_s140/boards.o
                0x0000000000029408                bsp_board_pin_to_button_idx
 .text.bsp_board_init
                0x000000000002942c       0x3e Output/Release/Obj/ble_app_beacon_pca10056_s140/boards.o
                0x000000000002942c                bsp_board_init
 *fill*         0x000000000002946a        0x2 
 .text.clock_clk_started_notify
                0x000000000002946c       0x24 Output/Release/Obj/ble_app_beacon_pca10056_s140/nrf_drv_clock.o
 .text.clock_irq_handler
                0x0000000000029490       0x1c Output/Release/Obj/ble_app_beacon_pca10056_s140/nrf_drv_clock.o
 .text.soc_evt_handler
                0x00000000000294ac       0x14 Output/Release/Obj/ble_app_beacon_pca10056_s140/nrf_drv_clock.o
 .text.nrf_drv_clock_init
                0x00000000000294c0       0x48 Output/Release/Obj/ble_app_beacon_pca10056_s140/nrf_drv_clock.o
                0x00000000000294c0                nrf_drv_clock_init
 .text.nrf_drv_clock_lfclk_release
                0x0000000000029508       0x40 Output/Release/Obj/ble_app_beacon_pca10056_s140/nrf_drv_clock.o
                0x0000000000029508                nrf_drv_clock_lfclk_release
 .text.sd_state_evt_handler
                0x0000000000029548       0x64 Output/Release/Obj/ble_app_beacon_pca10056_s140/nrf_drv_clock.o
 .text.uarte_evt_handler
                0x00000000000295ac       0x34 Output/Release/Obj/ble_app_beacon_pca10056_s140/nrf_drv_uart.o
 .text.uart_evt_handler
                0x00000000000295e0       0x34 Output/Release/Obj/ble_app_beacon_pca10056_s140/nrf_drv_uart.o
 .text.nrf_drv_uart_init
                0x0000000000029614       0x7c Output/Release/Obj/ble_app_beacon_pca10056_s140/nrf_drv_uart.o
                0x0000000000029614                nrf_drv_uart_init
 .text.nrf_clock_event_clear
                0x0000000000029690       0x14 Output/Release/Obj/ble_app_beacon_pca10056_s140/nrfx_clock.o
 .text.nrfx_clock_init
                0x00000000000296a4       0x18 Output/Release/Obj/ble_app_beacon_pca10056_s140/nrfx_clock.o
                0x00000000000296a4                nrfx_clock_init
 .text.nrfx_clock_enable
                0x00000000000296bc       0x24 Output/Release/Obj/ble_app_beacon_pca10056_s140/nrfx_clock.o
                0x00000000000296bc                nrfx_clock_enable
 .text.nrfx_clock_lfclk_stop
                0x00000000000296e0       0x22 Output/Release/Obj/ble_app_beacon_pca10056_s140/nrfx_clock.o
                0x00000000000296e0                nrfx_clock_lfclk_stop
 *fill*         0x0000000000029702        0x2 
 .text.POWER_CLOCK_IRQHandler
                0x0000000000029704       0x50 Output/Release/Obj/ble_app_beacon_pca10056_s140/nrfx_clock.o
                0x0000000000029704                POWER_CLOCK_IRQHandler
 .text.nrf_gpiote_event_clear
                0x0000000000029754       0x18 Output/Release/Obj/ble_app_beacon_pca10056_s140/nrfx_gpiote.o
 .text.nrf_gpio_pin_port_decode
                0x000000000002976c       0x18 Output/Release/Obj/ble_app_beacon_pca10056_s140/nrfx_gpiote.o
 .text.nrf_gpio_cfg_sense_set
                0x0000000000029784       0x2e Output/Release/Obj/ble_app_beacon_pca10056_s140/nrfx_gpiote.o
 *fill*         0x00000000000297b2        0x2 
 .text.channel_free
                0x00000000000297b4       0x1c Output/Release/Obj/ble_app_beacon_pca10056_s140/nrfx_gpiote.o
 .text.nrfx_gpiote_init
                0x00000000000297d0       0x8c Output/Release/Obj/ble_app_beacon_pca10056_s140/nrfx_gpiote.o
                0x00000000000297d0                nrfx_gpiote_init
 .text.nrfx_gpiote_is_init
                0x000000000002985c       0x14 Output/Release/Obj/ble_app_beacon_pca10056_s140/nrfx_gpiote.o
                0x000000000002985c                nrfx_gpiote_is_init
 .text.nrfx_gpiote_in_init
                0x0000000000029870      0x100 Output/Release/Obj/ble_app_beacon_pca10056_s140/nrfx_gpiote.o
                0x0000000000029870                nrfx_gpiote_in_init
 .text.nrfx_gpiote_in_event_enable
                0x0000000000029970       0x9c Output/Release/Obj/ble_app_beacon_pca10056_s140/nrfx_gpiote.o
                0x0000000000029970                nrfx_gpiote_in_event_enable
 .text.nrfx_gpiote_in_is_set
                0x0000000000029a0c       0x1c Output/Release/Obj/ble_app_beacon_pca10056_s140/nrfx_gpiote.o
                0x0000000000029a0c                nrfx_gpiote_in_is_set
 .text.GPIOTE_IRQHandler
                0x0000000000029a28      0x17c Output/Release/Obj/ble_app_beacon_pca10056_s140/nrfx_gpiote.o
                0x0000000000029a28                GPIOTE_IRQHandler
 .text.UARTE0_UART0_IRQHandler
                0x0000000000029ba4        0xc Output/Release/Obj/ble_app_beacon_pca10056_s140/nrfx_prs.o
                0x0000000000029ba4                UARTE0_UART0_IRQHandler
 .text.nrfx_prs_acquire
                0x0000000000029bb0       0x44 Output/Release/Obj/ble_app_beacon_pca10056_s140/nrfx_prs.o
                0x0000000000029bb0                nrfx_prs_acquire
 .text.nrfx_prs_release
                0x0000000000029bf4       0x18 Output/Release/Obj/ble_app_beacon_pca10056_s140/nrfx_prs.o
                0x0000000000029bf4                nrfx_prs_release
 .text.nrf_uart_event_clear
                0x0000000000029c0c       0x10 Output/Release/Obj/ble_app_beacon_pca10056_s140/nrfx_uart.o
 .text.tx_byte  0x0000000000029c1c       0x1e Output/Release/Obj/ble_app_beacon_pca10056_s140/nrfx_uart.o
 .text.rx_enable
                0x0000000000029c3a       0x20 Output/Release/Obj/ble_app_beacon_pca10056_s140/nrfx_uart.o
 .text.rx_byte  0x0000000000029c5a       0x2c Output/Release/Obj/ble_app_beacon_pca10056_s140/nrfx_uart.o
 *fill*         0x0000000000029c86        0x2 
 .text.rx_done_event.constprop.0
                0x0000000000029c88       0x20 Output/Release/Obj/ble_app_beacon_pca10056_s140/nrfx_uart.o
 .text.nrfx_uart_0_irq_handler
                0x0000000000029ca8      0x140 Output/Release/Obj/ble_app_beacon_pca10056_s140/nrfx_uart.o
                0x0000000000029ca8                nrfx_uart_0_irq_handler
 .text.nrf_gpio_cfg_default
                0x0000000000029de8       0x20 Output/Release/Obj/ble_app_beacon_pca10056_s140/nrfx_uart.o
 .text.nrfx_uart_init
                0x0000000000029e08      0x1a0 Output/Release/Obj/ble_app_beacon_pca10056_s140/nrfx_uart.o
                0x0000000000029e08                nrfx_uart_init
 .text.nrfx_uart_uninit
                0x0000000000029fa8       0xb8 Output/Release/Obj/ble_app_beacon_pca10056_s140/nrfx_uart.o
                0x0000000000029fa8                nrfx_uart_uninit
 .text.nrfx_uart_tx_in_progress
                0x000000000002a060       0x18 Output/Release/Obj/ble_app_beacon_pca10056_s140/nrfx_uart.o
                0x000000000002a060                nrfx_uart_tx_in_progress
 .text.nrfx_uart_tx
                0x000000000002a078       0xa0 Output/Release/Obj/ble_app_beacon_pca10056_s140/nrfx_uart.o
                0x000000000002a078                nrfx_uart_tx
 .text.nrfx_uart_rx
                0x000000000002a118       0xf4 Output/Release/Obj/ble_app_beacon_pca10056_s140/nrfx_uart.o
                0x000000000002a118                nrfx_uart_rx
 .text.nrf_uarte_event_clear
                0x000000000002a20c       0x10 Output/Release/Obj/ble_app_beacon_pca10056_s140/nrfx_uarte.o
 .text.rx_done_event.constprop.0
                0x000000000002a21c       0x20 Output/Release/Obj/ble_app_beacon_pca10056_s140/nrfx_uarte.o
 .text.nrfx_uarte_0_irq_handler
                0x000000000002a23c      0x118 Output/Release/Obj/ble_app_beacon_pca10056_s140/nrfx_uarte.o
                0x000000000002a23c                nrfx_uarte_0_irq_handler
 .text.nrf_gpio_cfg_default
                0x000000000002a354       0x20 Output/Release/Obj/ble_app_beacon_pca10056_s140/nrfx_uarte.o
 .text.nrfx_uarte_init
                0x000000000002a374      0x1b8 Output/Release/Obj/ble_app_beacon_pca10056_s140/nrfx_uarte.o
                0x000000000002a374                nrfx_uarte_init
 .text.nrfx_uarte_uninit
                0x000000000002a52c      0x108 Output/Release/Obj/ble_app_beacon_pca10056_s140/nrfx_uarte.o
                0x000000000002a52c                nrfx_uarte_uninit
 .text.nrfx_uarte_tx_in_progress
                0x000000000002a634       0x18 Output/Release/Obj/ble_app_beacon_pca10056_s140/nrfx_uarte.o
                0x000000000002a634                nrfx_uarte_tx_in_progress
 .text.nrfx_uarte_tx
                0x000000000002a64c       0x9c Output/Release/Obj/ble_app_beacon_pca10056_s140/nrfx_uarte.o
                0x000000000002a64c                nrfx_uarte_tx
 .text.nrfx_uarte_rx
                0x000000000002a6e8       0xd8 Output/Release/Obj/ble_app_beacon_pca10056_s140/nrfx_uarte.o
                0x000000000002a6e8                nrfx_uarte_rx
 .text.alert_timer_handler
                0x000000000002a7c0        0x6 Output/Release/Obj/ble_app_beacon_pca10056_s140/bsp.o
 *fill*         0x000000000002a7c6        0x2 
 .text.bsp_button_event_handler
                0x000000000002a7c8       0x9c Output/Release/Obj/ble_app_beacon_pca10056_s140/bsp.o
 .text.button_timer_handler
                0x000000000002a864        0x8 Output/Release/Obj/ble_app_beacon_pca10056_s140/bsp.o
 .text.leds_off
                0x000000000002a86c       0x2c Output/Release/Obj/ble_app_beacon_pca10056_s140/bsp.o
 .text.bsp_led_indication
                0x000000000002a898      0x200 Output/Release/Obj/ble_app_beacon_pca10056_s140/bsp.o
 .text.leds_timer_handler
                0x000000000002aa98       0x1c Output/Release/Obj/ble_app_beacon_pca10056_s140/bsp.o
 .text.bsp_indication_set
                0x000000000002aab4       0x18 Output/Release/Obj/ble_app_beacon_pca10056_s140/bsp.o
                0x000000000002aab4                bsp_indication_set
 .text.bsp_init
                0x000000000002aacc       0x9c Output/Release/Obj/ble_app_beacon_pca10056_s140/bsp.o
                0x000000000002aacc                bsp_init
 .text.sd_ble_gap_adv_set_configure
                0x000000000002ab68        0x4 Output/Release/Obj/ble_app_beacon_pca10056_s140/main.o
 .text.sd_ble_gap_adv_start
                0x000000000002ab6c        0x4 Output/Release/Obj/ble_app_beacon_pca10056_s140/main.o
 .text.sd_ble_gap_device_name_set
                0x000000000002ab70        0x4 Output/Release/Obj/ble_app_beacon_pca10056_s140/main.o
 .text.uart_error_handle
                0x000000000002ab74       0x12 Output/Release/Obj/ble_app_beacon_pca10056_s140/main.o
                0x000000000002ab74                uart_error_handle
 *fill*         0x000000000002ab86        0x2 
 .text.startup.main
                0x000000000002ab88      0x350 Output/Release/Obj/ble_app_beacon_pca10056_s140/main.o
                0x000000000002ab88                main
 .text.sd_ble_gap_addr_get
                0x000000000002aed8        0x4 Output/Release/Obj/ble_app_beacon_pca10056_s140/ble_advdata.o
 .text.sd_ble_gap_appearance_get
                0x000000000002aedc        0x4 Output/Release/Obj/ble_app_beacon_pca10056_s140/ble_advdata.o
 .text.sd_ble_gap_device_name_get
                0x000000000002aee0        0x4 Output/Release/Obj/ble_app_beacon_pca10056_s140/ble_advdata.o
 .text.sd_ble_uuid_encode
                0x000000000002aee4        0x4 Output/Release/Obj/ble_app_beacon_pca10056_s140/ble_advdata.o
 .text.uuid_list_sized_encode
                0x000000000002aee8       0xac Output/Release/Obj/ble_app_beacon_pca10056_s140/ble_advdata.o
 .text.uuid_list_encode
                0x000000000002af94       0x38 Output/Release/Obj/ble_app_beacon_pca10056_s140/ble_advdata.o
 .text.ble_advdata_encode
                0x000000000002afcc      0x392 Output/Release/Obj/ble_app_beacon_pca10056_s140/ble_advdata.o
                0x000000000002afcc                ble_advdata_encode
 .text.sd_softdevice_enable
                0x000000000002b35e        0x4 Output/Release/Obj/ble_app_beacon_pca10056_s140/nrf_sdh.o
 *fill*         0x000000000002b362        0x2 
 .text.sdh_request_observer_notify
                0x000000000002b364       0x30 Output/Release/Obj/ble_app_beacon_pca10056_s140/nrf_sdh.o
 .text.sdh_state_observer_notify
                0x000000000002b394       0x28 Output/Release/Obj/ble_app_beacon_pca10056_s140/nrf_sdh.o
 .text.softdevices_evt_irq_enable
                0x000000000002b3bc       0x38 Output/Release/Obj/ble_app_beacon_pca10056_s140/nrf_sdh.o
 .text.nrf_sdh_enable_request
                0x000000000002b3f4       0x7c Output/Release/Obj/ble_app_beacon_pca10056_s140/nrf_sdh.o
                0x000000000002b3f4                nrf_sdh_enable_request
 .text.nrf_sdh_is_enabled
                0x000000000002b470        0xc Output/Release/Obj/ble_app_beacon_pca10056_s140/nrf_sdh.o
                0x000000000002b470                nrf_sdh_is_enabled
 .text.nrf_sdh_evts_poll
                0x000000000002b47c       0x28 Output/Release/Obj/ble_app_beacon_pca10056_s140/nrf_sdh.o
                0x000000000002b47c                nrf_sdh_evts_poll
 .text.SWI2_EGU2_IRQHandler
                0x000000000002b4a4        0x4 Output/Release/Obj/ble_app_beacon_pca10056_s140/nrf_sdh.o
                0x000000000002b4a4                SWI2_EGU2_IRQHandler
 .text.sd_ble_enable
                0x000000000002b4a8        0x4 Output/Release/Obj/ble_app_beacon_pca10056_s140/nrf_sdh_ble.o
 .text.sd_ble_cfg_set
                0x000000000002b4ac        0x4 Output/Release/Obj/ble_app_beacon_pca10056_s140/nrf_sdh_ble.o
 .text.sd_ble_evt_get
                0x000000000002b4b0        0x4 Output/Release/Obj/ble_app_beacon_pca10056_s140/nrf_sdh_ble.o
 .text.nrf_sdh_ble_evts_poll
                0x000000000002b4b4       0x58 Output/Release/Obj/ble_app_beacon_pca10056_s140/nrf_sdh_ble.o
 .text.nrf_sdh_ble_default_cfg_set
                0x000000000002b50c      0x160 Output/Release/Obj/ble_app_beacon_pca10056_s140/nrf_sdh_ble.o
                0x000000000002b50c                nrf_sdh_ble_default_cfg_set
 .text.nrf_sdh_ble_enable
                0x000000000002b66c       0x98 Output/Release/Obj/ble_app_beacon_pca10056_s140/nrf_sdh_ble.o
                0x000000000002b66c                nrf_sdh_ble_enable
 .text.sd_evt_get
                0x000000000002b704        0x4 Output/Release/Obj/ble_app_beacon_pca10056_s140/nrf_sdh_soc.o
 .text.nrf_sdh_soc_evts_poll
                0x000000000002b708       0x40 Output/Release/Obj/ble_app_beacon_pca10056_s140/nrf_sdh_soc.o
 .text.libc.__int64_udivmod
                0x000000000002b748       0xce C:/Program Files/SEGGER/SEGGER Embedded Studio for ARM 5.40/lib/libc_v7em_fpv4_sp_d16_hard_t_le_eabi.a(libc_asm.o)
                0x000000000002b748                __aeabi_uldivmod
                0x000000000002b748                __int64_udiv
                0x000000000002b748                __udivdi3
                0x000000000002b748                __int64_udivmod
 *fill*         0x000000000002b816        0x2 
 .text.libc.__RAL_ascii_isctype
                0x000000000002b818       0x1c C:/Program Files/SEGGER/SEGGER Embedded Studio for ARM 5.40/lib/libc_v7em_fpv4_sp_d16_hard_t_le_eabi.a(libc2.o)
 .text.libc.__RAL_ascii_toupper
                0x000000000002b834        0xc C:/Program Files/SEGGER/SEGGER Embedded Studio for ARM 5.40/lib/libc_v7em_fpv4_sp_d16_hard_t_le_eabi.a(libc2.o)
 .text.libc.__RAL_ascii_tolower
                0x000000000002b840        0xc C:/Program Files/SEGGER/SEGGER Embedded Studio for ARM 5.40/lib/libc_v7em_fpv4_sp_d16_hard_t_le_eabi.a(libc2.o)
 .text.libc.__RAL_ascii_iswctype
                0x000000000002b84c       0x1c C:/Program Files/SEGGER/SEGGER Embedded Studio for ARM 5.40/lib/libc_v7em_fpv4_sp_d16_hard_t_le_eabi.a(libc2.o)
 .text.libc.__RAL_ascii_towupper
                0x000000000002b868        0xc C:/Program Files/SEGGER/SEGGER Embedded Studio for ARM 5.40/lib/libc_v7em_fpv4_sp_d16_hard_t_le_eabi.a(libc2.o)
 .text.libc.__RAL_ascii_towlower
                0x000000000002b874        0xc C:/Program Files/SEGGER/SEGGER Embedded Studio for ARM 5.40/lib/libc_v7em_fpv4_sp_d16_hard_t_le_eabi.a(libc2.o)
 .text.libc.__RAL_ascii_wctomb
                0x000000000002b880        0xe C:/Program Files/SEGGER/SEGGER Embedded Studio for ARM 5.40/lib/libc_v7em_fpv4_sp_d16_hard_t_le_eabi.a(libc2.o)
                0x000000000002b880                __RAL_ascii_wctomb
 .text.libc.__RAL_ascii_mbtowc
                0x000000000002b88e       0x24 C:/Program Files/SEGGER/SEGGER Embedded Studio for ARM 5.40/lib/libc_v7em_fpv4_sp_d16_hard_t_le_eabi.a(libc2.o)
                0x000000000002b88e                __RAL_ascii_mbtowc
 .text.libc.__putc
                0x000000000002b8b2       0x36 C:/Program Files/SEGGER/SEGGER Embedded Studio for ARM 5.40/lib/libc_v7em_fpv4_sp_d16_hard_t_le_eabi.a(libc2.o)
                0x000000000002b8b2                __putc
 .text.libc.__RAL_print_padding
                0x000000000002b8e8       0x1c C:/Program Files/SEGGER/SEGGER Embedded Studio for ARM 5.40/lib/libc_v7em_fpv4_sp_d16_hard_t_le_eabi.a(libc2.o)
                0x000000000002b8e8                __RAL_print_padding
 .text.libc.__RAL_pre_padding
                0x000000000002b904       0x1a C:/Program Files/SEGGER/SEGGER Embedded Studio for ARM 5.40/lib/libc_v7em_fpv4_sp_d16_hard_t_le_eabi.a(libc2.o)
                0x000000000002b904                __RAL_pre_padding
 *fill*         0x000000000002b91e        0x2 
 .text.libc.__RAL_isctype
                0x000000000002b920       0x14 C:/Program Files/SEGGER/SEGGER Embedded Studio for ARM 5.40/lib/libc_v7em_fpv4_sp_d16_hard_t_le_eabi.a(libc2.o)
                0x000000000002b920                __RAL_isctype
 .text.libc.isprint
                0x000000000002b934        0xa C:/Program Files/SEGGER/SEGGER Embedded Studio for ARM 5.40/lib/libc_v7em_fpv4_sp_d16_hard_t_le_eabi.a(libc2.o)
                0x000000000002b934                isprint
 *fill*         0x000000000002b93e        0x2 
 .text.libc.malloc
                0x000000000002b940       0x90 C:/Program Files/SEGGER/SEGGER Embedded Studio for ARM 5.40/lib/libc_v7em_fpv4_sp_d16_hard_t_le_eabi.a(libc2.o)
                0x000000000002b940                malloc
 .text.libc.printf
                0x000000000002b9d0       0x40 C:/Program Files/SEGGER/SEGGER Embedded Studio for ARM 5.40/lib/libc_v7em_fpv4_sp_d16_hard_t_le_eabi.a(libc2.o)
                0x000000000002b9d0                printf
 .text.libc.strnlen
                0x000000000002ba10       0x22 C:/Program Files/SEGGER/SEGGER Embedded Studio for ARM 5.40/lib/libc_v7em_fpv4_sp_d16_hard_t_le_eabi.a(libc2.o)
                0x000000000002ba10                strnlen
 .text.libc.memcpy
                0x000000000002ba32       0x52 C:/Program Files/SEGGER/SEGGER Embedded Studio for ARM 5.40/lib/libc_v7em_fpv4_sp_d16_hard_t_le_eabi.a(libc2_asm.o)
                0x000000000002ba32                __aeabi_memcpy
                0x000000000002ba32                memcpy
                0x000000000002ba3e                __aeabi_memcpy8
                0x000000000002ba3e                __aeabi_memcpy4
 .text.libc.memset
                0x000000000002ba84       0x66 C:/Program Files/SEGGER/SEGGER Embedded Studio for ARM 5.40/lib/libc_v7em_fpv4_sp_d16_hard_t_le_eabi.a(libc2_asm.o)
                0x000000000002ba84                memset
 .text.libc.strlen
                0x000000000002baea       0x60 C:/Program Files/SEGGER/SEGGER Embedded Studio for ARM 5.40/lib/libc_v7em_fpv4_sp_d16_hard_t_le_eabi.a(libc2_asm.o)
                0x000000000002baea                strlen
 *fill*         0x000000000002bb4a        0x2 
 .text.libc.__vfprintf_long
                0x000000000002bb4c      0x638 C:/Program Files/SEGGER/SEGGER Embedded Studio for ARM 5.40/lib/libc_v7em_fpv4_sp_d16_hard_t_le_eabi.a(libvfprintf.o)
                0x000000000002bb4c                __vfprintf_long
 .text.libc.__heap_lock
                0x000000000002c184        0x2 C:/Program Files/SEGGER/SEGGER Embedded Studio for ARM 5.40/lib/libc_v7em_fpv4_sp_d16_hard_t_le_eabi.a(libc.o)
                0x000000000002c184                __heap_lock
 .text.libc.__heap_unlock
                0x000000000002c186        0x2 C:/Program Files/SEGGER/SEGGER Embedded Studio for ARM 5.40/lib/libc_v7em_fpv4_sp_d16_hard_t_le_eabi.a(libc.o)
                0x000000000002c186                __heap_unlock
 .text.libc.__printf_lock
                0x000000000002c188        0x2 C:/Program Files/SEGGER/SEGGER Embedded Studio for ARM 5.40/lib/libc_v7em_fpv4_sp_d16_hard_t_le_eabi.a(libc.o)
                0x000000000002c188                __printf_lock
 .text.libc.__printf_unlock
                0x000000000002c18a        0x2 C:/Program Files/SEGGER/SEGGER Embedded Studio for ARM 5.40/lib/libc_v7em_fpv4_sp_d16_hard_t_le_eabi.a(libc.o)
                0x000000000002c18a                __printf_unlock
                0x000000000002c18c                __text_end__ = (__text_start__ + SIZEOF (.text))
                0x0000000000004dbc                __text_size__ = SIZEOF (.text)
                0x000000000002c18c                __text_load_end__ = __text_end__

.vfp11_veneer   0x0000000100000000        0x0
 .vfp11_veneer  0x0000000100000000        0x0 linker stubs

.v4_bx          0x0000000100000000        0x0
 .v4_bx         0x0000000100000000        0x0 linker stubs

.iplt           0x0000000100000000        0x0
 .iplt          0x0000000100000000        0x0 Output/Release/Obj/ble_app_beacon_pca10056_s140/thumb_crt0.o
                0x0000000000000001                . = ASSERT (((__text_start__ == __text_end__) || ((__text_end__ - __FLASH_segment_start__) <= __FLASH_segment_size__)), error: .text is too large to fit in FLASH memory segment)
                0x000000000002c18c                __sdh_soc_observers_load_start__ = ALIGN (__text_end__, 0x4)

.sdh_soc_observers
                0x000000000002c18c        0x8
                0x000000000002c18c                __sdh_soc_observers_start__ = .
                0x000000000002c18c                __start_sdh_soc_observers = __sdh_soc_observers_start__
 *(SORT_BY_NAME(.sdh_soc_observers*))
 .sdh_soc_observers0
                0x000000000002c18c        0x8 Output/Release/Obj/ble_app_beacon_pca10056_s140/nrf_drv_clock.o
                0x000000000002c194                __sdh_soc_observers_end__ = (__sdh_soc_observers_start__ + SIZEOF (.sdh_soc_observers))
                0x0000000000000008                __sdh_soc_observers_size__ = SIZEOF (.sdh_soc_observers)
                0x000000000002c194                __stop_sdh_soc_observers = __sdh_soc_observers_end__
                0x000000000002c194                __sdh_soc_observers_load_end__ = __sdh_soc_observers_end__
                0x0000000000000001                . = ASSERT (((__sdh_soc_observers_start__ == __sdh_soc_observers_end__) || ((__sdh_soc_observers_end__ - __FLASH_segment_start__) <= __FLASH_segment_size__)), error: .sdh_soc_observers is too large to fit in FLASH memory segment)
                0x000000000002c194                __sdh_ble_observers_load_start__ = ALIGN (__sdh_soc_observers_end__, 0x4)

.sdh_ble_observers
                0x000000000002c194        0x0
                0x000000000002c194                __sdh_ble_observers_start__ = .
                0x000000000002c194                __start_sdh_ble_observers = __sdh_ble_observers_start__
 *(SORT_BY_NAME(.sdh_ble_observers*))
                0x000000000002c194                __sdh_ble_observers_end__ = (__sdh_ble_observers_start__ + SIZEOF (.sdh_ble_observers))
                0x0000000000000000                __sdh_ble_observers_size__ = SIZEOF (.sdh_ble_observers)
                0x000000000002c194                __stop_sdh_ble_observers = __sdh_ble_observers_end__
                0x000000000002c194                __sdh_ble_observers_load_end__ = __sdh_ble_observers_end__
                0x0000000000000001                . = ASSERT (((__sdh_ble_observers_start__ == __sdh_ble_observers_end__) || ((__sdh_ble_observers_end__ - __FLASH_segment_start__) <= __FLASH_segment_size__)), error: .sdh_ble_observers is too large to fit in FLASH memory segment)
                0x000000000002c194                __pwr_mgmt_data_load_start__ = ALIGN (__sdh_ble_observers_end__, 0x4)

.pwr_mgmt_data  0x000000000002c194        0x0
                0x000000000002c194                __pwr_mgmt_data_start__ = .
                0x000000000002c194                __start_pwr_mgmt_data = __pwr_mgmt_data_start__
 *(SORT_BY_NAME(.pwr_mgmt_data*))
                0x000000000002c194                __pwr_mgmt_data_end__ = (__pwr_mgmt_data_start__ + SIZEOF (.pwr_mgmt_data))
                0x0000000000000000                __pwr_mgmt_data_size__ = SIZEOF (.pwr_mgmt_data)
                0x000000000002c194                __stop_pwr_mgmt_data = __pwr_mgmt_data_end__
                0x000000000002c194                __pwr_mgmt_data_load_end__ = __pwr_mgmt_data_end__
                0x0000000000000001                . = ASSERT (((__pwr_mgmt_data_start__ == __pwr_mgmt_data_end__) || ((__pwr_mgmt_data_end__ - __FLASH_segment_start__) <= __FLASH_segment_size__)), error: .pwr_mgmt_data is too large to fit in FLASH memory segment)
                0x000000000002c194                __sdh_req_observers_load_start__ = ALIGN (__pwr_mgmt_data_end__, 0x4)

.sdh_req_observers
                0x000000000002c194        0x0
                0x000000000002c194                __sdh_req_observers_start__ = .
                0x000000000002c194                __start_sdh_req_observers = __sdh_req_observers_start__
 *(SORT_BY_NAME(.sdh_req_observers*))
                0x000000000002c194                __sdh_req_observers_end__ = (__sdh_req_observers_start__ + SIZEOF (.sdh_req_observers))
                0x0000000000000000                __sdh_req_observers_size__ = SIZEOF (.sdh_req_observers)
                0x000000000002c194                __stop_sdh_req_observers = __sdh_req_observers_end__
                0x000000000002c194                __sdh_req_observers_load_end__ = __sdh_req_observers_end__
                0x0000000000000001                . = ASSERT (((__sdh_req_observers_start__ == __sdh_req_observers_end__) || ((__sdh_req_observers_end__ - __FLASH_segment_start__) <= __FLASH_segment_size__)), error: .sdh_req_observers is too large to fit in FLASH memory segment)
                0x000000000002c194                __sdh_state_observers_load_start__ = ALIGN (__sdh_req_observers_end__, 0x4)

.sdh_state_observers
                0x000000000002c194        0x8
                0x000000000002c194                __sdh_state_observers_start__ = .
                0x000000000002c194                __start_sdh_state_observers = __sdh_state_observers_start__
 *(SORT_BY_NAME(.sdh_state_observers*))
 .sdh_state_observers0
                0x000000000002c194        0x8 Output/Release/Obj/ble_app_beacon_pca10056_s140/nrf_drv_clock.o
                0x000000000002c19c                __sdh_state_observers_end__ = (__sdh_state_observers_start__ + SIZEOF (.sdh_state_observers))
                0x0000000000000008                __sdh_state_observers_size__ = SIZEOF (.sdh_state_observers)
                0x000000000002c19c                __stop_sdh_state_observers = __sdh_state_observers_end__
                0x000000000002c19c                __sdh_state_observers_load_end__ = __sdh_state_observers_end__
                0x0000000000000001                . = ASSERT (((__sdh_state_observers_start__ == __sdh_state_observers_end__) || ((__sdh_state_observers_end__ - __FLASH_segment_start__) <= __FLASH_segment_size__)), error: .sdh_state_observers is too large to fit in FLASH memory segment)
                0x000000000002c19c                __sdh_stack_observers_load_start__ = ALIGN (__sdh_state_observers_end__, 0x4)

.sdh_stack_observers
                0x000000000002c19c       0x10
                0x000000000002c19c                __sdh_stack_observers_start__ = .
                0x000000000002c19c                __start_sdh_stack_observers = __sdh_stack_observers_start__
 *(SORT_BY_NAME(.sdh_stack_observers*))
 .sdh_stack_observers0
                0x000000000002c19c        0x8 Output/Release/Obj/ble_app_beacon_pca10056_s140/nrf_sdh_ble.o
 .sdh_stack_observers0
                0x000000000002c1a4        0x8 Output/Release/Obj/ble_app_beacon_pca10056_s140/nrf_sdh_soc.o
                0x000000000002c1ac                __sdh_stack_observers_end__ = (__sdh_stack_observers_start__ + SIZEOF (.sdh_stack_observers))
                0x0000000000000010                __sdh_stack_observers_size__ = SIZEOF (.sdh_stack_observers)
                0x000000000002c1ac                __stop_sdh_stack_observers = __sdh_stack_observers_end__
                0x000000000002c1ac                __sdh_stack_observers_load_end__ = __sdh_stack_observers_end__
                0x0000000000000001                . = ASSERT (((__sdh_stack_observers_start__ == __sdh_stack_observers_end__) || ((__sdh_stack_observers_end__ - __FLASH_segment_start__) <= __FLASH_segment_size__)), error: .sdh_stack_observers is too large to fit in FLASH memory segment)
                0x000000000002c1ac                __nrf_queue_load_start__ = ALIGN (__sdh_stack_observers_end__, 0x4)

.nrf_queue      0x000000000002c1ac        0x0
                0x000000000002c1ac                __nrf_queue_start__ = .
                0x000000000002c1ac                __start_nrf_queue = __nrf_queue_start__
 *(.nrf_queue*)
                0x000000000002c1ac                __nrf_queue_end__ = (__nrf_queue_start__ + SIZEOF (.nrf_queue))
                0x0000000000000000                __nrf_queue_size__ = SIZEOF (.nrf_queue)
                0x000000000002c1ac                __stop_nrf_queue = __nrf_queue_end__
                0x000000000002c1ac                __nrf_queue_load_end__ = __nrf_queue_end__
                0x0000000000000001                . = ASSERT (((__nrf_queue_start__ == __nrf_queue_end__) || ((__nrf_queue_end__ - __FLASH_segment_start__) <= __FLASH_segment_size__)), error: .nrf_queue is too large to fit in FLASH memory segment)
                0x000000000002c1ac                __nrf_balloc_load_start__ = ALIGN (__nrf_queue_end__, 0x4)

.nrf_balloc     0x000000000002c1ac       0x14
                0x000000000002c1ac                __nrf_balloc_start__ = .
                0x000000000002c1ac                __start_nrf_balloc = __nrf_balloc_start__
 *(.nrf_balloc*)
 .nrf_balloc    0x000000000002c1ac       0x14 Output/Release/Obj/ble_app_beacon_pca10056_s140/nrf_log_frontend.o
                0x000000000002c1ac                log_mempool
                0x000000000002c1c0                __nrf_balloc_end__ = (__nrf_balloc_start__ + SIZEOF (.nrf_balloc))
                0x0000000000000014                __nrf_balloc_size__ = SIZEOF (.nrf_balloc)
                0x000000000002c1c0                __stop_nrf_balloc = __nrf_balloc_end__
                0x000000000002c1c0                __nrf_balloc_load_end__ = __nrf_balloc_end__
                0x0000000000000001                . = ASSERT (((__nrf_balloc_start__ == __nrf_balloc_end__) || ((__nrf_balloc_end__ - __FLASH_segment_start__) <= __FLASH_segment_size__)), error: .nrf_balloc is too large to fit in FLASH memory segment)
                0x000000000002c1c0                __cli_command_load_start__ = ALIGN (__nrf_balloc_end__, 0x4)

.cli_command    0x000000000002c1c0        0x0
                0x000000000002c1c0                __cli_command_start__ = .
                0x000000000002c1c0                __start_cli_command = __cli_command_start__
 *(.cli_command*)
                0x000000000002c1c0                __cli_command_end__ = (__cli_command_start__ + SIZEOF (.cli_command))
                0x0000000000000000                __cli_command_size__ = SIZEOF (.cli_command)
                0x000000000002c1c0                __stop_cli_command = __cli_command_end__
                0x000000000002c1c0                __cli_command_load_end__ = __cli_command_end__
                0x0000000000000001                . = ASSERT (((__cli_command_start__ == __cli_command_end__) || ((__cli_command_end__ - __FLASH_segment_start__) <= __FLASH_segment_size__)), error: .cli_command is too large to fit in FLASH memory segment)
                0x000000000002c1c0                __crypto_data_load_start__ = ALIGN (__cli_command_end__, 0x4)

.crypto_data    0x000000000002c1c0        0x0
                0x000000000002c1c0                __crypto_data_start__ = .
                0x000000000002c1c0                __start_crypto_data = __crypto_data_start__
 *(SORT_BY_NAME(.crypto_data*))
                0x000000000002c1c0                __crypto_data_end__ = (__crypto_data_start__ + SIZEOF (.crypto_data))
                0x0000000000000000                __crypto_data_size__ = SIZEOF (.crypto_data)
                0x000000000002c1c0                __stop_crypto_data = __crypto_data_end__
                0x000000000002c1c0                __crypto_data_load_end__ = __crypto_data_end__
                0x0000000000000001                . = ASSERT (((__crypto_data_start__ == __crypto_data_end__) || ((__crypto_data_end__ - __FLASH_segment_start__) <= __FLASH_segment_size__)), error: .crypto_data is too large to fit in FLASH memory segment)
                0x000000000002c1c0                __log_const_data_load_start__ = ALIGN (__crypto_data_end__, 0x4)

.log_const_data
                0x000000000002c1c0       0x70
                0x000000000002c1c0                __log_const_data_start__ = .
                0x000000000002c1c0                __start_log_const_data = __log_const_data_start__
 *(SORT_BY_NAME(.log_const_data*))
 .log_const_data_CLOCK
                0x000000000002c1c0        0x8 Output/Release/Obj/ble_app_beacon_pca10056_s140/nrfx_clock.o
                0x000000000002c1c0                m_nrf_log_CLOCK_logs_data_const
 .log_const_data_GPIOTE
                0x000000000002c1c8        0x8 Output/Release/Obj/ble_app_beacon_pca10056_s140/nrfx_gpiote.o
                0x000000000002c1c8                m_nrf_log_GPIOTE_logs_data_const
 .log_const_data_PRS
                0x000000000002c1d0        0x8 Output/Release/Obj/ble_app_beacon_pca10056_s140/nrfx_prs.o
                0x000000000002c1d0                m_nrf_log_PRS_logs_data_const
 .log_const_data_UART
                0x000000000002c1d8        0x8 Output/Release/Obj/ble_app_beacon_pca10056_s140/nrfx_uart.o
                0x000000000002c1d8                m_nrf_log_UART_logs_data_const
 .log_const_data_UARTE
                0x000000000002c1e0        0x8 Output/Release/Obj/ble_app_beacon_pca10056_s140/nrfx_uarte.o
                0x000000000002c1e0                m_nrf_log_UARTE_logs_data_const
 .log_const_data_app
                0x000000000002c1e8        0x8 Output/Release/Obj/ble_app_beacon_pca10056_s140/nrf_log_frontend.o
                0x000000000002c1e8                m_nrf_log_app_logs_data_const
 .log_const_data_app_button
                0x000000000002c1f0        0x8 Output/Release/Obj/ble_app_beacon_pca10056_s140/app_button.o
                0x000000000002c1f0                m_nrf_log_app_button_logs_data_const
 .log_const_data_app_timer
                0x000000000002c1f8        0x8 Output/Release/Obj/ble_app_beacon_pca10056_s140/app_timer2.o
                0x000000000002c1f8                m_nrf_log_app_timer_logs_data_const
 .log_const_data_clock
                0x000000000002c200        0x8 Output/Release/Obj/ble_app_beacon_pca10056_s140/nrf_drv_clock.o
                0x000000000002c200                m_nrf_log_clock_logs_data_const
 .log_const_data_nrf_sdh
                0x000000000002c208        0x8 Output/Release/Obj/ble_app_beacon_pca10056_s140/nrf_sdh.o
                0x000000000002c208                m_nrf_log_nrf_sdh_logs_data_const
 .log_const_data_nrf_sdh_ble
                0x000000000002c210        0x8 Output/Release/Obj/ble_app_beacon_pca10056_s140/nrf_sdh_ble.o
                0x000000000002c210                m_nrf_log_nrf_sdh_ble_logs_data_const
 .log_const_data_nrf_sdh_soc
                0x000000000002c218        0x8 Output/Release/Obj/ble_app_beacon_pca10056_s140/nrf_sdh_soc.o
                0x000000000002c218                m_nrf_log_nrf_sdh_soc_logs_data_const
 .log_const_data_pwr_mgmt
                0x000000000002c220        0x8 Output/Release/Obj/ble_app_beacon_pca10056_s140/nrf_pwr_mgmt.o
                0x000000000002c220                m_nrf_log_pwr_mgmt_logs_data_const
 .log_const_data_sortlist
                0x000000000002c228        0x8 Output/Release/Obj/ble_app_beacon_pca10056_s140/nrf_sortlist.o
                0x000000000002c228                m_nrf_log_sortlist_logs_data_const
                0x000000000002c230                __log_const_data_end__ = (__log_const_data_start__ + SIZEOF (.log_const_data))
                0x0000000000000070                __log_const_data_size__ = SIZEOF (.log_const_data)
                0x000000000002c230                __stop_log_const_data = __log_const_data_end__
                0x000000000002c230                __log_const_data_load_end__ = __log_const_data_end__
                0x0000000000000001                . = ASSERT (((__log_const_data_start__ == __log_const_data_end__) || ((__log_const_data_end__ - __FLASH_segment_start__) <= __FLASH_segment_size__)), error: .log_const_data is too large to fit in FLASH memory segment)
                0x000000000002c230                __log_backends_load_start__ = ALIGN (__log_const_data_end__, 0x4)

.log_backends   0x000000000002c230       0x10
                0x000000000002c230                __log_backends_start__ = .
                0x000000000002c230                __start_log_backends = __log_backends_start__
 *(SORT_BY_NAME(.log_backends*))
 .log_backends  0x000000000002c230       0x10 Output/Release/Obj/ble_app_beacon_pca10056_s140/nrf_log_default_backends.o
                0x000000000002c240                __log_backends_end__ = (__log_backends_start__ + SIZEOF (.log_backends))
                0x0000000000000010                __log_backends_size__ = SIZEOF (.log_backends)
                0x000000000002c240                __stop_log_backends = __log_backends_end__
                0x000000000002c240                __log_backends_load_end__ = __log_backends_end__
                0x0000000000000001                . = ASSERT (((__log_backends_start__ == __log_backends_end__) || ((__log_backends_end__ - __FLASH_segment_start__) <= __FLASH_segment_size__)), error: .log_backends is too large to fit in FLASH memory segment)
                0x000000000002c240                __nrf_sections_load_start__ = ALIGN (__log_backends_end__, 0x4)

.nrf_sections   0x000000000002c240        0x0
                0x000000000002c240                __nrf_sections_start__ = .
                0x000000000002c240                __start_nrf_sections = __nrf_sections_start__
 *(.nrf_sections .nrf_sections.*)
                0x000000000002c240                __nrf_sections_end__ = (__nrf_sections_start__ + SIZEOF (.nrf_sections))
                0x0000000000000000                __nrf_sections_size__ = SIZEOF (.nrf_sections)
                0x000000000002c240                __nrf_sections_load_end__ = __nrf_sections_end__
                0x0000000000000001                . = ASSERT (((__nrf_sections_start__ == __nrf_sections_end__) || ((__nrf_sections_end__ - __FLASH_segment_start__) <= __FLASH_segment_size__)), error: .nrf_sections is too large to fit in FLASH memory segment)
                0x000000000002c240                __cli_sorted_cmd_ptrs_load_start__ = ALIGN (__nrf_sections_end__, 0x4)

.cli_sorted_cmd_ptrs
                0x00000000200018d8        0x0 load address 0x000000000002c240
                0x00000000200018d8                __cli_sorted_cmd_ptrs_start__ = .
 *(.cli_sorted_cmd_ptrs*)
                0x00000000200018d8                __cli_sorted_cmd_ptrs_end__ = (__cli_sorted_cmd_ptrs_start__ + SIZEOF (.cli_sorted_cmd_ptrs))
                0x0000000000000000                __cli_sorted_cmd_ptrs_size__ = SIZEOF (.cli_sorted_cmd_ptrs)
                0x000000000002c240                __cli_sorted_cmd_ptrs_load_end__ = (__cli_sorted_cmd_ptrs_load_start__ + SIZEOF (.cli_sorted_cmd_ptrs))
                0x0000000000000001                . = ASSERT (((__cli_sorted_cmd_ptrs_load_start__ == __cli_sorted_cmd_ptrs_load_end__) || ((__cli_sorted_cmd_ptrs_load_end__ - __FLASH_segment_start__) <= __FLASH_segment_size__)), error: .cli_sorted_cmd_ptrs is too large to fit in FLASH memory segment)

.cli_sorted_cmd_ptrs_run
                0x00000000200018d8        0x0
                0x00000000200018d8                __cli_sorted_cmd_ptrs_run_start__ = .
                0x00000000200018d8                __start_cli_sorted_cmd_ptrs = __cli_sorted_cmd_ptrs_run_start__
                0x00000000200018d8                . = MAX ((__cli_sorted_cmd_ptrs_run_start__ + SIZEOF (.cli_sorted_cmd_ptrs)), .)
                0x00000000200018d8                __cli_sorted_cmd_ptrs_run_end__ = (__cli_sorted_cmd_ptrs_run_start__ + SIZEOF (.cli_sorted_cmd_ptrs_run))
                0x0000000000000000                __cli_sorted_cmd_ptrs_run_size__ = SIZEOF (.cli_sorted_cmd_ptrs_run)
                0x00000000200018d8                __stop_cli_sorted_cmd_ptrs = __cli_sorted_cmd_ptrs_run_end__
                0x00000000200018d8                __cli_sorted_cmd_ptrs_run_load_end__ = __cli_sorted_cmd_ptrs_run_end__
                0x0000000000000001                . = ASSERT (((__cli_sorted_cmd_ptrs_run_start__ == __cli_sorted_cmd_ptrs_run_end__) || ((__cli_sorted_cmd_ptrs_run_end__ - __RAM1_segment_start__) <= __RAM1_segment_size__)), error: .cli_sorted_cmd_ptrs_run is too large to fit in RAM1 memory segment)
                0x000000000002c240                __fs_data_load_start__ = ALIGN ((__cli_sorted_cmd_ptrs_load_start__ + SIZEOF (.cli_sorted_cmd_ptrs)), 0x4)

.fs_data        0x00000000200018d8        0x0 load address 0x000000000002c240
                0x00000000200018d8                __fs_data_start__ = .
 *(.fs_data*)
                0x00000000200018d8                __fs_data_end__ = (__fs_data_start__ + SIZEOF (.fs_data))
                0x0000000000000000                __fs_data_size__ = SIZEOF (.fs_data)
                0x000000000002c240                __fs_data_load_end__ = (__fs_data_load_start__ + SIZEOF (.fs_data))
                0x0000000000000001                . = ASSERT (((__fs_data_load_start__ == __fs_data_load_end__) || ((__fs_data_load_end__ - __FLASH_segment_start__) <= __FLASH_segment_size__)), error: .fs_data is too large to fit in FLASH memory segment)

.fs_data_run    0x00000000200018d8        0x0
                0x00000000200018d8                __fs_data_run_start__ = .
                0x00000000200018d8                __start_fs_data = __fs_data_run_start__
                0x00000000200018d8                . = MAX ((__fs_data_run_start__ + SIZEOF (.fs_data)), .)
                0x00000000200018d8                __fs_data_run_end__ = (__fs_data_run_start__ + SIZEOF (.fs_data_run))
                0x0000000000000000                __fs_data_run_size__ = SIZEOF (.fs_data_run)
                0x00000000200018d8                __stop_fs_data = __fs_data_run_end__
                0x00000000200018d8                __fs_data_run_load_end__ = __fs_data_run_end__
                0x0000000000000001                . = ASSERT (((__fs_data_run_start__ == __fs_data_run_end__) || ((__fs_data_run_end__ - __RAM1_segment_start__) <= __RAM1_segment_size__)), error: .fs_data_run is too large to fit in RAM1 memory segment)
                0x000000000002c240                __log_dynamic_data_load_start__ = ALIGN ((__fs_data_load_start__ + SIZEOF (.fs_data)), 0x4)

.log_dynamic_data
                0x00000000200018d8        0x0 load address 0x000000000002c240
                0x00000000200018d8                __log_dynamic_data_start__ = .
 *(SORT_BY_NAME(.log_dynamic_data*))
                0x00000000200018d8                __log_dynamic_data_end__ = (__log_dynamic_data_start__ + SIZEOF (.log_dynamic_data))
                0x0000000000000000                __log_dynamic_data_size__ = SIZEOF (.log_dynamic_data)
                0x000000000002c240                __log_dynamic_data_load_end__ = (__log_dynamic_data_load_start__ + SIZEOF (.log_dynamic_data))
                0x0000000000000001                . = ASSERT (((__log_dynamic_data_load_start__ == __log_dynamic_data_load_end__) || ((__log_dynamic_data_load_end__ - __FLASH_segment_start__) <= __FLASH_segment_size__)), error: .log_dynamic_data is too large to fit in FLASH memory segment)

.log_dynamic_data_run
                0x00000000200018d8        0x0
                0x00000000200018d8                __log_dynamic_data_run_start__ = .
                0x00000000200018d8                __start_log_dynamic_data = __log_dynamic_data_run_start__
                0x00000000200018d8                . = MAX ((__log_dynamic_data_run_start__ + SIZEOF (.log_dynamic_data)), .)
                0x00000000200018d8                __log_dynamic_data_run_end__ = (__log_dynamic_data_run_start__ + SIZEOF (.log_dynamic_data_run))
                0x0000000000000000                __log_dynamic_data_run_size__ = SIZEOF (.log_dynamic_data_run)
                0x00000000200018d8                __stop_log_dynamic_data = __log_dynamic_data_run_end__
                0x00000000200018d8                __log_dynamic_data_run_load_end__ = __log_dynamic_data_run_end__
                0x0000000000000001                . = ASSERT (((__log_dynamic_data_run_start__ == __log_dynamic_data_run_end__) || ((__log_dynamic_data_run_end__ - __RAM1_segment_start__) <= __RAM1_segment_size__)), error: .log_dynamic_data_run is too large to fit in RAM1 memory segment)
                0x000000000002c240                __log_filter_data_load_start__ = ALIGN ((__log_dynamic_data_load_start__ + SIZEOF (.log_dynamic_data)), 0x4)

.log_filter_data
                0x00000000200018d8        0x0 load address 0x000000000002c240
                0x00000000200018d8                __log_filter_data_start__ = .
 *(SORT_BY_NAME(.log_filter_data*))
                0x00000000200018d8                __log_filter_data_end__ = (__log_filter_data_start__ + SIZEOF (.log_filter_data))
                0x0000000000000000                __log_filter_data_size__ = SIZEOF (.log_filter_data)
                0x000000000002c240                __log_filter_data_load_end__ = (__log_filter_data_load_start__ + SIZEOF (.log_filter_data))
                0x0000000000000001                . = ASSERT (((__log_filter_data_load_start__ == __log_filter_data_load_end__) || ((__log_filter_data_load_end__ - __FLASH_segment_start__) <= __FLASH_segment_size__)), error: .log_filter_data is too large to fit in FLASH memory segment)

.log_filter_data_run
                0x00000000200018d8        0x0
                0x00000000200018d8                __log_filter_data_run_start__ = .
                0x00000000200018d8                __start_log_filter_data = __log_filter_data_run_start__
                0x00000000200018d8                . = MAX ((__log_filter_data_run_start__ + SIZEOF (.log_filter_data)), .)
                0x00000000200018d8                __log_filter_data_run_end__ = (__log_filter_data_run_start__ + SIZEOF (.log_filter_data_run))
                0x0000000000000000                __log_filter_data_run_size__ = SIZEOF (.log_filter_data_run)
                0x00000000200018d8                __stop_log_filter_data = __log_filter_data_run_end__
                0x00000000200018d8                __log_filter_data_run_load_end__ = __log_filter_data_run_end__
                0x0000000000000001                . = ASSERT (((__log_filter_data_run_start__ == __log_filter_data_run_end__) || ((__log_filter_data_run_end__ - __RAM1_segment_start__) <= __RAM1_segment_size__)), error: .log_filter_data_run is too large to fit in RAM1 memory segment)
                0x00000000200018d8                __nrf_sections_run_end_load_start__ = ALIGN (__log_filter_data_run_end__, 0x4)

.nrf_sections_run_end
                0x00000000200018d8        0x0
                0x00000000200018d8                __nrf_sections_run_end_start__ = .
                0x00000000200018d8                __end_nrf_sections_run = __nrf_sections_run_end_start__
 *(.nrf_sections_run_end .nrf_sections_run_end.*)
                0x00000000200018d8                __nrf_sections_run_end_end__ = (__nrf_sections_run_end_start__ + SIZEOF (.nrf_sections_run_end))
                0x0000000000000000                __nrf_sections_run_end_size__ = SIZEOF (.nrf_sections_run_end)
                0x00000000200018d8                __nrf_sections_run_end_load_end__ = __nrf_sections_run_end_end__
                0x0000000000000001                . = ASSERT (((__nrf_sections_run_end_start__ == __nrf_sections_run_end_end__) || ((__nrf_sections_run_end_end__ - __RAM1_segment_start__) <= __RAM1_segment_size__)), error: .nrf_sections_run_end is too large to fit in RAM1 memory segment)
                0x000000000002c240                __dtors_load_start__ = ALIGN ((__log_filter_data_load_start__ + SIZEOF (.log_filter_data)), 0x4)

.dtors          0x000000000002c240        0x0
                0x000000000002c240                __dtors_start__ = .
 *(SORT_BY_NAME(.dtors.*))
 *(.dtors)
 *(.fini_array)
 *(SORT_BY_NAME(.fini_array.*))
                0x000000000002c240                __dtors_end__ = (__dtors_start__ + SIZEOF (.dtors))
                0x0000000000000000                __dtors_size__ = SIZEOF (.dtors)
                0x000000000002c240                __dtors_load_end__ = __dtors_end__
                0x0000000000000001                . = ASSERT (((__dtors_start__ == __dtors_end__) || ((__dtors_end__ - __FLASH_segment_start__) <= __FLASH_segment_size__)), error: .dtors is too large to fit in FLASH memory segment)
                0x000000000002c240                __ctors_load_start__ = ALIGN (__dtors_end__, 0x4)

.ctors          0x000000000002c240        0x0
                0x000000000002c240                __ctors_start__ = .
 *(SORT_BY_NAME(.ctors.*))
 *(.ctors)
 *(.init_array)
 *(SORT_BY_NAME(.init_array.*))
                0x000000000002c240                __ctors_end__ = (__ctors_start__ + SIZEOF (.ctors))
                0x0000000000000000                __ctors_size__ = SIZEOF (.ctors)
                0x000000000002c240                __ctors_load_end__ = __ctors_end__
                0x0000000000000001                . = ASSERT (((__ctors_start__ == __ctors_end__) || ((__ctors_end__ - __FLASH_segment_start__) <= __FLASH_segment_size__)), error: .ctors is too large to fit in FLASH memory segment)
                0x000000000002c240                __rodata_load_start__ = ALIGN (__ctors_end__, 0x4)

.rodata         0x000000000002c240      0xdeb
                0x000000000002c240                __rodata_start__ = .
 *(.rodata .rodata.* .gnu.linkonce.r.*)
 .rodata        0x000000000002c240       0x20 Output/Release/Obj/ble_app_beacon_pca10056_s140/nrf_log_backend_uart.o
 .rodata.nrf_log_backend_uart_api
                0x000000000002c260        0xc Output/Release/Obj/ble_app_beacon_pca10056_s140/nrf_log_backend_uart.o
                0x000000000002c260                nrf_log_backend_uart_api
 .rodata.str1.1
                0x000000000002c26c       0x11 Output/Release/Obj/ble_app_beacon_pca10056_s140/nrf_log_default_backends.o
 .rodata.nrf_log_frontend_dequeue.str1.1
                0x000000000002c27d       0x11 Output/Release/Obj/ble_app_beacon_pca10056_s140/nrf_log_frontend.o
 .rodata.str1.1
                0x000000000002c28e        0x4 Output/Release/Obj/ble_app_beacon_pca10056_s140/nrf_log_frontend.o
 .rodata.prefix_process.str1.1
                0x000000000002c292       0x32 Output/Release/Obj/ble_app_beacon_pca10056_s140/nrf_log_str_formatter.o
 .rodata.postfix_process.str1.1
                0x000000000002c2c4       0x32 Output/Release/Obj/ble_app_beacon_pca10056_s140/nrf_log_str_formatter.o
                                          0x3 (size before relaxing)
 .rodata.nrf_log_hexdump_entry_process.str1.1
                0x000000000002c2c4        0xf Output/Release/Obj/ble_app_beacon_pca10056_s140/nrf_log_str_formatter.o
                                         0x11 (size before relaxing)
 .rodata.str1.1
                0x000000000002c2d3       0x4b Output/Release/Obj/ble_app_beacon_pca10056_s140/nrf_log_str_formatter.o
                                         0x51 (size before relaxing)
 *fill*         0x000000000002c31e        0x2 
 .rodata.m_colors
                0x000000000002c320       0x24 Output/Release/Obj/ble_app_beacon_pca10056_s140/nrf_log_str_formatter.o
 .rodata.severity_names
                0x000000000002c344       0x14 Output/Release/Obj/ble_app_beacon_pca10056_s140/nrf_log_str_formatter.o
 .rodata.str1.1
                0x000000000002c358        0xb Output/Release/Obj/ble_app_beacon_pca10056_s140/app_button.o
 *fill*         0x000000000002c363        0x1 
 .rodata.m_detection_delay_timer_id
                0x000000000002c364        0x4 Output/Release/Obj/ble_app_beacon_pca10056_s140/app_button.o
 .rodata.app_error_fault_handler.str1.1
                0x000000000002c368       0x19 Output/Release/Obj/ble_app_beacon_pca10056_s140/app_error_weak.o
 .rodata.str1.1
                0x000000000002c381        0xa Output/Release/Obj/ble_app_beacon_pca10056_s140/app_timer2.o
 *fill*         0x000000000002c38b        0x1 
 .rodata        0x000000000002c38c        0x4 Output/Release/Obj/ble_app_beacon_pca10056_s140/app_timer2.o
 .rodata.m_app_timer_sortlist
                0x000000000002c390        0xc Output/Release/Obj/ble_app_beacon_pca10056_s140/app_timer2.o
 .rodata.drv_rtc_init.str1.1
                0x000000000002c39c       0x34 Output/Release/Obj/ble_app_beacon_pca10056_s140/drv_rtc.o
 .rodata.delay_machine_code.0
                0x000000000002c3d0        0x6 Output/Release/Obj/ble_app_beacon_pca10056_s140/drv_rtc.o
 .rodata._aV2C.0
                0x000000000002c3d6       0x10 Output/Release/Obj/ble_app_beacon_pca10056_s140/nrf_fprintf_format.o
 .rodata.str1.1
                0x000000000002c3e6        0x9 Output/Release/Obj/ble_app_beacon_pca10056_s140/nrf_pwr_mgmt.o
 *fill*         0x000000000002c3ef        0x1 
 .rodata.pwr_mgmt_data
                0x000000000002c3f0        0xc Output/Release/Obj/ble_app_beacon_pca10056_s140/nrf_pwr_mgmt.o
 .rodata.str1.1
                0x000000000002c3fc        0x9 Output/Release/Obj/ble_app_beacon_pca10056_s140/nrf_sortlist.o
 .rodata.str1.1
                0x000000000002c405      0x3ba Output/Release/Obj/ble_app_beacon_pca10056_s140/nrf_strerror.o
 .rodata.m_unknown_str
                0x000000000002c7bf       0x13 Output/Release/Obj/ble_app_beacon_pca10056_s140/nrf_strerror.o
 *fill*         0x000000000002c7d2        0x2 
 .rodata.nrf_strerror_array
                0x000000000002c7d4      0x128 Output/Release/Obj/ble_app_beacon_pca10056_s140/nrf_strerror.o
 .rodata        0x000000000002c8fc       0x20 Output/Release/Obj/ble_app_beacon_pca10056_s140/app_uart_fifo.o
 .rodata.CSWTCH.6
                0x000000000002c91c        0x4 Output/Release/Obj/ble_app_beacon_pca10056_s140/system_nrf52840.o
 .rodata.m_board_led_list
                0x000000000002c920        0x4 Output/Release/Obj/ble_app_beacon_pca10056_s140/boards.o
 .rodata.str1.1
                0x000000000002c924        0x6 Output/Release/Obj/ble_app_beacon_pca10056_s140/nrf_drv_clock.o
 .rodata.str1.1
                0x000000000002c92a        0x6 Output/Release/Obj/ble_app_beacon_pca10056_s140/nrfx_clock.o
 .rodata.str1.1
                0x000000000002c930        0x7 Output/Release/Obj/ble_app_beacon_pca10056_s140/nrfx_gpiote.o
 .rodata.str1.1
                0x000000000002c937        0x4 Output/Release/Obj/ble_app_beacon_pca10056_s140/nrfx_prs.o
 .rodata.str1.1
                0x000000000002c93b        0x5 Output/Release/Obj/ble_app_beacon_pca10056_s140/nrfx_uart.o
 .rodata.str1.1
                0x000000000002c940        0x6 Output/Release/Obj/ble_app_beacon_pca10056_s140/nrfx_uarte.o
 *fill*         0x000000000002c946        0x2 
 .rodata.app_buttons
                0x000000000002c948       0x20 Output/Release/Obj/ble_app_beacon_pca10056_s140/bsp.o
 .rodata.m_bsp_alert_tmr
                0x000000000002c968        0x4 Output/Release/Obj/ble_app_beacon_pca10056_s140/bsp.o
 .rodata.m_bsp_button_tmr
                0x000000000002c96c        0x4 Output/Release/Obj/ble_app_beacon_pca10056_s140/bsp.o
 .rodata.m_bsp_leds_tmr
                0x000000000002c970        0x4 Output/Release/Obj/ble_app_beacon_pca10056_s140/bsp.o
 .rodata.main.str1.1
                0x000000000002c974      0x18e Output/Release/Obj/ble_app_beacon_pca10056_s140/main.o
                                        0x193 (size before relaxing)
 *fill*         0x000000000002cb02        0x2 
 .rodata        0x000000000002cb04       0x34 Output/Release/Obj/ble_app_beacon_pca10056_s140/main.o
 .rodata.str1.1
                0x000000000002cb38        0x8 Output/Release/Obj/ble_app_beacon_pca10056_s140/nrf_sdh.o
 .rodata        0x000000000002cb40        0x4 Output/Release/Obj/ble_app_beacon_pca10056_s140/nrf_sdh.o
 .rodata.sdh_req_observers
                0x000000000002cb44        0xc Output/Release/Obj/ble_app_beacon_pca10056_s140/nrf_sdh.o
 .rodata.sdh_stack_observers
                0x000000000002cb50        0xc Output/Release/Obj/ble_app_beacon_pca10056_s140/nrf_sdh.o
 .rodata.sdh_state_observers
                0x000000000002cb5c        0xc Output/Release/Obj/ble_app_beacon_pca10056_s140/nrf_sdh.o
 .rodata.nrf_sdh_ble_default_cfg_set.str1.1
                0x000000000002cb68      0x182 Output/Release/Obj/ble_app_beacon_pca10056_s140/nrf_sdh_ble.o
 .rodata.nrf_sdh_ble_enable.str1.1
                0x000000000002ccea       0xa7 Output/Release/Obj/ble_app_beacon_pca10056_s140/nrf_sdh_ble.o
 .rodata.str1.1
                0x000000000002cd91        0xc Output/Release/Obj/ble_app_beacon_pca10056_s140/nrf_sdh_ble.o
 *fill*         0x000000000002cd9d        0x3 
 .rodata.sdh_ble_observers
                0x000000000002cda0        0xc Output/Release/Obj/ble_app_beacon_pca10056_s140/nrf_sdh_ble.o
 .rodata.str1.1
                0x000000000002cdac        0xc Output/Release/Obj/ble_app_beacon_pca10056_s140/nrf_sdh_soc.o
 .rodata.sdh_soc_observers
                0x000000000002cdb8        0xc Output/Release/Obj/ble_app_beacon_pca10056_s140/nrf_sdh_soc.o
 .rodata.libc.__RAL_find_locale.str1.4
                0x000000000002cdc4        0xa C:/Program Files/SEGGER/SEGGER Embedded Studio for ARM 5.40/lib/libc_v7em_fpv4_sp_d16_hard_t_le_eabi.a(libc2.o)
 *fill*         0x000000000002cdce        0x2 
 .rodata.libc.__RAL_ascii_ctype_map
                0x000000000002cdd0       0x80 C:/Program Files/SEGGER/SEGGER Embedded Studio for ARM 5.40/lib/libc_v7em_fpv4_sp_d16_hard_t_le_eabi.a(libc2.o)
                0x000000000002cdd0                __RAL_ascii_ctype_map
 .rodata.libc.__RAL_ascii_ctype_mask
                0x000000000002ce50        0xd C:/Program Files/SEGGER/SEGGER Embedded Studio for ARM 5.40/lib/libc_v7em_fpv4_sp_d16_hard_t_le_eabi.a(libc2.o)
 *fill*         0x000000000002ce5d        0x3 
 .rodata.libc.__RAL_c_locale
                0x000000000002ce60        0xc C:/Program Files/SEGGER/SEGGER Embedded Studio for ARM 5.40/lib/libc_v7em_fpv4_sp_d16_hard_t_le_eabi.a(libc2.o)
                0x000000000002ce60                __RAL_c_locale
 .rodata.libc.__RAL_c_locale_abbrev_day_names
                0x000000000002ce6c       0x1d C:/Program Files/SEGGER/SEGGER Embedded Studio for ARM 5.40/lib/libc_v7em_fpv4_sp_d16_hard_t_le_eabi.a(libc2.o)
                0x000000000002ce6c                __RAL_c_locale_abbrev_day_names
 *fill*         0x000000000002ce89        0x3 
 .rodata.libc.__RAL_c_locale_abbrev_month_names
                0x000000000002ce8c       0x31 C:/Program Files/SEGGER/SEGGER Embedded Studio for ARM 5.40/lib/libc_v7em_fpv4_sp_d16_hard_t_le_eabi.a(libc2.o)
                0x000000000002ce8c                __RAL_c_locale_abbrev_month_names
 *fill*         0x000000000002cebd        0x3 
 .rodata.libc.__RAL_c_locale_am_pm_indicator
                0x000000000002cec0        0x7 C:/Program Files/SEGGER/SEGGER Embedded Studio for ARM 5.40/lib/libc_v7em_fpv4_sp_d16_hard_t_le_eabi.a(libc2.o)
                0x000000000002cec0                __RAL_c_locale_am_pm_indicator
 *fill*         0x000000000002cec7        0x1 
 .rodata.libc.__RAL_c_locale_data
                0x000000000002cec8       0x58 C:/Program Files/SEGGER/SEGGER Embedded Studio for ARM 5.40/lib/libc_v7em_fpv4_sp_d16_hard_t_le_eabi.a(libc2.o)
                0x000000000002cec8                __RAL_c_locale_data
 .rodata.libc.__RAL_c_locale_date_format